{"event": "limited_ssp_progress", "macrostep": 1, "time": 0.01, "steps": 10, "limited_event_evaluations": 0, "integrated_absolute_extent_defect": 0.0, "integrated_energy_weighted_flux_defect": 0.0, "minimum_event_factor": 1.0, "elapsed_seconds": 8.944193626288325}
{"event": "limited_ssp_progress", "macrostep": 10, "time": 0.1, "steps": 10, "limited_event_evaluations": 0, "integrated_absolute_extent_defect": 0.0, "integrated_energy_weighted_flux_defect": 0.0, "minimum_event_factor": 1.0, "elapsed_seconds": 32.022260709200054}
{
  "status": "COMPLETED_NOT_YET_ADJUDICATED",
  "runtime_seconds": 46.35049419477582,
  "energy_ledger_scaled_max": 0.0,
  "instantaneous_residual_max": 4.388207647638995e-20,
  "rhs_calls": 42,
  "final": {
    "amplitudes": [
      0.9997939058327783,
      0.9167094491431231
    ],
    "electron_energy": [
      -0.4995355465024318,
      -0.3504458948088348
    ],
    "excitation_energy": [
      0.00046441102568051855,
      0.002150493392634255
    ],
    "phonon_energy": [
      0.0018936258076644493,
      0.0018936258076644493
    ],
    "temperatures": [
      0.12,
      0.12
    ],
    "forces": [
      -6.494371013188172e-17,
      7.37257477290143e-17
    ],
    "escape": [
      -3.533291819050219e-21,
      -3.533291819050219e-21
    ],
    "input": [
      0.0,
      0.0
    ],
    "electron_to_phonon": [
      2.681954608418125e-24,
      1.988504960816688e-23
    ],
    "condensate_heat": [
      8.306795561571207e-35,
      1.1667927799322458e-34
    ],
    "transport": -1.2031524883339492e-22,
    "total": -0.8461941896959377,
    "conserved": -0.8461941896959377,
    "minimum_electron": 3.4229638806098747e-44,
    "maximum_electron": 0.4662757844824898,
    "minimum_phonon": 3.338237795365009e-15
  }
}
{"event": "INTEGRATION_RECORD_SAVED", "status": "COMPLETED_NOT_YET_ADJUDICATED", "output": "/home/jdiaz/pysnspd/tmp/stage2_special_20260922/special_equilibrium_two.json", "elapsed_seconds": 46.3522554570809}
