{"event": "limited_ssp_progress", "macrostep": 1, "time": 0.0125, "steps": 1, "limited_event_evaluations": 884, "integrated_absolute_extent_defect": 2.9410616494515064e-23, "integrated_energy_weighted_flux_defect": 8.917973331203244e-23, "minimum_event_factor": 2.108383108248024e-18, "elapsed_seconds": 32.11029123514891}
{
  "status": "COMPLETED_NOT_YET_ADJUDICATED",
  "runtime_seconds": 43.87521573668346,
  "energy_ledger_scaled_max": 6.757813753033304e-10,
  "instantaneous_residual_max": 1.3843093337151542e-14,
  "rhs_calls": 6,
  "final": {
    "amplitudes": [
      0.5529273152062744,
      0.9502557825105726
    ],
    "electron_energy": [
      0.0547970328065312,
      -0.49659354559233443
    ],
    "excitation_energy": [
      0.38881432722511905,
      0.0009735183801804439
    ],
    "phonon_energy": [
      0.15128034122167888,
      0.001893641888378364
    ],
    "temperatures": [
      0.3511649040115749,
      0.1258648651875429
    ],
    "forces": [
      -0.2805227123871877,
      -0.09616806859320512
    ],
    "escape": [
      0.00012474390478381929,
      4.3982557814052935e-12
    ],
    "input": [
      0.000125,
      0.0
    ],
    "electron_to_phonon": [
      -0.0004885406812017209,
      1.608511216979277e-08
    ],
    "condensate_heat": [
      0.0008264048494263856,
      2.4685242444397157e-05
    ],
    "transport": 0.00029374152377579507,
    "total": -0.288622529675746,
    "conserved": -0.2886227857665639,
    "minimum_electron": 9.419311898612332e-24,
    "maximum_electron": 0.4980513893630294,
    "minimum_phonon": 5.2522227359490727e-14
  }
}
{"event": "INTEGRATION_RECORD_SAVED", "status": "COMPLETED_NOT_YET_ADJUDICATED", "output": "docs/implementation/stage2/recovery_20260921/limited_continuous_first_interval.json", "elapsed_seconds": 43.87646962096915}
