{"event": "limited_ssp_progress", "macrostep": 1, "time": 0.01, "steps": 10, "limited_event_evaluations": 0, "integrated_absolute_extent_defect": 0.0, "integrated_energy_weighted_flux_defect": 0.0, "minimum_event_factor": 1.0, "elapsed_seconds": 0.830328815151006}
{"event": "limited_ssp_progress", "macrostep": 10, "time": 0.1, "steps": 10, "limited_event_evaluations": 0, "integrated_absolute_extent_defect": 0.0, "integrated_energy_weighted_flux_defect": 0.0, "minimum_event_factor": 1.0, "elapsed_seconds": 6.245278775226325}
{
  "status": "COMPLETED_NOT_YET_ADJUDICATED",
  "runtime_seconds": 7.824470923282206,
  "energy_ledger_scaled_max": 9.436917164373781e-09,
  "instantaneous_residual_max": 1.6028844918025698e-15,
  "rhs_calls": 42,
  "final": {
    "amplitudes": [
      0.6255095571070466
    ],
    "electron_energy": [
      0.07512003228793462
    ],
    "excitation_energy": [
      0.45432692939079256
    ],
    "phonon_energy": [
      0.14840082070093108
    ],
    "temperatures": [
      0.382831386664318
    ],
    "forces": [
      -0.2900428521352485
    ],
    "escape": [
      0.0
    ],
    "input": [
      0.0
    ],
    "electron_to_phonon": [
      -0.0034928051067332506
    ],
    "condensate_heat": [
      0.008089153898029583
    ],
    "transport": 0.0,
    "total": 0.2235208529888657,
    "conserved": 0.2235208529888657,
    "minimum_electron": 3.1918595048531895e-14,
    "maximum_electron": 0.47767882609051865,
    "minimum_phonon": 0.0015554078476093121
  }
}
{"event": "INTEGRATION_RECORD_SAVED", "status": "COMPLETED_NOT_YET_ADJUDICATED", "output": "/home/jdiaz/pysnspd/docs/implementation/stage2/recovery_20260921/one_ssp_short_10.json", "elapsed_seconds": 7.826037627179176}
