{"event": "limited_ssp_progress", "macrostep": 1, "time": 0.0025, "steps": 40, "limited_event_evaluations": 0, "integrated_absolute_extent_defect": 0.0, "integrated_energy_weighted_flux_defect": 0.0, "minimum_event_factor": 1.0, "elapsed_seconds": 0.8289620350115001}
{"event": "limited_ssp_progress", "macrostep": 10, "time": 0.025, "steps": 40, "limited_event_evaluations": 0, "integrated_absolute_extent_defect": 0.0, "integrated_energy_weighted_flux_defect": 0.0, "minimum_event_factor": 1.0, "elapsed_seconds": 6.250597285106778}
{"event": "limited_ssp_progress", "macrostep": 20, "time": 0.05, "steps": 40, "limited_event_evaluations": 0, "integrated_absolute_extent_defect": 0.0, "integrated_energy_weighted_flux_defect": 0.0, "minimum_event_factor": 1.0, "elapsed_seconds": 12.344565528910607}
{"event": "limited_ssp_progress", "macrostep": 30, "time": 0.075, "steps": 40, "limited_event_evaluations": 0, "integrated_absolute_extent_defect": 0.0, "integrated_energy_weighted_flux_defect": 0.0, "minimum_event_factor": 1.0, "elapsed_seconds": 18.47124999994412}
{"event": "limited_ssp_progress", "macrostep": 40, "time": 0.1, "steps": 40, "limited_event_evaluations": 0, "integrated_absolute_extent_defect": 0.0, "integrated_energy_weighted_flux_defect": 0.0, "minimum_event_factor": 1.0, "elapsed_seconds": 24.601479650940746}
{
  "status": "COMPLETED_NOT_YET_ADJUDICATED",
  "runtime_seconds": 26.21543556964025,
  "energy_ledger_scaled_max": 1.4590523234048192e-10,
  "instantaneous_residual_max": 1.6028844918025698e-15,
  "rhs_calls": 132,
  "final": {
    "amplitudes": [
      0.6255095512722297
    ],
    "electron_energy": [
      0.07512001708844912
    ],
    "excitation_energy": [
      0.45432691076647963
    ],
    "phonon_energy": [
      0.14840082660940465
    ],
    "temperatures": [
      0.3828313796464219
    ],
    "forces": [
      -0.2900428737561938
    ],
    "escape": [
      0.0
    ],
    "input": [
      0.0
    ],
    "electron_to_phonon": [
      -0.003492799198259362
    ],
    "condensate_heat": [
      0.00808914628372556
    ],
    "transport": 0.0,
    "total": 0.22352084369785377,
    "conserved": 0.22352084369785377,
    "minimum_electron": 3.191450271350158e-14,
    "maximum_electron": 0.47767882559974467,
    "minimum_phonon": 0.001555963495190488
  }
}
{"event": "INTEGRATION_RECORD_SAVED", "status": "COMPLETED_NOT_YET_ADJUDICATED", "output": "/home/jdiaz/pysnspd/docs/implementation/stage2/recovery_20260921/one_ssp_short_40.json", "elapsed_seconds": 26.218474559951574}
