{"event": "limited_ssp_progress", "macrostep": 1, "time": 0.005, "steps": 20, "limited_event_evaluations": 0, "integrated_absolute_extent_defect": 0.0, "integrated_energy_weighted_flux_defect": 0.0, "minimum_event_factor": 1.0, "elapsed_seconds": 0.8345327679999173}
{"event": "limited_ssp_progress", "macrostep": 10, "time": 0.05, "steps": 20, "limited_event_evaluations": 0, "integrated_absolute_extent_defect": 0.0, "integrated_energy_weighted_flux_defect": 0.0, "minimum_event_factor": 1.0, "elapsed_seconds": 6.263791840989143}
{"event": "limited_ssp_progress", "macrostep": 20, "time": 0.1, "steps": 20, "limited_event_evaluations": 0, "integrated_absolute_extent_defect": 0.0, "integrated_energy_weighted_flux_defect": 0.0, "minimum_event_factor": 1.0, "elapsed_seconds": 12.324532165192068}
{
  "status": "COMPLETED_NOT_YET_ADJUDICATED",
  "runtime_seconds": 13.911561004817486,
  "energy_ledger_scaled_max": 1.1714817726993232e-09,
  "instantaneous_residual_max": 1.6028844918025698e-15,
  "rhs_calls": 72,
  "final": {
    "amplitudes": [
      0.6255095519122378
    ],
    "electron_energy": [
      0.07512002023811776
    ],
    "excitation_energy": [
      0.45432691429180994
    ],
    "phonon_energy": [
      0.14840082448531255
    ],
    "temperatures": [
      0.3828313809197113
    ],
    "forces": [
      -0.29004287099601833
    ],
    "escape": [
      0.0
    ],
    "input": [
      0.0
    ],
    "electron_to_phonon": [
      -0.0034928013223516526
    ],
    "condensate_heat": [
      0.008089147118442505
    ],
    "transport": 0.0,
    "total": 0.2235208447234303,
    "conserved": 0.2235208447234303,
    "minimum_electron": 3.1914791847508765e-14,
    "maximum_electron": 0.47767882566404357,
    "minimum_phonon": 0.001555947371978188
  }
}
{"event": "INTEGRATION_RECORD_SAVED", "status": "COMPLETED_NOT_YET_ADJUDICATED", "output": "/home/jdiaz/pysnspd/docs/implementation/stage2/recovery_20260921/one_ssp_short_20.json", "elapsed_seconds": 13.913605591282248}
