{"event": "limited_ssp_progress", "macrostep": 1, "time": 0.005, "steps": 40, "limited_event_evaluations": 0, "integrated_absolute_extent_defect": 0.0, "integrated_energy_weighted_flux_defect": 0.0, "minimum_event_factor": 1.0, "elapsed_seconds": 0.8399533010087907}
{"event": "limited_ssp_progress", "macrostep": 10, "time": 0.05, "steps": 40, "limited_event_evaluations": 0, "integrated_absolute_extent_defect": 0.0, "integrated_energy_weighted_flux_defect": 0.0, "minimum_event_factor": 1.0, "elapsed_seconds": 6.281654828228056}
{"event": "limited_ssp_progress", "macrostep": 20, "time": 0.1, "steps": 40, "limited_event_evaluations": 0, "integrated_absolute_extent_defect": 0.0, "integrated_energy_weighted_flux_defect": 0.0, "minimum_event_factor": 1.0, "elapsed_seconds": 12.36856132093817}
{"event": "limited_ssp_progress", "macrostep": 30, "time": 0.15, "steps": 40, "limited_event_evaluations": 0, "integrated_absolute_extent_defect": 0.0, "integrated_energy_weighted_flux_defect": 0.0, "minimum_event_factor": 1.0, "elapsed_seconds": 18.459711825940758}
{"event": "limited_ssp_progress", "macrostep": 40, "time": 0.2, "steps": 40, "limited_event_evaluations": 0, "integrated_absolute_extent_defect": 0.0, "integrated_energy_weighted_flux_defect": 0.0, "minimum_event_factor": 1.0, "elapsed_seconds": 24.57289707614109}
{
  "status": "COMPLETED_NOT_YET_ADJUDICATED",
  "runtime_seconds": 26.18565369071439,
  "energy_ledger_scaled_max": 2.815587762938776e-10,
  "instantaneous_residual_max": 3.903127820947816e-16,
  "rhs_calls": 132,
  "final": {
    "amplitudes": [
      0.616805658767895
    ],
    "electron_energy": [
      0.4035220062954298
    ],
    "excitation_energy": [
      0.7775801679558239
    ],
    "phonon_energy": [
      0.15339030808408385
    ],
    "temperatures": [
      0.4801563222120427
    ],
    "forces": [
      -0.07084282799797748
    ],
    "escape": [
      0.0
    ],
    "input": [
      0.0
    ],
    "electron_to_phonon": [
      0.0014966822764198545
    ],
    "condensate_heat": [
      0.0015394248705356357
    ],
    "transport": 0.0,
    "total": 0.5569123143795136,
    "conserved": 0.5569123143795136,
    "minimum_electron": 4.1110969648279645e-12,
    "maximum_electron": 0.7772533798581458,
    "minimum_phonon": 0.0014658075876113705
  }
}
{"event": "INTEGRATION_RECORD_SAVED", "status": "COMPLETED_NOT_YET_ADJUDICATED", "output": "/home/jdiaz/pysnspd/tmp/stage2_guarded_acceptance_20260922/guarded_special_sparse_electrons_one.json", "elapsed_seconds": 26.18857556208968}
