{"event": "limited_ssp_progress", "macrostep": 1, "time": 0.005, "steps": 40, "limited_event_evaluations": 0, "integrated_absolute_extent_defect": 0.0, "integrated_energy_weighted_flux_defect": 0.0, "minimum_event_factor": 1.0, "elapsed_seconds": 0.8322855611331761}
{"event": "limited_ssp_progress", "macrostep": 10, "time": 0.05, "steps": 40, "limited_event_evaluations": 0, "integrated_absolute_extent_defect": 0.0, "integrated_energy_weighted_flux_defect": 0.0, "minimum_event_factor": 1.0, "elapsed_seconds": 6.1385849001817405}
{"event": "limited_ssp_progress", "macrostep": 20, "time": 0.1, "steps": 40, "limited_event_evaluations": 0, "integrated_absolute_extent_defect": 0.0, "integrated_energy_weighted_flux_defect": 0.0, "minimum_event_factor": 1.0, "elapsed_seconds": 11.992831459268928}
{"event": "limited_ssp_progress", "macrostep": 30, "time": 0.15, "steps": 40, "limited_event_evaluations": 0, "integrated_absolute_extent_defect": 0.0, "integrated_energy_weighted_flux_defect": 0.0, "minimum_event_factor": 1.0, "elapsed_seconds": 17.840345825068653}
{"event": "limited_ssp_progress", "macrostep": 40, "time": 0.2, "steps": 40, "limited_event_evaluations": 0, "integrated_absolute_extent_defect": 0.0, "integrated_energy_weighted_flux_defect": 0.0, "minimum_event_factor": 1.0, "elapsed_seconds": 23.651932063046843}
{
  "status": "COMPLETED_NOT_YET_ADJUDICATED",
  "runtime_seconds": 25.16271828627214,
  "energy_ledger_scaled_max": 1.905070698415834e-09,
  "instantaneous_residual_max": 2.779027008514845e-15,
  "rhs_calls": 132,
  "final": {
    "amplitudes": [
      0.6468903583721314
    ],
    "electron_energy": [
      0.06689144249343071
    ],
    "excitation_energy": [
      0.45840028109060316
    ],
    "phonon_energy": [
      0.00473577715592409
    ],
    "temperatures": [
      0.3867762034011151
    ],
    "forces": [
      -0.24865398069756212
    ],
    "escape": [
      0.0
    ],
    "input": [
      0.0
    ],
    "electron_to_phonon": [
      0.004735777155924088
    ],
    "condensate_heat": [
      0.01388782258296848
    ],
    "transport": 0.0,
    "total": 0.0716272196493548,
    "conserved": 0.0716272196493548,
    "minimum_electron": 1.1697764152414705e-14,
    "maximum_electron": 0.47958133655133006,
    "minimum_phonon": 3.7063646537644326e-09
  }
}
{"event": "INTEGRATION_RECORD_SAVED", "status": "COMPLETED_NOT_YET_ADJUDICATED", "output": "/home/jdiaz/pysnspd/tmp/stage2_guarded_acceptance_20260922/guarded_special_phonon_vacuum_one.json", "elapsed_seconds": 25.16569418925792}
