{"event": "limited_ssp_progress", "macrostep": 1, "time": 0.0015625, "steps": 1280, "limited_event_evaluations": 0, "integrated_absolute_extent_defect": 0.0, "integrated_energy_weighted_flux_defect": 0.0, "minimum_event_factor": 1.0, "elapsed_seconds": 0.8511209641583264}
{"event": "limited_ssp_progress", "macrostep": 10, "time": 0.015625, "steps": 1280, "limited_event_evaluations": 0, "integrated_absolute_extent_defect": 0.0, "integrated_energy_weighted_flux_defect": 0.0, "minimum_event_factor": 1.0, "elapsed_seconds": 6.365019727032632}
{"event": "limited_ssp_progress", "macrostep": 20, "time": 0.03125, "steps": 1280, "limited_event_evaluations": 0, "integrated_absolute_extent_defect": 0.0, "integrated_energy_weighted_flux_defect": 0.0, "minimum_event_factor": 1.0, "elapsed_seconds": 12.50016802502796}
{"event": "limited_ssp_progress", "macrostep": 30, "time": 0.046875, "steps": 1280, "limited_event_evaluations": 0, "integrated_absolute_extent_defect": 0.0, "integrated_energy_weighted_flux_defect": 0.0, "minimum_event_factor": 1.0, "elapsed_seconds": 18.61628393502906}
{"event": "limited_ssp_progress", "macrostep": 40, "time": 0.0625, "steps": 1280, "limited_event_evaluations": 0, "integrated_absolute_extent_defect": 0.0, "integrated_energy_weighted_flux_defect": 0.0, "minimum_event_factor": 1.0, "elapsed_seconds": 24.752759189810604}
{"event": "limited_ssp_progress", "macrostep": 50, "time": 0.078125, "steps": 1280, "limited_event_evaluations": 0, "integrated_absolute_extent_defect": 0.0, "integrated_energy_weighted_flux_defect": 0.0, "minimum_event_factor": 1.0, "elapsed_seconds": 30.88360355887562}
{"event": "limited_ssp_progress", "macrostep": 60, "time": 0.09375, "steps": 1280, "limited_event_evaluations": 0, "integrated_absolute_extent_defect": 0.0, "integrated_energy_weighted_flux_defect": 0.0, "minimum_event_factor": 1.0, "elapsed_seconds": 37.02944936789572}
{"event": "limited_ssp_progress", "macrostep": 70, "time": 0.109375, "steps": 1280, "limited_event_evaluations": 0, "integrated_absolute_extent_defect": 0.0, "integrated_energy_weighted_flux_defect": 0.0, "minimum_event_factor": 1.0, "elapsed_seconds": 43.16471253382042}
{"event": "limited_ssp_progress", "macrostep": 80, "time": 0.125, "steps": 1280, "limited_event_evaluations": 0, "integrated_absolute_extent_defect": 0.0, "integrated_energy_weighted_flux_defect": 0.0, "minimum_event_factor": 1.0, "elapsed_seconds": 49.31146926479414}
{"event": "limited_ssp_progress", "macrostep": 90, "time": 0.140625, "steps": 1280, "limited_event_evaluations": 0, "integrated_absolute_extent_defect": 0.0, "integrated_energy_weighted_flux_defect": 0.0, "minimum_event_factor": 1.0, "elapsed_seconds": 55.45110539114103}
{"event": "limited_ssp_progress", "macrostep": 100, "time": 0.15625, "steps": 1280, "limited_event_evaluations": 0, "integrated_absolute_extent_defect": 0.0, "integrated_energy_weighted_flux_defect": 0.0, "minimum_event_factor": 1.0, "elapsed_seconds": 61.579656715039164}
{"event": "limited_ssp_progress", "macrostep": 110, "time": 0.171875, "steps": 1280, "limited_event_evaluations": 0, "integrated_absolute_extent_defect": 0.0, "integrated_energy_weighted_flux_defect": 0.0, "minimum_event_factor": 1.0, "elapsed_seconds": 67.72574287699535}
{"event": "limited_ssp_progress", "macrostep": 120, "time": 0.1875, "steps": 1280, "limited_event_evaluations": 0, "integrated_absolute_extent_defect": 0.0, "integrated_energy_weighted_flux_defect": 0.0, "minimum_event_factor": 1.0, "elapsed_seconds": 73.85068315407261}
{"event": "limited_ssp_progress", "macrostep": 130, "time": 0.203125, "steps": 1280, "limited_event_evaluations": 0, "integrated_absolute_extent_defect": 0.0, "integrated_energy_weighted_flux_defect": 0.0, "minimum_event_factor": 1.0, "elapsed_seconds": 79.99308488005772}
{"event": "limited_ssp_progress", "macrostep": 140, "time": 0.21875, "steps": 1280, "limited_event_evaluations": 0, "integrated_absolute_extent_defect": 0.0, "integrated_energy_weighted_flux_defect": 0.0, "minimum_event_factor": 1.0, "elapsed_seconds": 86.1021857210435}
{"event": "limited_ssp_progress", "macrostep": 150, "time": 0.234375, "steps": 1280, "limited_event_evaluations": 0, "integrated_absolute_extent_defect": 0.0, "integrated_energy_weighted_flux_defect": 0.0, "minimum_event_factor": 1.0, "elapsed_seconds": 92.21244729077443}
{"event": "limited_ssp_progress", "macrostep": 160, "time": 0.25, "steps": 1280, "limited_event_evaluations": 0, "integrated_absolute_extent_defect": 0.0, "integrated_energy_weighted_flux_defect": 0.0, "minimum_event_factor": 1.0, "elapsed_seconds": 98.3184562320821}
{"event": "limited_ssp_progress", "macrostep": 170, "time": 0.265625, "steps": 1280, "limited_event_evaluations": 0, "integrated_absolute_extent_defect": 0.0, "integrated_energy_weighted_flux_defect": 0.0, "minimum_event_factor": 1.0, "elapsed_seconds": 104.44291404401883}
{"event": "limited_ssp_progress", "macrostep": 180, "time": 0.28125, "steps": 1280, "limited_event_evaluations": 0, "integrated_absolute_extent_defect": 0.0, "integrated_energy_weighted_flux_defect": 0.0, "minimum_event_factor": 1.0, "elapsed_seconds": 110.55127062415704}
{"event": "limited_ssp_progress", "macrostep": 190, "time": 0.296875, "steps": 1280, "limited_event_evaluations": 0, "integrated_absolute_extent_defect": 0.0, "integrated_energy_weighted_flux_defect": 0.0, "minimum_event_factor": 1.0, "elapsed_seconds": 116.67599534988403}
{"event": "limited_ssp_progress", "macrostep": 200, "time": 0.3125, "steps": 1280, "limited_event_evaluations": 0, "integrated_absolute_extent_defect": 0.0, "integrated_energy_weighted_flux_defect": 0.0, "minimum_event_factor": 1.0, "elapsed_seconds": 122.79060797812417}
{"event": "limited_ssp_progress", "macrostep": 210, "time": 0.328125, "steps": 1280, "limited_event_evaluations": 0, "integrated_absolute_extent_defect": 0.0, "integrated_energy_weighted_flux_defect": 0.0, "minimum_event_factor": 1.0, "elapsed_seconds": 128.87368772178888}
{"event": "limited_ssp_progress", "macrostep": 220, "time": 0.34375, "steps": 1280, "limited_event_evaluations": 0, "integrated_absolute_extent_defect": 0.0, "integrated_energy_weighted_flux_defect": 0.0, "minimum_event_factor": 1.0, "elapsed_seconds": 134.98223927011713}
{"event": "limited_ssp_progress", "macrostep": 230, "time": 0.359375, "steps": 1280, "limited_event_evaluations": 0, "integrated_absolute_extent_defect": 0.0, "integrated_energy_weighted_flux_defect": 0.0, "minimum_event_factor": 1.0, "elapsed_seconds": 141.0797667587176}
{"event": "limited_ssp_progress", "macrostep": 240, "time": 0.375, "steps": 1280, "limited_event_evaluations": 0, "integrated_absolute_extent_defect": 0.0, "integrated_energy_weighted_flux_defect": 0.0, "minimum_event_factor": 1.0, "elapsed_seconds": 147.1875546760857}
{"event": "limited_ssp_progress", "macrostep": 250, "time": 0.390625, "steps": 1280, "limited_event_evaluations": 0, "integrated_absolute_extent_defect": 0.0, "integrated_energy_weighted_flux_defect": 0.0, "minimum_event_factor": 1.0, "elapsed_seconds": 153.26498482609168}
{"event": "limited_ssp_progress", "macrostep": 260, "time": 0.40625, "steps": 1280, "limited_event_evaluations": 0, "integrated_absolute_extent_defect": 0.0, "integrated_energy_weighted_flux_defect": 0.0, "minimum_event_factor": 1.0, "elapsed_seconds": 159.3713264237158}
{"event": "limited_ssp_progress", "macrostep": 270, "time": 0.421875, "steps": 1280, "limited_event_evaluations": 0, "integrated_absolute_extent_defect": 0.0, "integrated_energy_weighted_flux_defect": 0.0, "minimum_event_factor": 1.0, "elapsed_seconds": 165.44950792985037}
{"event": "limited_ssp_progress", "macrostep": 280, "time": 0.4375, "steps": 1280, "limited_event_evaluations": 0, "integrated_absolute_extent_defect": 0.0, "integrated_energy_weighted_flux_defect": 0.0, "minimum_event_factor": 1.0, "elapsed_seconds": 171.55425422871485}
{"event": "limited_ssp_progress", "macrostep": 290, "time": 0.453125, "steps": 1280, "limited_event_evaluations": 0, "integrated_absolute_extent_defect": 0.0, "integrated_energy_weighted_flux_defect": 0.0, "minimum_event_factor": 1.0, "elapsed_seconds": 177.6556736449711}
{"event": "limited_ssp_progress", "macrostep": 300, "time": 0.46875, "steps": 1280, "limited_event_evaluations": 0, "integrated_absolute_extent_defect": 0.0, "integrated_energy_weighted_flux_defect": 0.0, "minimum_event_factor": 1.0, "elapsed_seconds": 183.73556127399206}
{"event": "limited_ssp_progress", "macrostep": 310, "time": 0.484375, "steps": 1280, "limited_event_evaluations": 0, "integrated_absolute_extent_defect": 0.0, "integrated_energy_weighted_flux_defect": 0.0, "minimum_event_factor": 1.0, "elapsed_seconds": 189.8553912048228}
{"event": "limited_ssp_progress", "macrostep": 320, "time": 0.5, "steps": 1280, "limited_event_evaluations": 0, "integrated_absolute_extent_defect": 0.0, "integrated_energy_weighted_flux_defect": 0.0, "minimum_event_factor": 1.0, "elapsed_seconds": 195.94119055988267}
{"event": "limited_ssp_progress", "macrostep": 330, "time": 0.515625, "steps": 1280, "limited_event_evaluations": 0, "integrated_absolute_extent_defect": 0.0, "integrated_energy_weighted_flux_defect": 0.0, "minimum_event_factor": 1.0, "elapsed_seconds": 202.05624142615125}
{"event": "limited_ssp_progress", "macrostep": 340, "time": 0.53125, "steps": 1280, "limited_event_evaluations": 0, "integrated_absolute_extent_defect": 0.0, "integrated_energy_weighted_flux_defect": 0.0, "minimum_event_factor": 1.0, "elapsed_seconds": 208.13893626397476}
{"event": "limited_ssp_progress", "macrostep": 350, "time": 0.546875, "steps": 1280, "limited_event_evaluations": 0, "integrated_absolute_extent_defect": 0.0, "integrated_energy_weighted_flux_defect": 0.0, "minimum_event_factor": 1.0, "elapsed_seconds": 214.23447089409456}
{"event": "limited_ssp_progress", "macrostep": 360, "time": 0.5625, "steps": 1280, "limited_event_evaluations": 0, "integrated_absolute_extent_defect": 0.0, "integrated_energy_weighted_flux_defect": 0.0, "minimum_event_factor": 1.0, "elapsed_seconds": 220.31871927902102}
{"event": "limited_ssp_progress", "macrostep": 370, "time": 0.578125, "steps": 1280, "limited_event_evaluations": 0, "integrated_absolute_extent_defect": 0.0, "integrated_energy_weighted_flux_defect": 0.0, "minimum_event_factor": 1.0, "elapsed_seconds": 226.43270336696878}
{"event": "limited_ssp_progress", "macrostep": 380, "time": 0.59375, "steps": 1280, "limited_event_evaluations": 0, "integrated_absolute_extent_defect": 0.0, "integrated_energy_weighted_flux_defect": 0.0, "minimum_event_factor": 1.0, "elapsed_seconds": 232.51324445707723}
{"event": "limited_ssp_progress", "macrostep": 390, "time": 0.609375, "steps": 1280, "limited_event_evaluations": 0, "integrated_absolute_extent_defect": 0.0, "integrated_energy_weighted_flux_defect": 0.0, "minimum_event_factor": 1.0, "elapsed_seconds": 238.6019295239821}
{"event": "limited_ssp_progress", "macrostep": 400, "time": 0.625, "steps": 1280, "limited_event_evaluations": 0, "integrated_absolute_extent_defect": 0.0, "integrated_energy_weighted_flux_defect": 0.0, "minimum_event_factor": 1.0, "elapsed_seconds": 244.69507352588698}
{"event": "limited_ssp_progress", "macrostep": 410, "time": 0.640625, "steps": 1280, "limited_event_evaluations": 0, "integrated_absolute_extent_defect": 0.0, "integrated_energy_weighted_flux_defect": 0.0, "minimum_event_factor": 1.0, "elapsed_seconds": 250.77544216485694}
{"event": "limited_ssp_progress", "macrostep": 420, "time": 0.65625, "steps": 1280, "limited_event_evaluations": 0, "integrated_absolute_extent_defect": 0.0, "integrated_energy_weighted_flux_defect": 0.0, "minimum_event_factor": 1.0, "elapsed_seconds": 256.8670535031706}
{"event": "limited_ssp_progress", "macrostep": 430, "time": 0.671875, "steps": 1280, "limited_event_evaluations": 0, "integrated_absolute_extent_defect": 0.0, "integrated_energy_weighted_flux_defect": 0.0, "minimum_event_factor": 1.0, "elapsed_seconds": 262.9441981879063}
{"event": "limited_ssp_progress", "macrostep": 440, "time": 0.6875, "steps": 1280, "limited_event_evaluations": 0, "integrated_absolute_extent_defect": 0.0, "integrated_energy_weighted_flux_defect": 0.0, "minimum_event_factor": 1.0, "elapsed_seconds": 269.04151664394885}
{"event": "limited_ssp_progress", "macrostep": 450, "time": 0.703125, "steps": 1280, "limited_event_evaluations": 0, "integrated_absolute_extent_defect": 0.0, "integrated_energy_weighted_flux_defect": 0.0, "minimum_event_factor": 1.0, "elapsed_seconds": 275.11514069512486}
{"event": "limited_ssp_progress", "macrostep": 460, "time": 0.71875, "steps": 1280, "limited_event_evaluations": 0, "integrated_absolute_extent_defect": 0.0, "integrated_energy_weighted_flux_defect": 0.0, "minimum_event_factor": 1.0, "elapsed_seconds": 281.1964174238965}
{"event": "limited_ssp_progress", "macrostep": 470, "time": 0.734375, "steps": 1280, "limited_event_evaluations": 0, "integrated_absolute_extent_defect": 0.0, "integrated_energy_weighted_flux_defect": 0.0, "minimum_event_factor": 1.0, "elapsed_seconds": 287.2698038308881}
{"event": "limited_ssp_progress", "macrostep": 480, "time": 0.75, "steps": 1280, "limited_event_evaluations": 0, "integrated_absolute_extent_defect": 0.0, "integrated_energy_weighted_flux_defect": 0.0, "minimum_event_factor": 1.0, "elapsed_seconds": 293.3600174379535}
{"event": "limited_ssp_progress", "macrostep": 490, "time": 0.765625, "steps": 1280, "limited_event_evaluations": 0, "integrated_absolute_extent_defect": 0.0, "integrated_energy_weighted_flux_defect": 0.0, "minimum_event_factor": 1.0, "elapsed_seconds": 299.45956107694656}
{"event": "limited_ssp_progress", "macrostep": 500, "time": 0.78125, "steps": 1280, "limited_event_evaluations": 0, "integrated_absolute_extent_defect": 0.0, "integrated_energy_weighted_flux_defect": 0.0, "minimum_event_factor": 1.0, "elapsed_seconds": 305.5442462428473}
{"event": "limited_ssp_progress", "macrostep": 510, "time": 0.796875, "steps": 1280, "limited_event_evaluations": 0, "integrated_absolute_extent_defect": 0.0, "integrated_energy_weighted_flux_defect": 0.0, "minimum_event_factor": 1.0, "elapsed_seconds": 311.6341311018914}
{"event": "limited_ssp_progress", "macrostep": 520, "time": 0.8125, "steps": 1280, "limited_event_evaluations": 0, "integrated_absolute_extent_defect": 0.0, "integrated_energy_weighted_flux_defect": 0.0, "minimum_event_factor": 1.0, "elapsed_seconds": 317.70975265000015}
{"event": "limited_ssp_progress", "macrostep": 530, "time": 0.828125, "steps": 1280, "limited_event_evaluations": 0, "integrated_absolute_extent_defect": 0.0, "integrated_energy_weighted_flux_defect": 0.0, "minimum_event_factor": 1.0, "elapsed_seconds": 323.80311484914273}
{"event": "limited_ssp_progress", "macrostep": 540, "time": 0.84375, "steps": 1280, "limited_event_evaluations": 0, "integrated_absolute_extent_defect": 0.0, "integrated_energy_weighted_flux_defect": 0.0, "minimum_event_factor": 1.0, "elapsed_seconds": 329.88135177316144}
{"event": "limited_ssp_progress", "macrostep": 550, "time": 0.859375, "steps": 1280, "limited_event_evaluations": 0, "integrated_absolute_extent_defect": 0.0, "integrated_energy_weighted_flux_defect": 0.0, "minimum_event_factor": 1.0, "elapsed_seconds": 335.9707678039558}
{"event": "limited_ssp_progress", "macrostep": 560, "time": 0.875, "steps": 1280, "limited_event_evaluations": 0, "integrated_absolute_extent_defect": 0.0, "integrated_energy_weighted_flux_defect": 0.0, "minimum_event_factor": 1.0, "elapsed_seconds": 342.0485272509977}
{"event": "limited_ssp_progress", "macrostep": 570, "time": 0.890625, "steps": 1280, "limited_event_evaluations": 0, "integrated_absolute_extent_defect": 0.0, "integrated_energy_weighted_flux_defect": 0.0, "minimum_event_factor": 1.0, "elapsed_seconds": 348.13741708314046}
{"event": "limited_ssp_progress", "macrostep": 580, "time": 0.90625, "steps": 1280, "limited_event_evaluations": 0, "integrated_absolute_extent_defect": 0.0, "integrated_energy_weighted_flux_defect": 0.0, "minimum_event_factor": 1.0, "elapsed_seconds": 354.2127328040078}
{"event": "limited_ssp_progress", "macrostep": 590, "time": 0.921875, "steps": 1280, "limited_event_evaluations": 0, "integrated_absolute_extent_defect": 0.0, "integrated_energy_weighted_flux_defect": 0.0, "minimum_event_factor": 1.0, "elapsed_seconds": 360.3046453590505}
{"event": "limited_ssp_progress", "macrostep": 600, "time": 0.9375, "steps": 1280, "limited_event_evaluations": 0, "integrated_absolute_extent_defect": 0.0, "integrated_energy_weighted_flux_defect": 0.0, "minimum_event_factor": 1.0, "elapsed_seconds": 366.3791978629306}
{"event": "limited_ssp_progress", "macrostep": 610, "time": 0.953125, "steps": 1280, "limited_event_evaluations": 0, "integrated_absolute_extent_defect": 0.0, "integrated_energy_weighted_flux_defect": 0.0, "minimum_event_factor": 1.0, "elapsed_seconds": 372.43831940414384}
{"event": "limited_ssp_progress", "macrostep": 620, "time": 0.96875, "steps": 1280, "limited_event_evaluations": 0, "integrated_absolute_extent_defect": 0.0, "integrated_energy_weighted_flux_defect": 0.0, "minimum_event_factor": 1.0, "elapsed_seconds": 378.5085714198649}
{"event": "limited_ssp_progress", "macrostep": 630, "time": 0.984375, "steps": 1280, "limited_event_evaluations": 0, "integrated_absolute_extent_defect": 0.0, "integrated_energy_weighted_flux_defect": 0.0, "minimum_event_factor": 1.0, "elapsed_seconds": 384.5707253110595}
{"event": "limited_ssp_progress", "macrostep": 640, "time": 1.0, "steps": 1280, "limited_event_evaluations": 0, "integrated_absolute_extent_defect": 0.0, "integrated_energy_weighted_flux_defect": 0.0, "minimum_event_factor": 1.0, "elapsed_seconds": 390.63923561479896}
{"event": "limited_ssp_progress", "macrostep": 650, "time": 1.015625, "steps": 1280, "limited_event_evaluations": 0, "integrated_absolute_extent_defect": 0.0, "integrated_energy_weighted_flux_defect": 0.0, "minimum_event_factor": 1.0, "elapsed_seconds": 396.6974899340421}
{"event": "limited_ssp_progress", "macrostep": 660, "time": 1.03125, "steps": 1280, "limited_event_evaluations": 0, "integrated_absolute_extent_defect": 0.0, "integrated_energy_weighted_flux_defect": 0.0, "minimum_event_factor": 1.0, "elapsed_seconds": 402.76919571496546}
{"event": "limited_ssp_progress", "macrostep": 670, "time": 1.046875, "steps": 1280, "limited_event_evaluations": 0, "integrated_absolute_extent_defect": 0.0, "integrated_energy_weighted_flux_defect": 0.0, "minimum_event_factor": 1.0, "elapsed_seconds": 408.8303217100911}
{"event": "limited_ssp_progress", "macrostep": 680, "time": 1.0625, "steps": 1280, "limited_event_evaluations": 0, "integrated_absolute_extent_defect": 0.0, "integrated_energy_weighted_flux_defect": 0.0, "minimum_event_factor": 1.0, "elapsed_seconds": 414.90695577673614}
{"event": "limited_ssp_progress", "macrostep": 690, "time": 1.078125, "steps": 1280, "limited_event_evaluations": 0, "integrated_absolute_extent_defect": 0.0, "integrated_energy_weighted_flux_defect": 0.0, "minimum_event_factor": 1.0, "elapsed_seconds": 420.9924397887662}
{"event": "limited_ssp_progress", "macrostep": 700, "time": 1.09375, "steps": 1280, "limited_event_evaluations": 0, "integrated_absolute_extent_defect": 0.0, "integrated_energy_weighted_flux_defect": 0.0, "minimum_event_factor": 1.0, "elapsed_seconds": 427.0673021557741}
{"event": "limited_ssp_progress", "macrostep": 710, "time": 1.109375, "steps": 1280, "limited_event_evaluations": 0, "integrated_absolute_extent_defect": 0.0, "integrated_energy_weighted_flux_defect": 0.0, "minimum_event_factor": 1.0, "elapsed_seconds": 433.1442366358824}
{"event": "limited_ssp_progress", "macrostep": 720, "time": 1.125, "steps": 1280, "limited_event_evaluations": 0, "integrated_absolute_extent_defect": 0.0, "integrated_energy_weighted_flux_defect": 0.0, "minimum_event_factor": 1.0, "elapsed_seconds": 439.1917276168242}
{"event": "limited_ssp_progress", "macrostep": 730, "time": 1.140625, "steps": 1280, "limited_event_evaluations": 0, "integrated_absolute_extent_defect": 0.0, "integrated_energy_weighted_flux_defect": 0.0, "minimum_event_factor": 1.0, "elapsed_seconds": 445.26759130880237}
{"event": "limited_ssp_progress", "macrostep": 740, "time": 1.15625, "steps": 1280, "limited_event_evaluations": 0, "integrated_absolute_extent_defect": 0.0, "integrated_energy_weighted_flux_defect": 0.0, "minimum_event_factor": 1.0, "elapsed_seconds": 451.3246747190133}
{"event": "limited_ssp_progress", "macrostep": 750, "time": 1.171875, "steps": 1280, "limited_event_evaluations": 0, "integrated_absolute_extent_defect": 0.0, "integrated_energy_weighted_flux_defect": 0.0, "minimum_event_factor": 1.0, "elapsed_seconds": 457.3975847219117}
{"event": "limited_ssp_progress", "macrostep": 760, "time": 1.1875, "steps": 1280, "limited_event_evaluations": 0, "integrated_absolute_extent_defect": 0.0, "integrated_energy_weighted_flux_defect": 0.0, "minimum_event_factor": 1.0, "elapsed_seconds": 463.45899583399296}
{"event": "limited_ssp_progress", "macrostep": 770, "time": 1.203125, "steps": 1280, "limited_event_evaluations": 0, "integrated_absolute_extent_defect": 0.0, "integrated_energy_weighted_flux_defect": 0.0, "minimum_event_factor": 1.0, "elapsed_seconds": 469.53100633993745}
{"event": "limited_ssp_progress", "macrostep": 780, "time": 1.21875, "steps": 1280, "limited_event_evaluations": 0, "integrated_absolute_extent_defect": 0.0, "integrated_energy_weighted_flux_defect": 0.0, "minimum_event_factor": 1.0, "elapsed_seconds": 475.6118179289624}
{"event": "limited_ssp_progress", "macrostep": 790, "time": 1.234375, "steps": 1280, "limited_event_evaluations": 0, "integrated_absolute_extent_defect": 0.0, "integrated_energy_weighted_flux_defect": 0.0, "minimum_event_factor": 1.0, "elapsed_seconds": 481.67694368073717}
{"event": "limited_ssp_progress", "macrostep": 800, "time": 1.25, "steps": 1280, "limited_event_evaluations": 0, "integrated_absolute_extent_defect": 0.0, "integrated_energy_weighted_flux_defect": 0.0, "minimum_event_factor": 1.0, "elapsed_seconds": 487.76571391895413}
{"event": "limited_ssp_progress", "macrostep": 810, "time": 1.265625, "steps": 1280, "limited_event_evaluations": 0, "integrated_absolute_extent_defect": 0.0, "integrated_energy_weighted_flux_defect": 0.0, "minimum_event_factor": 1.0, "elapsed_seconds": 493.8382276627235}
{"event": "limited_ssp_progress", "macrostep": 820, "time": 1.28125, "steps": 1280, "limited_event_evaluations": 0, "integrated_absolute_extent_defect": 0.0, "integrated_energy_weighted_flux_defect": 0.0, "minimum_event_factor": 1.0, "elapsed_seconds": 499.93167135398835}
{"event": "limited_ssp_progress", "macrostep": 830, "time": 1.296875, "steps": 1280, "limited_event_evaluations": 0, "integrated_absolute_extent_defect": 0.0, "integrated_energy_weighted_flux_defect": 0.0, "minimum_event_factor": 1.0, "elapsed_seconds": 506.0083712930791}
{"event": "limited_ssp_progress", "macrostep": 840, "time": 1.3125, "steps": 1280, "limited_event_evaluations": 0, "integrated_absolute_extent_defect": 0.0, "integrated_energy_weighted_flux_defect": 0.0, "minimum_event_factor": 1.0, "elapsed_seconds": 512.1042120130733}
{"event": "limited_ssp_progress", "macrostep": 850, "time": 1.328125, "steps": 1280, "limited_event_evaluations": 0, "integrated_absolute_extent_defect": 0.0, "integrated_energy_weighted_flux_defect": 0.0, "minimum_event_factor": 1.0, "elapsed_seconds": 518.1754724238999}
{"event": "limited_ssp_progress", "macrostep": 860, "time": 1.34375, "steps": 1280, "limited_event_evaluations": 0, "integrated_absolute_extent_defect": 0.0, "integrated_energy_weighted_flux_defect": 0.0, "minimum_event_factor": 1.0, "elapsed_seconds": 524.2613617959432}
{"event": "limited_ssp_progress", "macrostep": 870, "time": 1.359375, "steps": 1280, "limited_event_evaluations": 0, "integrated_absolute_extent_defect": 0.0, "integrated_energy_weighted_flux_defect": 0.0, "minimum_event_factor": 1.0, "elapsed_seconds": 530.3296183408238}
{"event": "limited_ssp_progress", "macrostep": 880, "time": 1.375, "steps": 1280, "limited_event_evaluations": 0, "integrated_absolute_extent_defect": 0.0, "integrated_energy_weighted_flux_defect": 0.0, "minimum_event_factor": 1.0, "elapsed_seconds": 536.4183888458647}
{"event": "limited_ssp_progress", "macrostep": 890, "time": 1.390625, "steps": 1280, "limited_event_evaluations": 0, "integrated_absolute_extent_defect": 0.0, "integrated_energy_weighted_flux_defect": 0.0, "minimum_event_factor": 1.0, "elapsed_seconds": 542.5085475337692}
{"event": "limited_ssp_progress", "macrostep": 900, "time": 1.40625, "steps": 1280, "limited_event_evaluations": 0, "integrated_absolute_extent_defect": 0.0, "integrated_energy_weighted_flux_defect": 0.0, "minimum_event_factor": 1.0, "elapsed_seconds": 548.5916191409342}
{"event": "limited_ssp_progress", "macrostep": 910, "time": 1.421875, "steps": 1280, "limited_event_evaluations": 0, "integrated_absolute_extent_defect": 0.0, "integrated_energy_weighted_flux_defect": 0.0, "minimum_event_factor": 1.0, "elapsed_seconds": 554.6869359849952}
{"event": "limited_ssp_progress", "macrostep": 920, "time": 1.4375, "steps": 1280, "limited_event_evaluations": 0, "integrated_absolute_extent_defect": 0.0, "integrated_energy_weighted_flux_defect": 0.0, "minimum_event_factor": 1.0, "elapsed_seconds": 560.7518824990839}
{"event": "limited_ssp_progress", "macrostep": 930, "time": 1.453125, "steps": 1280, "limited_event_evaluations": 0, "integrated_absolute_extent_defect": 0.0, "integrated_energy_weighted_flux_defect": 0.0, "minimum_event_factor": 1.0, "elapsed_seconds": 566.8466274528764}
{"event": "limited_ssp_progress", "macrostep": 940, "time": 1.46875, "steps": 1280, "limited_event_evaluations": 0, "integrated_absolute_extent_defect": 0.0, "integrated_energy_weighted_flux_defect": 0.0, "minimum_event_factor": 1.0, "elapsed_seconds": 572.9204294760711}
{"event": "limited_ssp_progress", "macrostep": 950, "time": 1.484375, "steps": 1280, "limited_event_evaluations": 0, "integrated_absolute_extent_defect": 0.0, "integrated_energy_weighted_flux_defect": 0.0, "minimum_event_factor": 1.0, "elapsed_seconds": 579.013055562973}
{"event": "limited_ssp_progress", "macrostep": 960, "time": 1.5, "steps": 1280, "limited_event_evaluations": 0, "integrated_absolute_extent_defect": 0.0, "integrated_energy_weighted_flux_defect": 0.0, "minimum_event_factor": 1.0, "elapsed_seconds": 585.0836602547206}
{"event": "limited_ssp_progress", "macrostep": 970, "time": 1.515625, "steps": 1280, "limited_event_evaluations": 0, "integrated_absolute_extent_defect": 0.0, "integrated_energy_weighted_flux_defect": 0.0, "minimum_event_factor": 1.0, "elapsed_seconds": 591.1647166707553}
{"event": "limited_ssp_progress", "macrostep": 980, "time": 1.53125, "steps": 1280, "limited_event_evaluations": 0, "integrated_absolute_extent_defect": 0.0, "integrated_energy_weighted_flux_defect": 0.0, "minimum_event_factor": 1.0, "elapsed_seconds": 597.2359565179795}
{"event": "limited_ssp_progress", "macrostep": 990, "time": 1.546875, "steps": 1280, "limited_event_evaluations": 0, "integrated_absolute_extent_defect": 0.0, "integrated_energy_weighted_flux_defect": 0.0, "minimum_event_factor": 1.0, "elapsed_seconds": 603.3119373000227}
{"event": "limited_ssp_progress", "macrostep": 1000, "time": 1.5625, "steps": 1280, "limited_event_evaluations": 0, "integrated_absolute_extent_defect": 0.0, "integrated_energy_weighted_flux_defect": 0.0, "minimum_event_factor": 1.0, "elapsed_seconds": 609.380129207857}
{"event": "limited_ssp_progress", "macrostep": 1010, "time": 1.578125, "steps": 1280, "limited_event_evaluations": 0, "integrated_absolute_extent_defect": 0.0, "integrated_energy_weighted_flux_defect": 0.0, "minimum_event_factor": 1.0, "elapsed_seconds": 615.4294176697731}
{"event": "limited_ssp_progress", "macrostep": 1020, "time": 1.59375, "steps": 1280, "limited_event_evaluations": 0, "integrated_absolute_extent_defect": 0.0, "integrated_energy_weighted_flux_defect": 0.0, "minimum_event_factor": 1.0, "elapsed_seconds": 621.4950524428859}
{"event": "limited_ssp_progress", "macrostep": 1030, "time": 1.609375, "steps": 1280, "limited_event_evaluations": 0, "integrated_absolute_extent_defect": 0.0, "integrated_energy_weighted_flux_defect": 0.0, "minimum_event_factor": 1.0, "elapsed_seconds": 627.541308383923}
{"event": "limited_ssp_progress", "macrostep": 1040, "time": 1.625, "steps": 1280, "limited_event_evaluations": 0, "integrated_absolute_extent_defect": 0.0, "integrated_energy_weighted_flux_defect": 0.0, "minimum_event_factor": 1.0, "elapsed_seconds": 633.6145168268122}
{"event": "limited_ssp_progress", "macrostep": 1050, "time": 1.640625, "steps": 1280, "limited_event_evaluations": 0, "integrated_absolute_extent_defect": 0.0, "integrated_energy_weighted_flux_defect": 0.0, "minimum_event_factor": 1.0, "elapsed_seconds": 639.6643002880737}
{"event": "limited_ssp_progress", "macrostep": 1060, "time": 1.65625, "steps": 1280, "limited_event_evaluations": 0, "integrated_absolute_extent_defect": 0.0, "integrated_energy_weighted_flux_defect": 0.0, "minimum_event_factor": 1.0, "elapsed_seconds": 645.7334236940369}
{"event": "limited_ssp_progress", "macrostep": 1070, "time": 1.671875, "steps": 1280, "limited_event_evaluations": 0, "integrated_absolute_extent_defect": 0.0, "integrated_energy_weighted_flux_defect": 0.0, "minimum_event_factor": 1.0, "elapsed_seconds": 651.7871875688434}
{"event": "limited_ssp_progress", "macrostep": 1080, "time": 1.6875, "steps": 1280, "limited_event_evaluations": 0, "integrated_absolute_extent_defect": 0.0, "integrated_energy_weighted_flux_defect": 0.0, "minimum_event_factor": 1.0, "elapsed_seconds": 657.8417737479322}
{"event": "limited_ssp_progress", "macrostep": 1090, "time": 1.703125, "steps": 1280, "limited_event_evaluations": 0, "integrated_absolute_extent_defect": 0.0, "integrated_energy_weighted_flux_defect": 0.0, "minimum_event_factor": 1.0, "elapsed_seconds": 663.9002118441276}
{"event": "limited_ssp_progress", "macrostep": 1100, "time": 1.71875, "steps": 1280, "limited_event_evaluations": 0, "integrated_absolute_extent_defect": 0.0, "integrated_energy_weighted_flux_defect": 0.0, "minimum_event_factor": 1.0, "elapsed_seconds": 669.9578839591704}
{"event": "limited_ssp_progress", "macrostep": 1110, "time": 1.734375, "steps": 1280, "limited_event_evaluations": 0, "integrated_absolute_extent_defect": 0.0, "integrated_energy_weighted_flux_defect": 0.0, "minimum_event_factor": 1.0, "elapsed_seconds": 676.0224388670176}
{"event": "limited_ssp_progress", "macrostep": 1120, "time": 1.75, "steps": 1280, "limited_event_evaluations": 0, "integrated_absolute_extent_defect": 0.0, "integrated_energy_weighted_flux_defect": 0.0, "minimum_event_factor": 1.0, "elapsed_seconds": 682.0784818171524}
{"event": "limited_ssp_progress", "macrostep": 1130, "time": 1.765625, "steps": 1280, "limited_event_evaluations": 0, "integrated_absolute_extent_defect": 0.0, "integrated_energy_weighted_flux_defect": 0.0, "minimum_event_factor": 1.0, "elapsed_seconds": 688.1410710848868}
{"event": "limited_ssp_progress", "macrostep": 1140, "time": 1.78125, "steps": 1280, "limited_event_evaluations": 0, "integrated_absolute_extent_defect": 0.0, "integrated_energy_weighted_flux_defect": 0.0, "minimum_event_factor": 1.0, "elapsed_seconds": 694.190941800829}
{"event": "limited_ssp_progress", "macrostep": 1150, "time": 1.796875, "steps": 1280, "limited_event_evaluations": 0, "integrated_absolute_extent_defect": 0.0, "integrated_energy_weighted_flux_defect": 0.0, "minimum_event_factor": 1.0, "elapsed_seconds": 700.2766369897872}
{"event": "limited_ssp_progress", "macrostep": 1160, "time": 1.8125, "steps": 1280, "limited_event_evaluations": 0, "integrated_absolute_extent_defect": 0.0, "integrated_energy_weighted_flux_defect": 0.0, "minimum_event_factor": 1.0, "elapsed_seconds": 706.3289548479952}
{"event": "limited_ssp_progress", "macrostep": 1170, "time": 1.828125, "steps": 1280, "limited_event_evaluations": 0, "integrated_absolute_extent_defect": 0.0, "integrated_energy_weighted_flux_defect": 0.0, "minimum_event_factor": 1.0, "elapsed_seconds": 712.3924784609117}
{"event": "limited_ssp_progress", "macrostep": 1180, "time": 1.84375, "steps": 1280, "limited_event_evaluations": 0, "integrated_absolute_extent_defect": 0.0, "integrated_energy_weighted_flux_defect": 0.0, "minimum_event_factor": 1.0, "elapsed_seconds": 718.4764882107265}
{"event": "limited_ssp_progress", "macrostep": 1190, "time": 1.859375, "steps": 1280, "limited_event_evaluations": 0, "integrated_absolute_extent_defect": 0.0, "integrated_energy_weighted_flux_defect": 0.0, "minimum_event_factor": 1.0, "elapsed_seconds": 724.5396748050116}
{"event": "limited_ssp_progress", "macrostep": 1200, "time": 1.875, "steps": 1280, "limited_event_evaluations": 0, "integrated_absolute_extent_defect": 0.0, "integrated_energy_weighted_flux_defect": 0.0, "minimum_event_factor": 1.0, "elapsed_seconds": 730.6140961688943}
{"event": "limited_ssp_progress", "macrostep": 1210, "time": 1.890625, "steps": 1280, "limited_event_evaluations": 0, "integrated_absolute_extent_defect": 0.0, "integrated_energy_weighted_flux_defect": 0.0, "minimum_event_factor": 1.0, "elapsed_seconds": 736.6764976191334}
{"event": "limited_ssp_progress", "macrostep": 1220, "time": 1.90625, "steps": 1280, "limited_event_evaluations": 0, "integrated_absolute_extent_defect": 0.0, "integrated_energy_weighted_flux_defect": 0.0, "minimum_event_factor": 1.0, "elapsed_seconds": 742.757743417751}
{"event": "limited_ssp_progress", "macrostep": 1230, "time": 1.921875, "steps": 1280, "limited_event_evaluations": 0, "integrated_absolute_extent_defect": 0.0, "integrated_energy_weighted_flux_defect": 0.0, "minimum_event_factor": 1.0, "elapsed_seconds": 748.8106561289169}
{"event": "limited_ssp_progress", "macrostep": 1240, "time": 1.9375, "steps": 1280, "limited_event_evaluations": 0, "integrated_absolute_extent_defect": 0.0, "integrated_energy_weighted_flux_defect": 0.0, "minimum_event_factor": 1.0, "elapsed_seconds": 754.8760624439456}
{"event": "limited_ssp_progress", "macrostep": 1250, "time": 1.953125, "steps": 1280, "limited_event_evaluations": 0, "integrated_absolute_extent_defect": 0.0, "integrated_energy_weighted_flux_defect": 0.0, "minimum_event_factor": 1.0, "elapsed_seconds": 760.9368938538246}
{"event": "limited_ssp_progress", "macrostep": 1260, "time": 1.96875, "steps": 1280, "limited_event_evaluations": 0, "integrated_absolute_extent_defect": 0.0, "integrated_energy_weighted_flux_defect": 0.0, "minimum_event_factor": 1.0, "elapsed_seconds": 767.0204363069497}
{"event": "limited_ssp_progress", "macrostep": 1270, "time": 1.984375, "steps": 1280, "limited_event_evaluations": 0, "integrated_absolute_extent_defect": 0.0, "integrated_energy_weighted_flux_defect": 0.0, "minimum_event_factor": 1.0, "elapsed_seconds": 773.086858656723}
{"event": "limited_ssp_progress", "macrostep": 1280, "time": 2.0, "steps": 1280, "limited_event_evaluations": 0, "integrated_absolute_extent_defect": 0.0, "integrated_energy_weighted_flux_defect": 0.0, "minimum_event_factor": 1.0, "elapsed_seconds": 779.1485518710688}
{
  "status": "COMPLETED_NOT_YET_ADJUDICATED",
  "runtime_seconds": 781.3615951389074,
  "energy_ledger_scaled_max": 1.0459916266469804e-10,
  "instantaneous_residual_max": 1.6028844918025698e-15,
  "rhs_calls": 3852,
  "final": {
    "amplitudes": [
      0.7593466990655852
    ],
    "electron_energy": [
      0.09110117964513531
    ],
    "excitation_energy": [
      0.5381430716043495
    ],
    "phonon_energy": [
      0.1324196640114124
    ],
    "temperatures": [
      0.42639818461432794
    ],
    "forces": [
      -0.017349288029416265
    ],
    "escape": [
      0.0
    ],
    "input": [
      0.0
    ],
    "electron_to_phonon": [
      -0.019473961796240682
    ],
    "condensate_heat": [
      0.02822936501116683
    ],
    "transport": 0.0,
    "total": 0.2235208436565477,
    "conserved": 0.2235208436565477,
    "minimum_electron": 2.623947343705938e-12,
    "maximum_electron": 0.4902562252458167,
    "minimum_phonon": 0.0004322693379554849
  }
}
{"event": "INTEGRATION_RECORD_SAVED", "status": "COMPLETED_NOT_YET_ADJUDICATED", "output": "/home/jdiaz/pysnspd/tmp/stage2_guarded_acceptance_20260922/one_guarded_1280.json", "elapsed_seconds": 781.4218657617457}
