{"event": "limited_ssp_progress", "macrostep": 1, "time": 0.00625, "steps": 320, "limited_event_evaluations": 0, "integrated_absolute_extent_defect": 0.0, "integrated_energy_weighted_flux_defect": 0.0, "minimum_event_factor": 1.0, "elapsed_seconds": 1.596513994038105}
{"event": "limited_ssp_progress", "macrostep": 10, "time": 0.0625, "steps": 320, "limited_event_evaluations": 0, "integrated_absolute_extent_defect": 0.0, "integrated_energy_weighted_flux_defect": 0.0, "minimum_event_factor": 1.0, "elapsed_seconds": 12.403984955977648}
{"event": "limited_ssp_progress", "macrostep": 20, "time": 0.125, "steps": 320, "limited_event_evaluations": 0, "integrated_absolute_extent_defect": 0.0, "integrated_energy_weighted_flux_defect": 0.0, "minimum_event_factor": 1.0, "elapsed_seconds": 24.446433890145272}
{"event": "limited_ssp_progress", "macrostep": 30, "time": 0.1875, "steps": 320, "limited_event_evaluations": 0, "integrated_absolute_extent_defect": 0.0, "integrated_energy_weighted_flux_defect": 0.0, "minimum_event_factor": 1.0, "elapsed_seconds": 36.5029304032214}
{"event": "limited_ssp_progress", "macrostep": 40, "time": 0.25, "steps": 320, "limited_event_evaluations": 0, "integrated_absolute_extent_defect": 0.0, "integrated_energy_weighted_flux_defect": 0.0, "minimum_event_factor": 1.0, "elapsed_seconds": 48.54898981982842}
{"event": "limited_ssp_progress", "macrostep": 50, "time": 0.3125, "steps": 320, "limited_event_evaluations": 0, "integrated_absolute_extent_defect": 0.0, "integrated_energy_weighted_flux_defect": 0.0, "minimum_event_factor": 1.0, "elapsed_seconds": 60.57307309890166}
{"event": "limited_ssp_progress", "macrostep": 60, "time": 0.375, "steps": 320, "limited_event_evaluations": 0, "integrated_absolute_extent_defect": 0.0, "integrated_energy_weighted_flux_defect": 0.0, "minimum_event_factor": 1.0, "elapsed_seconds": 72.59814840601757}
{"event": "limited_ssp_progress", "macrostep": 70, "time": 0.4375, "steps": 320, "limited_event_evaluations": 0, "integrated_absolute_extent_defect": 0.0, "integrated_energy_weighted_flux_defect": 0.0, "minimum_event_factor": 1.0, "elapsed_seconds": 84.62428593216464}
{"event": "limited_ssp_progress", "macrostep": 80, "time": 0.5, "steps": 320, "limited_event_evaluations": 0, "integrated_absolute_extent_defect": 0.0, "integrated_energy_weighted_flux_defect": 0.0, "minimum_event_factor": 1.0, "elapsed_seconds": 96.63584370119497}
{"event": "limited_ssp_progress", "macrostep": 90, "time": 0.5625, "steps": 320, "limited_event_evaluations": 0, "integrated_absolute_extent_defect": 0.0, "integrated_energy_weighted_flux_defect": 0.0, "minimum_event_factor": 1.0, "elapsed_seconds": 108.62868227204308}
{"event": "limited_ssp_progress", "macrostep": 100, "time": 0.625, "steps": 320, "limited_event_evaluations": 0, "integrated_absolute_extent_defect": 0.0, "integrated_energy_weighted_flux_defect": 0.0, "minimum_event_factor": 1.0, "elapsed_seconds": 120.61660269415006}
{"event": "limited_ssp_progress", "macrostep": 110, "time": 0.6875, "steps": 320, "limited_event_evaluations": 0, "integrated_absolute_extent_defect": 0.0, "integrated_energy_weighted_flux_defect": 0.0, "minimum_event_factor": 1.0, "elapsed_seconds": 132.61738472711295}
{"event": "limited_ssp_progress", "macrostep": 120, "time": 0.75, "steps": 320, "limited_event_evaluations": 0, "integrated_absolute_extent_defect": 0.0, "integrated_energy_weighted_flux_defect": 0.0, "minimum_event_factor": 1.0, "elapsed_seconds": 144.62508264789358}
{"event": "limited_ssp_progress", "macrostep": 130, "time": 0.8125, "steps": 320, "limited_event_evaluations": 0, "integrated_absolute_extent_defect": 0.0, "integrated_energy_weighted_flux_defect": 0.0, "minimum_event_factor": 1.0, "elapsed_seconds": 156.63387067010626}
{"event": "limited_ssp_progress", "macrostep": 140, "time": 0.875, "steps": 320, "limited_event_evaluations": 0, "integrated_absolute_extent_defect": 0.0, "integrated_energy_weighted_flux_defect": 0.0, "minimum_event_factor": 1.0, "elapsed_seconds": 168.60744507005438}
{"event": "limited_ssp_progress", "macrostep": 150, "time": 0.9375, "steps": 320, "limited_event_evaluations": 0, "integrated_absolute_extent_defect": 0.0, "integrated_energy_weighted_flux_defect": 0.0, "minimum_event_factor": 1.0, "elapsed_seconds": 180.59575213911012}
{"event": "limited_ssp_progress", "macrostep": 160, "time": 1.0, "steps": 320, "limited_event_evaluations": 0, "integrated_absolute_extent_defect": 0.0, "integrated_energy_weighted_flux_defect": 0.0, "minimum_event_factor": 1.0, "elapsed_seconds": 192.57090555597097}
{"event": "limited_ssp_progress", "macrostep": 170, "time": 1.0625, "steps": 320, "limited_event_evaluations": 0, "integrated_absolute_extent_defect": 0.0, "integrated_energy_weighted_flux_defect": 0.0, "minimum_event_factor": 1.0, "elapsed_seconds": 204.53978755092248}
{"event": "limited_ssp_progress", "macrostep": 180, "time": 1.125, "steps": 320, "limited_event_evaluations": 0, "integrated_absolute_extent_defect": 0.0, "integrated_energy_weighted_flux_defect": 0.0, "minimum_event_factor": 1.0, "elapsed_seconds": 216.4899010071531}
{"event": "limited_ssp_progress", "macrostep": 190, "time": 1.1875, "steps": 320, "limited_event_evaluations": 0, "integrated_absolute_extent_defect": 0.0, "integrated_energy_weighted_flux_defect": 0.0, "minimum_event_factor": 1.0, "elapsed_seconds": 228.44555451488122}
{"event": "limited_ssp_progress", "macrostep": 200, "time": 1.25, "steps": 320, "limited_event_evaluations": 0, "integrated_absolute_extent_defect": 0.0, "integrated_energy_weighted_flux_defect": 0.0, "minimum_event_factor": 1.0, "elapsed_seconds": 240.40273521700874}
{"event": "limited_ssp_progress", "macrostep": 210, "time": 1.3125, "steps": 320, "limited_event_evaluations": 0, "integrated_absolute_extent_defect": 0.0, "integrated_energy_weighted_flux_defect": 0.0, "minimum_event_factor": 1.0, "elapsed_seconds": 252.3740806770511}
{"event": "limited_ssp_progress", "macrostep": 220, "time": 1.375, "steps": 320, "limited_event_evaluations": 0, "integrated_absolute_extent_defect": 0.0, "integrated_energy_weighted_flux_defect": 0.0, "minimum_event_factor": 1.0, "elapsed_seconds": 264.3275638660416}
{"event": "limited_ssp_progress", "macrostep": 230, "time": 1.4375, "steps": 320, "limited_event_evaluations": 0, "integrated_absolute_extent_defect": 0.0, "integrated_energy_weighted_flux_defect": 0.0, "minimum_event_factor": 1.0, "elapsed_seconds": 276.28892510477453}
{"event": "limited_ssp_progress", "macrostep": 240, "time": 1.5, "steps": 320, "limited_event_evaluations": 0, "integrated_absolute_extent_defect": 0.0, "integrated_energy_weighted_flux_defect": 0.0, "minimum_event_factor": 1.0, "elapsed_seconds": 288.2472852501087}
{"event": "limited_ssp_progress", "macrostep": 250, "time": 1.5625, "steps": 320, "limited_event_evaluations": 0, "integrated_absolute_extent_defect": 0.0, "integrated_energy_weighted_flux_defect": 0.0, "minimum_event_factor": 1.0, "elapsed_seconds": 300.20232004718855}
{"event": "limited_ssp_progress", "macrostep": 260, "time": 1.625, "steps": 320, "limited_event_evaluations": 0, "integrated_absolute_extent_defect": 0.0, "integrated_energy_weighted_flux_defect": 0.0, "minimum_event_factor": 1.0, "elapsed_seconds": 312.17125520296395}
{"event": "limited_ssp_progress", "macrostep": 270, "time": 1.6875, "steps": 320, "limited_event_evaluations": 0, "integrated_absolute_extent_defect": 0.0, "integrated_energy_weighted_flux_defect": 0.0, "minimum_event_factor": 1.0, "elapsed_seconds": 324.15181690081954}
{"event": "limited_ssp_progress", "macrostep": 280, "time": 1.75, "steps": 320, "limited_event_evaluations": 0, "integrated_absolute_extent_defect": 0.0, "integrated_energy_weighted_flux_defect": 0.0, "minimum_event_factor": 1.0, "elapsed_seconds": 336.11282276082784}
{"event": "limited_ssp_progress", "macrostep": 290, "time": 1.8125, "steps": 320, "limited_event_evaluations": 0, "integrated_absolute_extent_defect": 0.0, "integrated_energy_weighted_flux_defect": 0.0, "minimum_event_factor": 1.0, "elapsed_seconds": 348.07733543775976}
{"event": "limited_ssp_progress", "macrostep": 300, "time": 1.875, "steps": 320, "limited_event_evaluations": 0, "integrated_absolute_extent_defect": 0.0, "integrated_energy_weighted_flux_defect": 0.0, "minimum_event_factor": 1.0, "elapsed_seconds": 360.0279260929674}
{"event": "limited_ssp_progress", "macrostep": 310, "time": 1.9375, "steps": 320, "limited_event_evaluations": 0, "integrated_absolute_extent_defect": 0.0, "integrated_energy_weighted_flux_defect": 0.0, "minimum_event_factor": 1.0, "elapsed_seconds": 371.97423875378445}
{"event": "limited_ssp_progress", "macrostep": 320, "time": 2.0, "steps": 320, "limited_event_evaluations": 0, "integrated_absolute_extent_defect": 0.0, "integrated_energy_weighted_flux_defect": 0.0, "minimum_event_factor": 1.0, "elapsed_seconds": 383.9120778888464}
{
  "status": "COMPLETED_NOT_YET_ADJUDICATED",
  "runtime_seconds": 387.2339914939366,
  "energy_ledger_scaled_max": 2.0325197080950375e-09,
  "instantaneous_residual_max": 1.6327217355893708e-14,
  "rhs_calls": 972,
  "final": {
    "amplitudes": [
      0.7490601277632054,
      0.9763435167999681
    ],
    "electron_energy": [
      0.039672437905202806,
      -0.43766816779094975
    ],
    "excitation_energy": [
      0.48233739820602445,
      0.06177664231321842
    ],
    "phonon_energy": [
      0.11040884443078468,
      0.0025863858800339126
    ],
    "temperatures": [
      0.407624022447468,
      0.2514838339175895
    ],
    "forces": [
      -0.04997718376041238,
      -0.002443326283224266
    ],
    "escape": [
      0.016347983802403654,
      2.9731285340551853e-05
    ],
    "input": [
      0.019999999999999886,
      0.0
    ],
    "electron_to_phonon": [
      -0.025136797574475102,
      0.0007224913577100158
    ],
    "condensate_heat": [
      0.032473347285665775,
      0.0015239949076389769
    ],
    "transport": 0.059941594637336885,
    "total": -0.28500049957492835,
    "conserved": -0.28862278448718404,
    "minimum_electron": 3.8652682827433516e-14,
    "maximum_electron": 0.4911015904275672,
    "minimum_phonon": 4.578709085903454e-09
  }
}
{"event": "INTEGRATION_RECORD_SAVED", "status": "COMPLETED_NOT_YET_ADJUDICATED", "output": "/home/jdiaz/pysnspd/tmp/stage2_guarded_acceptance_20260922/two_guarded_320.json", "elapsed_seconds": 387.25185748701915}
