{"event": "limited_ssp_progress", "macrostep": 1, "time": 0.00625, "steps": 320, "limited_event_evaluations": 0, "integrated_absolute_extent_defect": 0.0, "integrated_energy_weighted_flux_defect": 0.0, "minimum_event_factor": 1.0, "elapsed_seconds": 1.6596031128428876}
{"event": "limited_ssp_progress", "macrostep": 10, "time": 0.0625, "steps": 320, "limited_event_evaluations": 0, "integrated_absolute_extent_defect": 0.0, "integrated_energy_weighted_flux_defect": 0.0, "minimum_event_factor": 1.0, "elapsed_seconds": 12.448477984871715}
{"event": "limited_ssp_progress", "macrostep": 20, "time": 0.125, "steps": 320, "limited_event_evaluations": 0, "integrated_absolute_extent_defect": 0.0, "integrated_energy_weighted_flux_defect": 0.0, "minimum_event_factor": 1.0, "elapsed_seconds": 24.458047653082758}
{"event": "limited_ssp_progress", "macrostep": 30, "time": 0.1875, "steps": 320, "limited_event_evaluations": 0, "integrated_absolute_extent_defect": 0.0, "integrated_energy_weighted_flux_defect": 0.0, "minimum_event_factor": 1.0, "elapsed_seconds": 36.46620386000723}
{"event": "limited_ssp_progress", "macrostep": 40, "time": 0.25, "steps": 320, "limited_event_evaluations": 0, "integrated_absolute_extent_defect": 0.0, "integrated_energy_weighted_flux_defect": 0.0, "minimum_event_factor": 1.0, "elapsed_seconds": 48.43555122567341}
{"event": "limited_ssp_progress", "macrostep": 50, "time": 0.3125, "steps": 320, "limited_event_evaluations": 0, "integrated_absolute_extent_defect": 0.0, "integrated_energy_weighted_flux_defect": 0.0, "minimum_event_factor": 1.0, "elapsed_seconds": 60.3986408887431}
{"event": "limited_ssp_progress", "macrostep": 60, "time": 0.375, "steps": 320, "limited_event_evaluations": 0, "integrated_absolute_extent_defect": 0.0, "integrated_energy_weighted_flux_defect": 0.0, "minimum_event_factor": 1.0, "elapsed_seconds": 72.3560977880843}
{"event": "limited_ssp_progress", "macrostep": 70, "time": 0.4375, "steps": 320, "limited_event_evaluations": 0, "integrated_absolute_extent_defect": 0.0, "integrated_energy_weighted_flux_defect": 0.0, "minimum_event_factor": 1.0, "elapsed_seconds": 84.2895663450472}
{"event": "limited_ssp_progress", "macrostep": 80, "time": 0.5, "steps": 320, "limited_event_evaluations": 0, "integrated_absolute_extent_defect": 0.0, "integrated_energy_weighted_flux_defect": 0.0, "minimum_event_factor": 1.0, "elapsed_seconds": 96.22332511097193}
{"event": "limited_ssp_progress", "macrostep": 90, "time": 0.5625, "steps": 320, "limited_event_evaluations": 0, "integrated_absolute_extent_defect": 0.0, "integrated_energy_weighted_flux_defect": 0.0, "minimum_event_factor": 1.0, "elapsed_seconds": 108.16985935764387}
{"event": "limited_ssp_progress", "macrostep": 100, "time": 0.625, "steps": 320, "limited_event_evaluations": 0, "integrated_absolute_extent_defect": 0.0, "integrated_energy_weighted_flux_defect": 0.0, "minimum_event_factor": 1.0, "elapsed_seconds": 120.12214929610491}
{"event": "limited_ssp_progress", "macrostep": 110, "time": 0.6875, "steps": 320, "limited_event_evaluations": 0, "integrated_absolute_extent_defect": 0.0, "integrated_energy_weighted_flux_defect": 0.0, "minimum_event_factor": 1.0, "elapsed_seconds": 132.0535846548155}
{"event": "limited_ssp_progress", "macrostep": 120, "time": 0.75, "steps": 320, "limited_event_evaluations": 0, "integrated_absolute_extent_defect": 0.0, "integrated_energy_weighted_flux_defect": 0.0, "minimum_event_factor": 1.0, "elapsed_seconds": 143.98210198571905}
{"event": "limited_ssp_progress", "macrostep": 130, "time": 0.8125, "steps": 320, "limited_event_evaluations": 0, "integrated_absolute_extent_defect": 0.0, "integrated_energy_weighted_flux_defect": 0.0, "minimum_event_factor": 1.0, "elapsed_seconds": 155.92991215083748}
{"event": "limited_ssp_progress", "macrostep": 140, "time": 0.875, "steps": 320, "limited_event_evaluations": 0, "integrated_absolute_extent_defect": 0.0, "integrated_energy_weighted_flux_defect": 0.0, "minimum_event_factor": 1.0, "elapsed_seconds": 167.8495949958451}
{"event": "limited_ssp_progress", "macrostep": 150, "time": 0.9375, "steps": 320, "limited_event_evaluations": 0, "integrated_absolute_extent_defect": 0.0, "integrated_energy_weighted_flux_defect": 0.0, "minimum_event_factor": 1.0, "elapsed_seconds": 179.76430243672803}
{"event": "limited_ssp_progress", "macrostep": 160, "time": 1.0, "steps": 320, "limited_event_evaluations": 0, "integrated_absolute_extent_defect": 0.0, "integrated_energy_weighted_flux_defect": 0.0, "minimum_event_factor": 1.0, "elapsed_seconds": 191.6646639937535}
{"event": "limited_ssp_progress", "macrostep": 170, "time": 1.0625, "steps": 320, "limited_event_evaluations": 0, "integrated_absolute_extent_defect": 0.0, "integrated_energy_weighted_flux_defect": 0.0, "minimum_event_factor": 1.0, "elapsed_seconds": 203.57263184897602}
{"event": "limited_ssp_progress", "macrostep": 180, "time": 1.125, "steps": 320, "limited_event_evaluations": 0, "integrated_absolute_extent_defect": 0.0, "integrated_energy_weighted_flux_defect": 0.0, "minimum_event_factor": 1.0, "elapsed_seconds": 215.4713231958449}
{"event": "limited_ssp_progress", "macrostep": 190, "time": 1.1875, "steps": 320, "limited_event_evaluations": 0, "integrated_absolute_extent_defect": 0.0, "integrated_energy_weighted_flux_defect": 0.0, "minimum_event_factor": 1.0, "elapsed_seconds": 227.3601310378872}
{"event": "limited_ssp_progress", "macrostep": 200, "time": 1.25, "steps": 320, "limited_event_evaluations": 0, "integrated_absolute_extent_defect": 0.0, "integrated_energy_weighted_flux_defect": 0.0, "minimum_event_factor": 1.0, "elapsed_seconds": 239.24475678009912}
{"event": "limited_ssp_progress", "macrostep": 210, "time": 1.3125, "steps": 320, "limited_event_evaluations": 0, "integrated_absolute_extent_defect": 0.0, "integrated_energy_weighted_flux_defect": 0.0, "minimum_event_factor": 1.0, "elapsed_seconds": 251.12394186574966}
{"event": "limited_ssp_progress", "macrostep": 220, "time": 1.375, "steps": 320, "limited_event_evaluations": 0, "integrated_absolute_extent_defect": 0.0, "integrated_energy_weighted_flux_defect": 0.0, "minimum_event_factor": 1.0, "elapsed_seconds": 263.0208700308576}
{"event": "limited_ssp_progress", "macrostep": 230, "time": 1.4375, "steps": 320, "limited_event_evaluations": 0, "integrated_absolute_extent_defect": 0.0, "integrated_energy_weighted_flux_defect": 0.0, "minimum_event_factor": 1.0, "elapsed_seconds": 274.9107180717401}
{"event": "limited_ssp_progress", "macrostep": 240, "time": 1.5, "steps": 320, "limited_event_evaluations": 0, "integrated_absolute_extent_defect": 0.0, "integrated_energy_weighted_flux_defect": 0.0, "minimum_event_factor": 1.0, "elapsed_seconds": 286.79528947686777}
{"event": "limited_ssp_progress", "macrostep": 250, "time": 1.5625, "steps": 320, "limited_event_evaluations": 0, "integrated_absolute_extent_defect": 0.0, "integrated_energy_weighted_flux_defect": 0.0, "minimum_event_factor": 1.0, "elapsed_seconds": 298.65747888805345}
{"event": "limited_ssp_progress", "macrostep": 260, "time": 1.625, "steps": 320, "limited_event_evaluations": 0, "integrated_absolute_extent_defect": 0.0, "integrated_energy_weighted_flux_defect": 0.0, "minimum_event_factor": 1.0, "elapsed_seconds": 310.5384765220806}
{"event": "limited_ssp_progress", "macrostep": 270, "time": 1.6875, "steps": 320, "limited_event_evaluations": 0, "integrated_absolute_extent_defect": 0.0, "integrated_energy_weighted_flux_defect": 0.0, "minimum_event_factor": 1.0, "elapsed_seconds": 322.4101040670648}
{"event": "limited_ssp_progress", "macrostep": 280, "time": 1.75, "steps": 320, "limited_event_evaluations": 0, "integrated_absolute_extent_defect": 0.0, "integrated_energy_weighted_flux_defect": 0.0, "minimum_event_factor": 1.0, "elapsed_seconds": 334.29361845972016}
{"event": "limited_ssp_progress", "macrostep": 290, "time": 1.8125, "steps": 320, "limited_event_evaluations": 0, "integrated_absolute_extent_defect": 0.0, "integrated_energy_weighted_flux_defect": 0.0, "minimum_event_factor": 1.0, "elapsed_seconds": 346.17514005396515}
{"event": "limited_ssp_progress", "macrostep": 300, "time": 1.875, "steps": 320, "limited_event_evaluations": 0, "integrated_absolute_extent_defect": 0.0, "integrated_energy_weighted_flux_defect": 0.0, "minimum_event_factor": 1.0, "elapsed_seconds": 358.05342994164675}
{"event": "limited_ssp_progress", "macrostep": 310, "time": 1.9375, "steps": 320, "limited_event_evaluations": 0, "integrated_absolute_extent_defect": 0.0, "integrated_energy_weighted_flux_defect": 0.0, "minimum_event_factor": 1.0, "elapsed_seconds": 369.93217919487506}
{"event": "limited_ssp_progress", "macrostep": 320, "time": 2.0, "steps": 320, "limited_event_evaluations": 0, "integrated_absolute_extent_defect": 0.0, "integrated_energy_weighted_flux_defect": 0.0, "minimum_event_factor": 1.0, "elapsed_seconds": 381.81028210464865}
{
  "status": "COMPLETED_NOT_YET_ADJUDICATED",
  "runtime_seconds": 385.22378197917715,
  "energy_ledger_scaled_max": 2.0307929227136867e-09,
  "instantaneous_residual_max": 1.6320712142858795e-14,
  "rhs_calls": 972,
  "final": {
    "amplitudes": [
      0.749064232901709,
      0.9763437344165816
    ],
    "electron_energy": [
      0.0396447267318249,
      -0.43767101470993885
    ],
    "excitation_energy": [
      0.48231146397463565,
      0.06177380556751414
    ],
    "phonon_energy": [
      0.11043786467568989,
      0.002586316803471749
    ],
    "temperatures": [
      0.4076162696961781,
      0.25148133036038617
    ],
    "forces": [
      -0.0499844351771061,
      -0.0024444582104060503
    ],
    "escape": [
      0.01634959240950245,
      2.9729600538940705e-05
    ],
    "input": [
      0.019999999999999886,
      0.0
    ],
    "electron_to_phonon": [
      -0.025106168722470998,
      0.0007224205963462398
    ],
    "condensate_heat": [
      0.032474102217264364,
      0.001524002490420308
    ],
    "transport": 0.059938676956984516,
    "total": -0.2850021064989523,
    "conserved": -0.2886227844889108,
    "minimum_electron": 3.8666596485826585e-14,
    "maximum_electron": 0.49110156131909943,
    "minimum_phonon": 1.198857602830187e-09
  }
}
{"event": "INTEGRATION_RECORD_SAVED", "status": "COMPLETED_NOT_YET_ADJUDICATED", "output": "/home/jdiaz/pysnspd/tmp/stage2_guarded_acceptance_20260922/two_guarded_ph2049_320.json", "elapsed_seconds": 385.2418094757013}
