{"event": "limited_ssp_progress", "macrostep": 1, "time": 0.0015625, "steps": 1280, "limited_event_evaluations": 0, "integrated_absolute_extent_defect": 0.0, "integrated_energy_weighted_flux_defect": 0.0, "minimum_event_factor": 1.0, "elapsed_seconds": 1.6190017969347537}
{"event": "limited_ssp_progress", "macrostep": 10, "time": 0.015625, "steps": 1280, "limited_event_evaluations": 0, "integrated_absolute_extent_defect": 0.0, "integrated_energy_weighted_flux_defect": 0.0, "minimum_event_factor": 1.0, "elapsed_seconds": 13.098696019966155}
{"event": "limited_ssp_progress", "macrostep": 20, "time": 0.03125, "steps": 1280, "limited_event_evaluations": 0, "integrated_absolute_extent_defect": 0.0, "integrated_energy_weighted_flux_defect": 0.0, "minimum_event_factor": 1.0, "elapsed_seconds": 25.493896808940917}
{"event": "limited_ssp_progress", "macrostep": 30, "time": 0.046875, "steps": 1280, "limited_event_evaluations": 0, "integrated_absolute_extent_defect": 0.0, "integrated_energy_weighted_flux_defect": 0.0, "minimum_event_factor": 1.0, "elapsed_seconds": 37.547091872897}
{"event": "limited_ssp_progress", "macrostep": 40, "time": 0.0625, "steps": 1280, "limited_event_evaluations": 0, "integrated_absolute_extent_defect": 0.0, "integrated_energy_weighted_flux_defect": 0.0, "minimum_event_factor": 1.0, "elapsed_seconds": 49.608272472862154}
{"event": "limited_ssp_progress", "macrostep": 50, "time": 0.078125, "steps": 1280, "limited_event_evaluations": 0, "integrated_absolute_extent_defect": 0.0, "integrated_energy_weighted_flux_defect": 0.0, "minimum_event_factor": 1.0, "elapsed_seconds": 61.67645541206002}
{"event": "limited_ssp_progress", "macrostep": 60, "time": 0.09375, "steps": 1280, "limited_event_evaluations": 0, "integrated_absolute_extent_defect": 0.0, "integrated_energy_weighted_flux_defect": 0.0, "minimum_event_factor": 1.0, "elapsed_seconds": 73.88457451481372}
{"event": "limited_ssp_progress", "macrostep": 70, "time": 0.109375, "steps": 1280, "limited_event_evaluations": 0, "integrated_absolute_extent_defect": 0.0, "integrated_energy_weighted_flux_defect": 0.0, "minimum_event_factor": 1.0, "elapsed_seconds": 85.90792166395113}
{"event": "limited_ssp_progress", "macrostep": 80, "time": 0.125, "steps": 1280, "limited_event_evaluations": 0, "integrated_absolute_extent_defect": 0.0, "integrated_energy_weighted_flux_defect": 0.0, "minimum_event_factor": 1.0, "elapsed_seconds": 97.95274327881634}
{"event": "limited_ssp_progress", "macrostep": 90, "time": 0.140625, "steps": 1280, "limited_event_evaluations": 0, "integrated_absolute_extent_defect": 0.0, "integrated_energy_weighted_flux_defect": 0.0, "minimum_event_factor": 1.0, "elapsed_seconds": 110.04433072404936}
{"event": "limited_ssp_progress", "macrostep": 100, "time": 0.15625, "steps": 1280, "limited_event_evaluations": 0, "integrated_absolute_extent_defect": 0.0, "integrated_energy_weighted_flux_defect": 0.0, "minimum_event_factor": 1.0, "elapsed_seconds": 122.16846210090443}
{"event": "limited_ssp_progress", "macrostep": 110, "time": 0.171875, "steps": 1280, "limited_event_evaluations": 0, "integrated_absolute_extent_defect": 0.0, "integrated_energy_weighted_flux_defect": 0.0, "minimum_event_factor": 1.0, "elapsed_seconds": 134.27132275188342}
{"event": "limited_ssp_progress", "macrostep": 120, "time": 0.1875, "steps": 1280, "limited_event_evaluations": 0, "integrated_absolute_extent_defect": 0.0, "integrated_energy_weighted_flux_defect": 0.0, "minimum_event_factor": 1.0, "elapsed_seconds": 146.3436107719317}
{"event": "limited_ssp_progress", "macrostep": 130, "time": 0.203125, "steps": 1280, "limited_event_evaluations": 0, "integrated_absolute_extent_defect": 0.0, "integrated_energy_weighted_flux_defect": 0.0, "minimum_event_factor": 1.0, "elapsed_seconds": 158.49187291786075}
{"event": "limited_ssp_progress", "macrostep": 140, "time": 0.21875, "steps": 1280, "limited_event_evaluations": 0, "integrated_absolute_extent_defect": 0.0, "integrated_energy_weighted_flux_defect": 0.0, "minimum_event_factor": 1.0, "elapsed_seconds": 170.66040274873376}
{"event": "limited_ssp_progress", "macrostep": 150, "time": 0.234375, "steps": 1280, "limited_event_evaluations": 0, "integrated_absolute_extent_defect": 0.0, "integrated_energy_weighted_flux_defect": 0.0, "minimum_event_factor": 1.0, "elapsed_seconds": 182.83675923012197}
{"event": "limited_ssp_progress", "macrostep": 160, "time": 0.25, "steps": 1280, "limited_event_evaluations": 0, "integrated_absolute_extent_defect": 0.0, "integrated_energy_weighted_flux_defect": 0.0, "minimum_event_factor": 1.0, "elapsed_seconds": 194.95271742995828}
{"event": "limited_ssp_progress", "macrostep": 170, "time": 0.265625, "steps": 1280, "limited_event_evaluations": 0, "integrated_absolute_extent_defect": 0.0, "integrated_energy_weighted_flux_defect": 0.0, "minimum_event_factor": 1.0, "elapsed_seconds": 207.13145098183304}
{"event": "limited_ssp_progress", "macrostep": 180, "time": 0.28125, "steps": 1280, "limited_event_evaluations": 0, "integrated_absolute_extent_defect": 0.0, "integrated_energy_weighted_flux_defect": 0.0, "minimum_event_factor": 1.0, "elapsed_seconds": 219.261205595918}
{"event": "limited_ssp_progress", "macrostep": 190, "time": 0.296875, "steps": 1280, "limited_event_evaluations": 0, "integrated_absolute_extent_defect": 0.0, "integrated_energy_weighted_flux_defect": 0.0, "minimum_event_factor": 1.0, "elapsed_seconds": 231.38814520509914}
{"event": "limited_ssp_progress", "macrostep": 200, "time": 0.3125, "steps": 1280, "limited_event_evaluations": 0, "integrated_absolute_extent_defect": 0.0, "integrated_energy_weighted_flux_defect": 0.0, "minimum_event_factor": 1.0, "elapsed_seconds": 243.53828135086223}
{"event": "limited_ssp_progress", "macrostep": 210, "time": 0.328125, "steps": 1280, "limited_event_evaluations": 0, "integrated_absolute_extent_defect": 0.0, "integrated_energy_weighted_flux_defect": 0.0, "minimum_event_factor": 1.0, "elapsed_seconds": 255.69464794173837}
{"event": "limited_ssp_progress", "macrostep": 220, "time": 0.34375, "steps": 1280, "limited_event_evaluations": 0, "integrated_absolute_extent_defect": 0.0, "integrated_energy_weighted_flux_defect": 0.0, "minimum_event_factor": 1.0, "elapsed_seconds": 267.839112975169}
{"event": "limited_ssp_progress", "macrostep": 230, "time": 0.359375, "steps": 1280, "limited_event_evaluations": 0, "integrated_absolute_extent_defect": 0.0, "integrated_energy_weighted_flux_defect": 0.0, "minimum_event_factor": 1.0, "elapsed_seconds": 279.9644422917627}
{"event": "limited_ssp_progress", "macrostep": 240, "time": 0.375, "steps": 1280, "limited_event_evaluations": 0, "integrated_absolute_extent_defect": 0.0, "integrated_energy_weighted_flux_defect": 0.0, "minimum_event_factor": 1.0, "elapsed_seconds": 292.11243315273896}
{"event": "limited_ssp_progress", "macrostep": 250, "time": 0.390625, "steps": 1280, "limited_event_evaluations": 0, "integrated_absolute_extent_defect": 0.0, "integrated_energy_weighted_flux_defect": 0.0, "minimum_event_factor": 1.0, "elapsed_seconds": 304.2153445491567}
{"event": "limited_ssp_progress", "macrostep": 260, "time": 0.40625, "steps": 1280, "limited_event_evaluations": 0, "integrated_absolute_extent_defect": 0.0, "integrated_energy_weighted_flux_defect": 0.0, "minimum_event_factor": 1.0, "elapsed_seconds": 316.33834251295775}
{"event": "limited_ssp_progress", "macrostep": 270, "time": 0.421875, "steps": 1280, "limited_event_evaluations": 0, "integrated_absolute_extent_defect": 0.0, "integrated_energy_weighted_flux_defect": 0.0, "minimum_event_factor": 1.0, "elapsed_seconds": 328.39687201799825}
{"event": "limited_ssp_progress", "macrostep": 280, "time": 0.4375, "steps": 1280, "limited_event_evaluations": 0, "integrated_absolute_extent_defect": 0.0, "integrated_energy_weighted_flux_defect": 0.0, "minimum_event_factor": 1.0, "elapsed_seconds": 340.4881914150901}
{"event": "limited_ssp_progress", "macrostep": 290, "time": 0.453125, "steps": 1280, "limited_event_evaluations": 0, "integrated_absolute_extent_defect": 0.0, "integrated_energy_weighted_flux_defect": 0.0, "minimum_event_factor": 1.0, "elapsed_seconds": 352.52101696515456}
{"event": "limited_ssp_progress", "macrostep": 300, "time": 0.46875, "steps": 1280, "limited_event_evaluations": 0, "integrated_absolute_extent_defect": 0.0, "integrated_energy_weighted_flux_defect": 0.0, "minimum_event_factor": 1.0, "elapsed_seconds": 364.6333421631716}
{"event": "limited_ssp_progress", "macrostep": 310, "time": 0.484375, "steps": 1280, "limited_event_evaluations": 0, "integrated_absolute_extent_defect": 0.0, "integrated_energy_weighted_flux_defect": 0.0, "minimum_event_factor": 1.0, "elapsed_seconds": 376.7286966359243}
{"event": "limited_ssp_progress", "macrostep": 320, "time": 0.5, "steps": 1280, "limited_event_evaluations": 0, "integrated_absolute_extent_defect": 0.0, "integrated_energy_weighted_flux_defect": 0.0, "minimum_event_factor": 1.0, "elapsed_seconds": 388.8114749188535}
{"event": "limited_ssp_progress", "macrostep": 330, "time": 0.515625, "steps": 1280, "limited_event_evaluations": 0, "integrated_absolute_extent_defect": 0.0, "integrated_energy_weighted_flux_defect": 0.0, "minimum_event_factor": 1.0, "elapsed_seconds": 400.87537989905104}
{"event": "limited_ssp_progress", "macrostep": 340, "time": 0.53125, "steps": 1280, "limited_event_evaluations": 0, "integrated_absolute_extent_defect": 0.0, "integrated_energy_weighted_flux_defect": 0.0, "minimum_event_factor": 1.0, "elapsed_seconds": 412.993827607017}
{"event": "limited_ssp_progress", "macrostep": 350, "time": 0.546875, "steps": 1280, "limited_event_evaluations": 0, "integrated_absolute_extent_defect": 0.0, "integrated_energy_weighted_flux_defect": 0.0, "minimum_event_factor": 1.0, "elapsed_seconds": 425.1163565539755}
{"event": "limited_ssp_progress", "macrostep": 360, "time": 0.5625, "steps": 1280, "limited_event_evaluations": 0, "integrated_absolute_extent_defect": 0.0, "integrated_energy_weighted_flux_defect": 0.0, "minimum_event_factor": 1.0, "elapsed_seconds": 437.2537112138234}
{"event": "limited_ssp_progress", "macrostep": 370, "time": 0.578125, "steps": 1280, "limited_event_evaluations": 0, "integrated_absolute_extent_defect": 0.0, "integrated_energy_weighted_flux_defect": 0.0, "minimum_event_factor": 1.0, "elapsed_seconds": 449.4034285428934}
{"event": "limited_ssp_progress", "macrostep": 380, "time": 0.59375, "steps": 1280, "limited_event_evaluations": 0, "integrated_absolute_extent_defect": 0.0, "integrated_energy_weighted_flux_defect": 0.0, "minimum_event_factor": 1.0, "elapsed_seconds": 461.4829513458535}
{"event": "limited_ssp_progress", "macrostep": 390, "time": 0.609375, "steps": 1280, "limited_event_evaluations": 0, "integrated_absolute_extent_defect": 0.0, "integrated_energy_weighted_flux_defect": 0.0, "minimum_event_factor": 1.0, "elapsed_seconds": 473.6226214589551}
{"event": "limited_ssp_progress", "macrostep": 400, "time": 0.625, "steps": 1280, "limited_event_evaluations": 0, "integrated_absolute_extent_defect": 0.0, "integrated_energy_weighted_flux_defect": 0.0, "minimum_event_factor": 1.0, "elapsed_seconds": 485.69378606788814}
{"event": "limited_ssp_progress", "macrostep": 410, "time": 0.640625, "steps": 1280, "limited_event_evaluations": 0, "integrated_absolute_extent_defect": 0.0, "integrated_energy_weighted_flux_defect": 0.0, "minimum_event_factor": 1.0, "elapsed_seconds": 497.79546999093145}
{"event": "limited_ssp_progress", "macrostep": 420, "time": 0.65625, "steps": 1280, "limited_event_evaluations": 0, "integrated_absolute_extent_defect": 0.0, "integrated_energy_weighted_flux_defect": 0.0, "minimum_event_factor": 1.0, "elapsed_seconds": 509.8387018619105}
{"event": "limited_ssp_progress", "macrostep": 430, "time": 0.671875, "steps": 1280, "limited_event_evaluations": 0, "integrated_absolute_extent_defect": 0.0, "integrated_energy_weighted_flux_defect": 0.0, "minimum_event_factor": 1.0, "elapsed_seconds": 521.9302341258153}
{"event": "limited_ssp_progress", "macrostep": 440, "time": 0.6875, "steps": 1280, "limited_event_evaluations": 0, "integrated_absolute_extent_defect": 0.0, "integrated_energy_weighted_flux_defect": 0.0, "minimum_event_factor": 1.0, "elapsed_seconds": 534.0656925067306}
{"event": "limited_ssp_progress", "macrostep": 450, "time": 0.703125, "steps": 1280, "limited_event_evaluations": 0, "integrated_absolute_extent_defect": 0.0, "integrated_energy_weighted_flux_defect": 0.0, "minimum_event_factor": 1.0, "elapsed_seconds": 546.1188554330729}
{"event": "limited_ssp_progress", "macrostep": 460, "time": 0.71875, "steps": 1280, "limited_event_evaluations": 0, "integrated_absolute_extent_defect": 0.0, "integrated_energy_weighted_flux_defect": 0.0, "minimum_event_factor": 1.0, "elapsed_seconds": 558.1578348879702}
{"event": "limited_ssp_progress", "macrostep": 470, "time": 0.734375, "steps": 1280, "limited_event_evaluations": 0, "integrated_absolute_extent_defect": 0.0, "integrated_energy_weighted_flux_defect": 0.0, "minimum_event_factor": 1.0, "elapsed_seconds": 570.1952738440596}
{"event": "limited_ssp_progress", "macrostep": 480, "time": 0.75, "steps": 1280, "limited_event_evaluations": 0, "integrated_absolute_extent_defect": 0.0, "integrated_energy_weighted_flux_defect": 0.0, "minimum_event_factor": 1.0, "elapsed_seconds": 582.3025751598179}
{"event": "limited_ssp_progress", "macrostep": 490, "time": 0.765625, "steps": 1280, "limited_event_evaluations": 0, "integrated_absolute_extent_defect": 0.0, "integrated_energy_weighted_flux_defect": 0.0, "minimum_event_factor": 1.0, "elapsed_seconds": 594.4084518058226}
{"event": "limited_ssp_progress", "macrostep": 500, "time": 0.78125, "steps": 1280, "limited_event_evaluations": 0, "integrated_absolute_extent_defect": 0.0, "integrated_energy_weighted_flux_defect": 0.0, "minimum_event_factor": 1.0, "elapsed_seconds": 606.546460181009}
{"event": "limited_ssp_progress", "macrostep": 510, "time": 0.796875, "steps": 1280, "limited_event_evaluations": 0, "integrated_absolute_extent_defect": 0.0, "integrated_energy_weighted_flux_defect": 0.0, "minimum_event_factor": 1.0, "elapsed_seconds": 618.6785755101591}
{"event": "limited_ssp_progress", "macrostep": 520, "time": 0.8125, "steps": 1280, "limited_event_evaluations": 0, "integrated_absolute_extent_defect": 0.0, "integrated_energy_weighted_flux_defect": 0.0, "minimum_event_factor": 1.0, "elapsed_seconds": 630.687023113016}
{"event": "limited_ssp_progress", "macrostep": 530, "time": 0.828125, "steps": 1280, "limited_event_evaluations": 0, "integrated_absolute_extent_defect": 0.0, "integrated_energy_weighted_flux_defect": 0.0, "minimum_event_factor": 1.0, "elapsed_seconds": 642.7583581050858}
{"event": "limited_ssp_progress", "macrostep": 540, "time": 0.84375, "steps": 1280, "limited_event_evaluations": 0, "integrated_absolute_extent_defect": 0.0, "integrated_energy_weighted_flux_defect": 0.0, "minimum_event_factor": 1.0, "elapsed_seconds": 654.8875843258575}
{"event": "limited_ssp_progress", "macrostep": 550, "time": 0.859375, "steps": 1280, "limited_event_evaluations": 0, "integrated_absolute_extent_defect": 0.0, "integrated_energy_weighted_flux_defect": 0.0, "minimum_event_factor": 1.0, "elapsed_seconds": 666.9433708698489}
{"event": "limited_ssp_progress", "macrostep": 560, "time": 0.875, "steps": 1280, "limited_event_evaluations": 0, "integrated_absolute_extent_defect": 0.0, "integrated_energy_weighted_flux_defect": 0.0, "minimum_event_factor": 1.0, "elapsed_seconds": 679.0697100511752}
{"event": "limited_ssp_progress", "macrostep": 570, "time": 0.890625, "steps": 1280, "limited_event_evaluations": 0, "integrated_absolute_extent_defect": 0.0, "integrated_energy_weighted_flux_defect": 0.0, "minimum_event_factor": 1.0, "elapsed_seconds": 691.1268782718107}
{"event": "limited_ssp_progress", "macrostep": 580, "time": 0.90625, "steps": 1280, "limited_event_evaluations": 0, "integrated_absolute_extent_defect": 0.0, "integrated_energy_weighted_flux_defect": 0.0, "minimum_event_factor": 1.0, "elapsed_seconds": 703.1633914927952}
{"event": "limited_ssp_progress", "macrostep": 590, "time": 0.921875, "steps": 1280, "limited_event_evaluations": 0, "integrated_absolute_extent_defect": 0.0, "integrated_energy_weighted_flux_defect": 0.0, "minimum_event_factor": 1.0, "elapsed_seconds": 715.2404605499469}
{"event": "limited_ssp_progress", "macrostep": 600, "time": 0.9375, "steps": 1280, "limited_event_evaluations": 0, "integrated_absolute_extent_defect": 0.0, "integrated_energy_weighted_flux_defect": 0.0, "minimum_event_factor": 1.0, "elapsed_seconds": 727.3230738388374}
{"event": "limited_ssp_progress", "macrostep": 610, "time": 0.953125, "steps": 1280, "limited_event_evaluations": 0, "integrated_absolute_extent_defect": 0.0, "integrated_energy_weighted_flux_defect": 0.0, "minimum_event_factor": 1.0, "elapsed_seconds": 739.4626741698012}
{"event": "limited_ssp_progress", "macrostep": 620, "time": 0.96875, "steps": 1280, "limited_event_evaluations": 0, "integrated_absolute_extent_defect": 0.0, "integrated_energy_weighted_flux_defect": 0.0, "minimum_event_factor": 1.0, "elapsed_seconds": 751.551987066865}
{"event": "limited_ssp_progress", "macrostep": 630, "time": 0.984375, "steps": 1280, "limited_event_evaluations": 0, "integrated_absolute_extent_defect": 0.0, "integrated_energy_weighted_flux_defect": 0.0, "minimum_event_factor": 1.0, "elapsed_seconds": 763.6407056809403}
{"event": "limited_ssp_progress", "macrostep": 640, "time": 1.0, "steps": 1280, "limited_event_evaluations": 0, "integrated_absolute_extent_defect": 0.0, "integrated_energy_weighted_flux_defect": 0.0, "minimum_event_factor": 1.0, "elapsed_seconds": 775.7791477427818}
{"event": "limited_ssp_progress", "macrostep": 650, "time": 1.015625, "steps": 1280, "limited_event_evaluations": 0, "integrated_absolute_extent_defect": 0.0, "integrated_energy_weighted_flux_defect": 0.0, "minimum_event_factor": 1.0, "elapsed_seconds": 787.8611320359632}
{"event": "limited_ssp_progress", "macrostep": 660, "time": 1.03125, "steps": 1280, "limited_event_evaluations": 0, "integrated_absolute_extent_defect": 0.0, "integrated_energy_weighted_flux_defect": 0.0, "minimum_event_factor": 1.0, "elapsed_seconds": 799.8973253788427}
{"event": "limited_ssp_progress", "macrostep": 670, "time": 1.046875, "steps": 1280, "limited_event_evaluations": 0, "integrated_absolute_extent_defect": 0.0, "integrated_energy_weighted_flux_defect": 0.0, "minimum_event_factor": 1.0, "elapsed_seconds": 811.9616069309413}
{"event": "limited_ssp_progress", "macrostep": 680, "time": 1.0625, "steps": 1280, "limited_event_evaluations": 0, "integrated_absolute_extent_defect": 0.0, "integrated_energy_weighted_flux_defect": 0.0, "minimum_event_factor": 1.0, "elapsed_seconds": 823.9955025250092}
{"event": "limited_ssp_progress", "macrostep": 690, "time": 1.078125, "steps": 1280, "limited_event_evaluations": 0, "integrated_absolute_extent_defect": 0.0, "integrated_energy_weighted_flux_defect": 0.0, "minimum_event_factor": 1.0, "elapsed_seconds": 836.0828936351463}
{"event": "limited_ssp_progress", "macrostep": 700, "time": 1.09375, "steps": 1280, "limited_event_evaluations": 0, "integrated_absolute_extent_defect": 0.0, "integrated_energy_weighted_flux_defect": 0.0, "minimum_event_factor": 1.0, "elapsed_seconds": 848.1678971699439}
{"event": "limited_ssp_progress", "macrostep": 710, "time": 1.109375, "steps": 1280, "limited_event_evaluations": 0, "integrated_absolute_extent_defect": 0.0, "integrated_energy_weighted_flux_defect": 0.0, "minimum_event_factor": 1.0, "elapsed_seconds": 860.2316560568288}
{"event": "limited_ssp_progress", "macrostep": 720, "time": 1.125, "steps": 1280, "limited_event_evaluations": 0, "integrated_absolute_extent_defect": 0.0, "integrated_energy_weighted_flux_defect": 0.0, "minimum_event_factor": 1.0, "elapsed_seconds": 872.2816223260015}
{"event": "limited_ssp_progress", "macrostep": 730, "time": 1.140625, "steps": 1280, "limited_event_evaluations": 0, "integrated_absolute_extent_defect": 0.0, "integrated_energy_weighted_flux_defect": 0.0, "minimum_event_factor": 1.0, "elapsed_seconds": 884.4341510338709}
{"event": "limited_ssp_progress", "macrostep": 740, "time": 1.15625, "steps": 1280, "limited_event_evaluations": 0, "integrated_absolute_extent_defect": 0.0, "integrated_energy_weighted_flux_defect": 0.0, "minimum_event_factor": 1.0, "elapsed_seconds": 896.4674424668774}
{"event": "limited_ssp_progress", "macrostep": 750, "time": 1.171875, "steps": 1280, "limited_event_evaluations": 0, "integrated_absolute_extent_defect": 0.0, "integrated_energy_weighted_flux_defect": 0.0, "minimum_event_factor": 1.0, "elapsed_seconds": 908.4578540939838}
{"event": "limited_ssp_progress", "macrostep": 760, "time": 1.1875, "steps": 1280, "limited_event_evaluations": 0, "integrated_absolute_extent_defect": 0.0, "integrated_energy_weighted_flux_defect": 0.0, "minimum_event_factor": 1.0, "elapsed_seconds": 920.5198520408012}
{"event": "limited_ssp_progress", "macrostep": 770, "time": 1.203125, "steps": 1280, "limited_event_evaluations": 0, "integrated_absolute_extent_defect": 0.0, "integrated_energy_weighted_flux_defect": 0.0, "minimum_event_factor": 1.0, "elapsed_seconds": 932.5951053807512}
{"event": "limited_ssp_progress", "macrostep": 780, "time": 1.21875, "steps": 1280, "limited_event_evaluations": 0, "integrated_absolute_extent_defect": 0.0, "integrated_energy_weighted_flux_defect": 0.0, "minimum_event_factor": 1.0, "elapsed_seconds": 944.6942885071039}
{"event": "limited_ssp_progress", "macrostep": 790, "time": 1.234375, "steps": 1280, "limited_event_evaluations": 0, "integrated_absolute_extent_defect": 0.0, "integrated_energy_weighted_flux_defect": 0.0, "minimum_event_factor": 1.0, "elapsed_seconds": 956.8252103207633}
{"event": "limited_ssp_progress", "macrostep": 800, "time": 1.25, "steps": 1280, "limited_event_evaluations": 0, "integrated_absolute_extent_defect": 0.0, "integrated_energy_weighted_flux_defect": 0.0, "minimum_event_factor": 1.0, "elapsed_seconds": 968.897333458066}
{"event": "limited_ssp_progress", "macrostep": 810, "time": 1.265625, "steps": 1280, "limited_event_evaluations": 0, "integrated_absolute_extent_defect": 0.0, "integrated_energy_weighted_flux_defect": 0.0, "minimum_event_factor": 1.0, "elapsed_seconds": 981.0117048937827}
{"event": "limited_ssp_progress", "macrostep": 820, "time": 1.28125, "steps": 1280, "limited_event_evaluations": 0, "integrated_absolute_extent_defect": 0.0, "integrated_energy_weighted_flux_defect": 0.0, "minimum_event_factor": 1.0, "elapsed_seconds": 993.1036160080694}
{"event": "limited_ssp_progress", "macrostep": 830, "time": 1.296875, "steps": 1280, "limited_event_evaluations": 0, "integrated_absolute_extent_defect": 0.0, "integrated_energy_weighted_flux_defect": 0.0, "minimum_event_factor": 1.0, "elapsed_seconds": 1005.1333196368068}
{"event": "limited_ssp_progress", "macrostep": 840, "time": 1.3125, "steps": 1280, "limited_event_evaluations": 0, "integrated_absolute_extent_defect": 0.0, "integrated_energy_weighted_flux_defect": 0.0, "minimum_event_factor": 1.0, "elapsed_seconds": 1017.168853207957}
{"event": "limited_ssp_progress", "macrostep": 850, "time": 1.328125, "steps": 1280, "limited_event_evaluations": 0, "integrated_absolute_extent_defect": 0.0, "integrated_energy_weighted_flux_defect": 0.0, "minimum_event_factor": 1.0, "elapsed_seconds": 1029.204744845163}
{"event": "limited_ssp_progress", "macrostep": 860, "time": 1.34375, "steps": 1280, "limited_event_evaluations": 0, "integrated_absolute_extent_defect": 0.0, "integrated_energy_weighted_flux_defect": 0.0, "minimum_event_factor": 1.0, "elapsed_seconds": 1041.283744641114}
{"event": "limited_ssp_progress", "macrostep": 870, "time": 1.359375, "steps": 1280, "limited_event_evaluations": 0, "integrated_absolute_extent_defect": 0.0, "integrated_energy_weighted_flux_defect": 0.0, "minimum_event_factor": 1.0, "elapsed_seconds": 1053.4557672399096}
{"event": "limited_ssp_progress", "macrostep": 880, "time": 1.375, "steps": 1280, "limited_event_evaluations": 0, "integrated_absolute_extent_defect": 0.0, "integrated_energy_weighted_flux_defect": 0.0, "minimum_event_factor": 1.0, "elapsed_seconds": 1065.5166955171153}
{"event": "limited_ssp_progress", "macrostep": 890, "time": 1.390625, "steps": 1280, "limited_event_evaluations": 0, "integrated_absolute_extent_defect": 0.0, "integrated_energy_weighted_flux_defect": 0.0, "minimum_event_factor": 1.0, "elapsed_seconds": 1077.5113801271655}
{"event": "limited_ssp_progress", "macrostep": 900, "time": 1.40625, "steps": 1280, "limited_event_evaluations": 0, "integrated_absolute_extent_defect": 0.0, "integrated_energy_weighted_flux_defect": 0.0, "minimum_event_factor": 1.0, "elapsed_seconds": 1089.571228728164}
{"event": "limited_ssp_progress", "macrostep": 910, "time": 1.421875, "steps": 1280, "limited_event_evaluations": 0, "integrated_absolute_extent_defect": 0.0, "integrated_energy_weighted_flux_defect": 0.0, "minimum_event_factor": 1.0, "elapsed_seconds": 1101.6807359680533}
{"event": "limited_ssp_progress", "macrostep": 920, "time": 1.4375, "steps": 1280, "limited_event_evaluations": 0, "integrated_absolute_extent_defect": 0.0, "integrated_energy_weighted_flux_defect": 0.0, "minimum_event_factor": 1.0, "elapsed_seconds": 1113.7903566099703}
{"event": "limited_ssp_progress", "macrostep": 930, "time": 1.453125, "steps": 1280, "limited_event_evaluations": 0, "integrated_absolute_extent_defect": 0.0, "integrated_energy_weighted_flux_defect": 0.0, "minimum_event_factor": 1.0, "elapsed_seconds": 1125.826885189861}
{"event": "limited_ssp_progress", "macrostep": 940, "time": 1.46875, "steps": 1280, "limited_event_evaluations": 0, "integrated_absolute_extent_defect": 0.0, "integrated_energy_weighted_flux_defect": 0.0, "minimum_event_factor": 1.0, "elapsed_seconds": 1137.8589610187337}
{"event": "limited_ssp_progress", "macrostep": 950, "time": 1.484375, "steps": 1280, "limited_event_evaluations": 0, "integrated_absolute_extent_defect": 0.0, "integrated_energy_weighted_flux_defect": 0.0, "minimum_event_factor": 1.0, "elapsed_seconds": 1149.9544118428603}
{"event": "limited_ssp_progress", "macrostep": 960, "time": 1.5, "steps": 1280, "limited_event_evaluations": 0, "integrated_absolute_extent_defect": 0.0, "integrated_energy_weighted_flux_defect": 0.0, "minimum_event_factor": 1.0, "elapsed_seconds": 1162.0625169021077}
{"event": "limited_ssp_progress", "macrostep": 970, "time": 1.515625, "steps": 1280, "limited_event_evaluations": 0, "integrated_absolute_extent_defect": 0.0, "integrated_energy_weighted_flux_defect": 0.0, "minimum_event_factor": 1.0, "elapsed_seconds": 1174.1387570858933}
{"event": "limited_ssp_progress", "macrostep": 980, "time": 1.53125, "steps": 1280, "limited_event_evaluations": 0, "integrated_absolute_extent_defect": 0.0, "integrated_energy_weighted_flux_defect": 0.0, "minimum_event_factor": 1.0, "elapsed_seconds": 1186.2333311620168}
{"event": "limited_ssp_progress", "macrostep": 990, "time": 1.546875, "steps": 1280, "limited_event_evaluations": 0, "integrated_absolute_extent_defect": 0.0, "integrated_energy_weighted_flux_defect": 0.0, "minimum_event_factor": 1.0, "elapsed_seconds": 1198.238748701755}
{"event": "limited_ssp_progress", "macrostep": 1000, "time": 1.5625, "steps": 1280, "limited_event_evaluations": 0, "integrated_absolute_extent_defect": 0.0, "integrated_energy_weighted_flux_defect": 0.0, "minimum_event_factor": 1.0, "elapsed_seconds": 1210.2785576558672}
{"event": "limited_ssp_progress", "macrostep": 1010, "time": 1.578125, "steps": 1280, "limited_event_evaluations": 0, "integrated_absolute_extent_defect": 0.0, "integrated_energy_weighted_flux_defect": 0.0, "minimum_event_factor": 1.0, "elapsed_seconds": 1222.3285197890364}
{"event": "limited_ssp_progress", "macrostep": 1020, "time": 1.59375, "steps": 1280, "limited_event_evaluations": 0, "integrated_absolute_extent_defect": 0.0, "integrated_energy_weighted_flux_defect": 0.0, "minimum_event_factor": 1.0, "elapsed_seconds": 1234.4647301598452}
{"event": "limited_ssp_progress", "macrostep": 1030, "time": 1.609375, "steps": 1280, "limited_event_evaluations": 0, "integrated_absolute_extent_defect": 0.0, "integrated_energy_weighted_flux_defect": 0.0, "minimum_event_factor": 1.0, "elapsed_seconds": 1246.4958814741112}
{"event": "limited_ssp_progress", "macrostep": 1040, "time": 1.625, "steps": 1280, "limited_event_evaluations": 0, "integrated_absolute_extent_defect": 0.0, "integrated_energy_weighted_flux_defect": 0.0, "minimum_event_factor": 1.0, "elapsed_seconds": 1258.5362158059143}
{"event": "limited_ssp_progress", "macrostep": 1050, "time": 1.640625, "steps": 1280, "limited_event_evaluations": 0, "integrated_absolute_extent_defect": 0.0, "integrated_energy_weighted_flux_defect": 0.0, "minimum_event_factor": 1.0, "elapsed_seconds": 1270.6166106909513}
{"event": "limited_ssp_progress", "macrostep": 1060, "time": 1.65625, "steps": 1280, "limited_event_evaluations": 0, "integrated_absolute_extent_defect": 0.0, "integrated_energy_weighted_flux_defect": 0.0, "minimum_event_factor": 1.0, "elapsed_seconds": 1282.6580414110795}
{"event": "limited_ssp_progress", "macrostep": 1070, "time": 1.671875, "steps": 1280, "limited_event_evaluations": 0, "integrated_absolute_extent_defect": 0.0, "integrated_energy_weighted_flux_defect": 0.0, "minimum_event_factor": 1.0, "elapsed_seconds": 1294.766098078806}
{"event": "limited_ssp_progress", "macrostep": 1080, "time": 1.6875, "steps": 1280, "limited_event_evaluations": 0, "integrated_absolute_extent_defect": 0.0, "integrated_energy_weighted_flux_defect": 0.0, "minimum_event_factor": 1.0, "elapsed_seconds": 1306.8562278570607}
{"event": "limited_ssp_progress", "macrostep": 1090, "time": 1.703125, "steps": 1280, "limited_event_evaluations": 0, "integrated_absolute_extent_defect": 0.0, "integrated_energy_weighted_flux_defect": 0.0, "minimum_event_factor": 1.0, "elapsed_seconds": 1318.9342451239936}
{"event": "limited_ssp_progress", "macrostep": 1100, "time": 1.71875, "steps": 1280, "limited_event_evaluations": 0, "integrated_absolute_extent_defect": 0.0, "integrated_energy_weighted_flux_defect": 0.0, "minimum_event_factor": 1.0, "elapsed_seconds": 1330.9658298217691}
{"event": "limited_ssp_progress", "macrostep": 1110, "time": 1.734375, "steps": 1280, "limited_event_evaluations": 0, "integrated_absolute_extent_defect": 0.0, "integrated_energy_weighted_flux_defect": 0.0, "minimum_event_factor": 1.0, "elapsed_seconds": 1343.0471458300017}
{"event": "limited_ssp_progress", "macrostep": 1120, "time": 1.75, "steps": 1280, "limited_event_evaluations": 0, "integrated_absolute_extent_defect": 0.0, "integrated_energy_weighted_flux_defect": 0.0, "minimum_event_factor": 1.0, "elapsed_seconds": 1355.1099950731732}
{"event": "limited_ssp_progress", "macrostep": 1130, "time": 1.765625, "steps": 1280, "limited_event_evaluations": 0, "integrated_absolute_extent_defect": 0.0, "integrated_energy_weighted_flux_defect": 0.0, "minimum_event_factor": 1.0, "elapsed_seconds": 1367.1503280559555}
{"event": "limited_ssp_progress", "macrostep": 1140, "time": 1.78125, "steps": 1280, "limited_event_evaluations": 0, "integrated_absolute_extent_defect": 0.0, "integrated_energy_weighted_flux_defect": 0.0, "minimum_event_factor": 1.0, "elapsed_seconds": 1379.1828949870542}
{"event": "limited_ssp_progress", "macrostep": 1150, "time": 1.796875, "steps": 1280, "limited_event_evaluations": 0, "integrated_absolute_extent_defect": 0.0, "integrated_energy_weighted_flux_defect": 0.0, "minimum_event_factor": 1.0, "elapsed_seconds": 1391.1942771887407}
{"event": "limited_ssp_progress", "macrostep": 1160, "time": 1.8125, "steps": 1280, "limited_event_evaluations": 0, "integrated_absolute_extent_defect": 0.0, "integrated_energy_weighted_flux_defect": 0.0, "minimum_event_factor": 1.0, "elapsed_seconds": 1403.2801403058693}
{"event": "limited_ssp_progress", "macrostep": 1170, "time": 1.828125, "steps": 1280, "limited_event_evaluations": 0, "integrated_absolute_extent_defect": 0.0, "integrated_energy_weighted_flux_defect": 0.0, "minimum_event_factor": 1.0, "elapsed_seconds": 1415.343454294838}
{"event": "limited_ssp_progress", "macrostep": 1180, "time": 1.84375, "steps": 1280, "limited_event_evaluations": 0, "integrated_absolute_extent_defect": 0.0, "integrated_energy_weighted_flux_defect": 0.0, "minimum_event_factor": 1.0, "elapsed_seconds": 1427.4159375238232}
{"event": "limited_ssp_progress", "macrostep": 1190, "time": 1.859375, "steps": 1280, "limited_event_evaluations": 0, "integrated_absolute_extent_defect": 0.0, "integrated_energy_weighted_flux_defect": 0.0, "minimum_event_factor": 1.0, "elapsed_seconds": 1439.449054616969}
{"event": "limited_ssp_progress", "macrostep": 1200, "time": 1.875, "steps": 1280, "limited_event_evaluations": 0, "integrated_absolute_extent_defect": 0.0, "integrated_energy_weighted_flux_defect": 0.0, "minimum_event_factor": 1.0, "elapsed_seconds": 1451.5418985448778}
{"event": "limited_ssp_progress", "macrostep": 1210, "time": 1.890625, "steps": 1280, "limited_event_evaluations": 0, "integrated_absolute_extent_defect": 0.0, "integrated_energy_weighted_flux_defect": 0.0, "minimum_event_factor": 1.0, "elapsed_seconds": 1463.6018734318204}
{"event": "limited_ssp_progress", "macrostep": 1220, "time": 1.90625, "steps": 1280, "limited_event_evaluations": 0, "integrated_absolute_extent_defect": 0.0, "integrated_energy_weighted_flux_defect": 0.0, "minimum_event_factor": 1.0, "elapsed_seconds": 1475.611685370095}
{"event": "limited_ssp_progress", "macrostep": 1230, "time": 1.921875, "steps": 1280, "limited_event_evaluations": 0, "integrated_absolute_extent_defect": 0.0, "integrated_energy_weighted_flux_defect": 0.0, "minimum_event_factor": 1.0, "elapsed_seconds": 1487.6697988007218}
{"event": "limited_ssp_progress", "macrostep": 1240, "time": 1.9375, "steps": 1280, "limited_event_evaluations": 0, "integrated_absolute_extent_defect": 0.0, "integrated_energy_weighted_flux_defect": 0.0, "minimum_event_factor": 1.0, "elapsed_seconds": 1499.7675528060645}
{"event": "limited_ssp_progress", "macrostep": 1250, "time": 1.953125, "steps": 1280, "limited_event_evaluations": 0, "integrated_absolute_extent_defect": 0.0, "integrated_energy_weighted_flux_defect": 0.0, "minimum_event_factor": 1.0, "elapsed_seconds": 1511.812919715885}
{"event": "limited_ssp_progress", "macrostep": 1260, "time": 1.96875, "steps": 1280, "limited_event_evaluations": 0, "integrated_absolute_extent_defect": 0.0, "integrated_energy_weighted_flux_defect": 0.0, "minimum_event_factor": 1.0, "elapsed_seconds": 1523.867096269969}
{"event": "limited_ssp_progress", "macrostep": 1270, "time": 1.984375, "steps": 1280, "limited_event_evaluations": 0, "integrated_absolute_extent_defect": 0.0, "integrated_energy_weighted_flux_defect": 0.0, "minimum_event_factor": 1.0, "elapsed_seconds": 1535.90502964193}
{"event": "limited_ssp_progress", "macrostep": 1280, "time": 2.0, "steps": 1280, "limited_event_evaluations": 0, "integrated_absolute_extent_defect": 0.0, "integrated_energy_weighted_flux_defect": 0.0, "minimum_event_factor": 1.0, "elapsed_seconds": 1547.8708723247983}
{
  "status": "COMPLETED_NOT_YET_ADJUDICATED",
  "runtime_seconds": 1552.1534128701314,
  "energy_ledger_scaled_max": 3.152733629718796e-11,
  "instantaneous_residual_max": 1.625912945946162e-14,
  "rhs_calls": 3852,
  "final": {
    "amplitudes": [
      0.74906013028019,
      0.9763435167910288
    ],
    "electron_energy": [
      0.03967242897536655,
      -0.4376681697420933
    ],
    "excitation_energy": [
      0.4823373903656924,
      0.061776640361656955
    ],
    "phonon_energy": [
      0.11040885226839382,
      0.0025863857797704766
    ],
    "temperatures": [
      0.4076240202724412,
      0.2514838321723479
    ],
    "forces": [
      -0.04997718606932661,
      -0.0024433276409858984
    ],
    "escape": [
      0.016347984951611598,
      2.9731278772887004e-05
    ],
    "input": [
      0.01999999999999841,
      0.0
    ],
    "electron_to_phonon": [
      -0.025136788587644638,
      0.000722491250879096
    ],
    "condensate_heat": [
      0.03247334681610293,
      0.001523994848939412
    ],
    "transport": 0.05994159265372324,
    "total": -0.2850005027185625,
    "conserved": -0.2886227864881764,
    "minimum_electron": 3.865310240568003e-14,
    "maximum_electron": 0.49110159053935043,
    "minimum_phonon": 4.6020792917568574e-09
  }
}
{"event": "INTEGRATION_RECORD_SAVED", "status": "COMPLETED_NOT_YET_ADJUDICATED", "output": "/home/jdiaz/pysnspd/tmp/stage2_ssp_two_time_20260922/two_ssp_1280.json", "elapsed_seconds": 1552.2285075858235}
