{"event": "limited_ssp_progress", "macrostep": 1, "time": 0.0125, "steps": 160, "limited_event_evaluations": 0, "integrated_absolute_extent_defect": 0.0, "integrated_energy_weighted_flux_defect": 0.0, "minimum_event_factor": 1.0, "elapsed_seconds": 1.6091291392222047}
{"event": "limited_ssp_progress", "macrostep": 10, "time": 0.125, "steps": 160, "limited_event_evaluations": 0, "integrated_absolute_extent_defect": 0.0, "integrated_energy_weighted_flux_defect": 0.0, "minimum_event_factor": 1.0, "elapsed_seconds": 12.431727432180196}
{"event": "limited_ssp_progress", "macrostep": 20, "time": 0.25, "steps": 160, "limited_event_evaluations": 0, "integrated_absolute_extent_defect": 0.0, "integrated_energy_weighted_flux_defect": 0.0, "minimum_event_factor": 1.0, "elapsed_seconds": 24.44611630216241}
{"event": "limited_ssp_progress", "macrostep": 30, "time": 0.375, "steps": 160, "limited_event_evaluations": 0, "integrated_absolute_extent_defect": 0.0, "integrated_energy_weighted_flux_defect": 0.0, "minimum_event_factor": 1.0, "elapsed_seconds": 36.44486700696871}
{"event": "limited_ssp_progress", "macrostep": 40, "time": 0.5, "steps": 160, "limited_event_evaluations": 0, "integrated_absolute_extent_defect": 0.0, "integrated_energy_weighted_flux_defect": 0.0, "minimum_event_factor": 1.0, "elapsed_seconds": 48.48074813187122}
{"event": "limited_ssp_progress", "macrostep": 50, "time": 0.625, "steps": 160, "limited_event_evaluations": 0, "integrated_absolute_extent_defect": 0.0, "integrated_energy_weighted_flux_defect": 0.0, "minimum_event_factor": 1.0, "elapsed_seconds": 60.4940715408884}
{"event": "limited_ssp_progress", "macrostep": 60, "time": 0.75, "steps": 160, "limited_event_evaluations": 0, "integrated_absolute_extent_defect": 0.0, "integrated_energy_weighted_flux_defect": 0.0, "minimum_event_factor": 1.0, "elapsed_seconds": 72.48607476893812}
{"event": "limited_ssp_progress", "macrostep": 70, "time": 0.875, "steps": 160, "limited_event_evaluations": 0, "integrated_absolute_extent_defect": 0.0, "integrated_energy_weighted_flux_defect": 0.0, "minimum_event_factor": 1.0, "elapsed_seconds": 84.46976945223287}
{"event": "limited_ssp_progress", "macrostep": 80, "time": 1.0, "steps": 160, "limited_event_evaluations": 0, "integrated_absolute_extent_defect": 0.0, "integrated_energy_weighted_flux_defect": 0.0, "minimum_event_factor": 1.0, "elapsed_seconds": 96.46609064005315}
{"event": "limited_ssp_progress", "macrostep": 90, "time": 1.125, "steps": 160, "limited_event_evaluations": 0, "integrated_absolute_extent_defect": 0.0, "integrated_energy_weighted_flux_defect": 0.0, "minimum_event_factor": 1.0, "elapsed_seconds": 108.45523996511474}
{"event": "limited_ssp_progress", "macrostep": 100, "time": 1.25, "steps": 160, "limited_event_evaluations": 0, "integrated_absolute_extent_defect": 0.0, "integrated_energy_weighted_flux_defect": 0.0, "minimum_event_factor": 1.0, "elapsed_seconds": 120.45837179105729}
{"event": "limited_ssp_progress", "macrostep": 110, "time": 1.375, "steps": 160, "limited_event_evaluations": 0, "integrated_absolute_extent_defect": 0.0, "integrated_energy_weighted_flux_defect": 0.0, "minimum_event_factor": 1.0, "elapsed_seconds": 132.42677345499396}
{"event": "limited_ssp_progress", "macrostep": 120, "time": 1.5, "steps": 160, "limited_event_evaluations": 0, "integrated_absolute_extent_defect": 0.0, "integrated_energy_weighted_flux_defect": 0.0, "minimum_event_factor": 1.0, "elapsed_seconds": 144.39408177696168}
{"event": "limited_ssp_progress", "macrostep": 130, "time": 1.625, "steps": 160, "limited_event_evaluations": 0, "integrated_absolute_extent_defect": 0.0, "integrated_energy_weighted_flux_defect": 0.0, "minimum_event_factor": 1.0, "elapsed_seconds": 156.3936855890788}
{"event": "limited_ssp_progress", "macrostep": 140, "time": 1.75, "steps": 160, "limited_event_evaluations": 0, "integrated_absolute_extent_defect": 0.0, "integrated_energy_weighted_flux_defect": 0.0, "minimum_event_factor": 1.0, "elapsed_seconds": 168.38460573693737}
{"event": "limited_ssp_progress", "macrostep": 150, "time": 1.875, "steps": 160, "limited_event_evaluations": 0, "integrated_absolute_extent_defect": 0.0, "integrated_energy_weighted_flux_defect": 0.0, "minimum_event_factor": 1.0, "elapsed_seconds": 180.37243322422728}
{"event": "limited_ssp_progress", "macrostep": 160, "time": 2.0, "steps": 160, "limited_event_evaluations": 0, "integrated_absolute_extent_defect": 0.0, "integrated_energy_weighted_flux_defect": 0.0, "minimum_event_factor": 1.0, "elapsed_seconds": 192.40141065511853}
{
  "status": "COMPLETED_NOT_YET_ADJUDICATED",
  "runtime_seconds": 195.58344936929643,
  "energy_ledger_scaled_max": 1.6378739919886698e-08,
  "instantaneous_residual_max": 1.6129892560501347e-14,
  "rhs_calls": 492,
  "final": {
    "amplitudes": [
      0.749060125880048,
      0.9763435178217971
    ],
    "electron_energy": [
      0.03967246055611473,
      -0.43766816309238243
    ],
    "excitation_energy": [
      0.48233742004179114,
      0.061776647059555184
    ],
    "phonon_energy": [
      0.11040883255579546,
      0.0025863859730490793
    ],
    "temperatures": [
      0.407624029183004,
      0.25148383830664695
    ],
    "forces": [
      -0.049977172557695626,
      -0.0024433209253719237
    ],
    "escape": [
      0.016347982571307755,
      2.9731295151548415e-05
    ],
    "input": [
      0.01999999999999997,
      0.0
    ],
    "electron_to_phonon": [
      -0.02513681068055941,
      0.0007224914605362021
    ],
    "condensate_heat": [
      0.032473355381632554,
      0.0015239953640966762
    ],
    "transport": 0.059941598912615995,
    "total": -0.28500048400742317,
    "conserved": -0.2886227701409638,
    "minimum_electron": 3.865311256039396e-14,
    "maximum_electron": 0.49110159198806425,
    "minimum_phonon": 4.5425207676130674e-09
  }
}
{"event": "INTEGRATION_RECORD_SAVED", "status": "COMPLETED_NOT_YET_ADJUDICATED", "output": "/home/jdiaz/pysnspd/tmp/stage2_ssp_two_time_20260922/two_ssp_160.json", "elapsed_seconds": 195.59390511224046}
