{"event": "limited_ssp_progress", "macrostep": 1, "time": 0.00625, "steps": 320, "limited_event_evaluations": 0, "integrated_absolute_extent_defect": 0.0, "integrated_energy_weighted_flux_defect": 0.0, "minimum_event_factor": 1.0, "elapsed_seconds": 1.5868356432765722}
{"event": "limited_ssp_progress", "macrostep": 10, "time": 0.0625, "steps": 320, "limited_event_evaluations": 0, "integrated_absolute_extent_defect": 0.0, "integrated_energy_weighted_flux_defect": 0.0, "minimum_event_factor": 1.0, "elapsed_seconds": 12.352413261309266}
{"event": "limited_ssp_progress", "macrostep": 20, "time": 0.125, "steps": 320, "limited_event_evaluations": 0, "integrated_absolute_extent_defect": 0.0, "integrated_energy_weighted_flux_defect": 0.0, "minimum_event_factor": 1.0, "elapsed_seconds": 24.41500117117539}
{"event": "limited_ssp_progress", "macrostep": 30, "time": 0.1875, "steps": 320, "limited_event_evaluations": 0, "integrated_absolute_extent_defect": 0.0, "integrated_energy_weighted_flux_defect": 0.0, "minimum_event_factor": 1.0, "elapsed_seconds": 36.44180304836482}
{"event": "limited_ssp_progress", "macrostep": 40, "time": 0.25, "steps": 320, "limited_event_evaluations": 0, "integrated_absolute_extent_defect": 0.0, "integrated_energy_weighted_flux_defect": 0.0, "minimum_event_factor": 1.0, "elapsed_seconds": 48.511448563076556}
{"event": "limited_ssp_progress", "macrostep": 50, "time": 0.3125, "steps": 320, "limited_event_evaluations": 0, "integrated_absolute_extent_defect": 0.0, "integrated_energy_weighted_flux_defect": 0.0, "minimum_event_factor": 1.0, "elapsed_seconds": 60.55999229243025}
{"event": "limited_ssp_progress", "macrostep": 60, "time": 0.375, "steps": 320, "limited_event_evaluations": 0, "integrated_absolute_extent_defect": 0.0, "integrated_energy_weighted_flux_defect": 0.0, "minimum_event_factor": 1.0, "elapsed_seconds": 72.59994369931519}
{"event": "limited_ssp_progress", "macrostep": 70, "time": 0.4375, "steps": 320, "limited_event_evaluations": 0, "integrated_absolute_extent_defect": 0.0, "integrated_energy_weighted_flux_defect": 0.0, "minimum_event_factor": 1.0, "elapsed_seconds": 84.69484952837229}
{"event": "limited_ssp_progress", "macrostep": 80, "time": 0.5, "steps": 320, "limited_event_evaluations": 0, "integrated_absolute_extent_defect": 0.0, "integrated_energy_weighted_flux_defect": 0.0, "minimum_event_factor": 1.0, "elapsed_seconds": 96.73832334997132}
{"event": "limited_ssp_progress", "macrostep": 90, "time": 0.5625, "steps": 320, "limited_event_evaluations": 0, "integrated_absolute_extent_defect": 0.0, "integrated_energy_weighted_flux_defect": 0.0, "minimum_event_factor": 1.0, "elapsed_seconds": 108.77054014243186}
{"event": "limited_ssp_progress", "macrostep": 100, "time": 0.625, "steps": 320, "limited_event_evaluations": 0, "integrated_absolute_extent_defect": 0.0, "integrated_energy_weighted_flux_defect": 0.0, "minimum_event_factor": 1.0, "elapsed_seconds": 120.73073965823278}
{"event": "limited_ssp_progress", "macrostep": 110, "time": 0.6875, "steps": 320, "limited_event_evaluations": 0, "integrated_absolute_extent_defect": 0.0, "integrated_energy_weighted_flux_defect": 0.0, "minimum_event_factor": 1.0, "elapsed_seconds": 132.66846917802468}
{"event": "limited_ssp_progress", "macrostep": 120, "time": 0.75, "steps": 320, "limited_event_evaluations": 0, "integrated_absolute_extent_defect": 0.0, "integrated_energy_weighted_flux_defect": 0.0, "minimum_event_factor": 1.0, "elapsed_seconds": 144.689574257005}
{"event": "limited_ssp_progress", "macrostep": 130, "time": 0.8125, "steps": 320, "limited_event_evaluations": 0, "integrated_absolute_extent_defect": 0.0, "integrated_energy_weighted_flux_defect": 0.0, "minimum_event_factor": 1.0, "elapsed_seconds": 156.6932819033973}
{"event": "limited_ssp_progress", "macrostep": 140, "time": 0.875, "steps": 320, "limited_event_evaluations": 0, "integrated_absolute_extent_defect": 0.0, "integrated_energy_weighted_flux_defect": 0.0, "minimum_event_factor": 1.0, "elapsed_seconds": 168.69758571311831}
{"event": "limited_ssp_progress", "macrostep": 150, "time": 0.9375, "steps": 320, "limited_event_evaluations": 0, "integrated_absolute_extent_defect": 0.0, "integrated_energy_weighted_flux_defect": 0.0, "minimum_event_factor": 1.0, "elapsed_seconds": 180.71622726507485}
{"event": "limited_ssp_progress", "macrostep": 160, "time": 1.0, "steps": 320, "limited_event_evaluations": 0, "integrated_absolute_extent_defect": 0.0, "integrated_energy_weighted_flux_defect": 0.0, "minimum_event_factor": 1.0, "elapsed_seconds": 192.75381949730217}
{"event": "limited_ssp_progress", "macrostep": 170, "time": 1.0625, "steps": 320, "limited_event_evaluations": 0, "integrated_absolute_extent_defect": 0.0, "integrated_energy_weighted_flux_defect": 0.0, "minimum_event_factor": 1.0, "elapsed_seconds": 204.75662509026006}
{"event": "limited_ssp_progress", "macrostep": 180, "time": 1.125, "steps": 320, "limited_event_evaluations": 0, "integrated_absolute_extent_defect": 0.0, "integrated_energy_weighted_flux_defect": 0.0, "minimum_event_factor": 1.0, "elapsed_seconds": 216.74475876009092}
{"event": "limited_ssp_progress", "macrostep": 190, "time": 1.1875, "steps": 320, "limited_event_evaluations": 0, "integrated_absolute_extent_defect": 0.0, "integrated_energy_weighted_flux_defect": 0.0, "minimum_event_factor": 1.0, "elapsed_seconds": 228.68901002127677}
{"event": "limited_ssp_progress", "macrostep": 200, "time": 1.25, "steps": 320, "limited_event_evaluations": 0, "integrated_absolute_extent_defect": 0.0, "integrated_energy_weighted_flux_defect": 0.0, "minimum_event_factor": 1.0, "elapsed_seconds": 240.65196450520307}
{"event": "limited_ssp_progress", "macrostep": 210, "time": 1.3125, "steps": 320, "limited_event_evaluations": 0, "integrated_absolute_extent_defect": 0.0, "integrated_energy_weighted_flux_defect": 0.0, "minimum_event_factor": 1.0, "elapsed_seconds": 252.65327967517078}
{"event": "limited_ssp_progress", "macrostep": 220, "time": 1.375, "steps": 320, "limited_event_evaluations": 0, "integrated_absolute_extent_defect": 0.0, "integrated_energy_weighted_flux_defect": 0.0, "minimum_event_factor": 1.0, "elapsed_seconds": 264.5758241880685}
{"event": "limited_ssp_progress", "macrostep": 230, "time": 1.4375, "steps": 320, "limited_event_evaluations": 0, "integrated_absolute_extent_defect": 0.0, "integrated_energy_weighted_flux_defect": 0.0, "minimum_event_factor": 1.0, "elapsed_seconds": 276.58622160134837}
{"event": "limited_ssp_progress", "macrostep": 240, "time": 1.5, "steps": 320, "limited_event_evaluations": 0, "integrated_absolute_extent_defect": 0.0, "integrated_energy_weighted_flux_defect": 0.0, "minimum_event_factor": 1.0, "elapsed_seconds": 288.5889293863438}
{"event": "limited_ssp_progress", "macrostep": 250, "time": 1.5625, "steps": 320, "limited_event_evaluations": 0, "integrated_absolute_extent_defect": 0.0, "integrated_energy_weighted_flux_defect": 0.0, "minimum_event_factor": 1.0, "elapsed_seconds": 300.53455073712394}
{"event": "limited_ssp_progress", "macrostep": 260, "time": 1.625, "steps": 320, "limited_event_evaluations": 0, "integrated_absolute_extent_defect": 0.0, "integrated_energy_weighted_flux_defect": 0.0, "minimum_event_factor": 1.0, "elapsed_seconds": 312.4972603470087}
{"event": "limited_ssp_progress", "macrostep": 270, "time": 1.6875, "steps": 320, "limited_event_evaluations": 0, "integrated_absolute_extent_defect": 0.0, "integrated_energy_weighted_flux_defect": 0.0, "minimum_event_factor": 1.0, "elapsed_seconds": 324.46256961720064}
{"event": "limited_ssp_progress", "macrostep": 280, "time": 1.75, "steps": 320, "limited_event_evaluations": 0, "integrated_absolute_extent_defect": 0.0, "integrated_energy_weighted_flux_defect": 0.0, "minimum_event_factor": 1.0, "elapsed_seconds": 336.41380741726607}
{"event": "limited_ssp_progress", "macrostep": 290, "time": 1.8125, "steps": 320, "limited_event_evaluations": 0, "integrated_absolute_extent_defect": 0.0, "integrated_energy_weighted_flux_defect": 0.0, "minimum_event_factor": 1.0, "elapsed_seconds": 348.357876108028}
{"event": "limited_ssp_progress", "macrostep": 300, "time": 1.875, "steps": 320, "limited_event_evaluations": 0, "integrated_absolute_extent_defect": 0.0, "integrated_energy_weighted_flux_defect": 0.0, "minimum_event_factor": 1.0, "elapsed_seconds": 360.33408646006137}
{"event": "limited_ssp_progress", "macrostep": 310, "time": 1.9375, "steps": 320, "limited_event_evaluations": 0, "integrated_absolute_extent_defect": 0.0, "integrated_energy_weighted_flux_defect": 0.0, "minimum_event_factor": 1.0, "elapsed_seconds": 372.2783983494155}
{"event": "limited_ssp_progress", "macrostep": 320, "time": 2.0, "steps": 320, "limited_event_evaluations": 0, "integrated_absolute_extent_defect": 0.0, "integrated_energy_weighted_flux_defect": 0.0, "minimum_event_factor": 1.0, "elapsed_seconds": 384.2070214981213}
{
  "status": "COMPLETED_NOT_YET_ADJUDICATED",
  "runtime_seconds": 387.53787809377536,
  "energy_ledger_scaled_max": 2.0325197080950375e-09,
  "instantaneous_residual_max": 1.6327217355893708e-14,
  "rhs_calls": 972,
  "final": {
    "amplitudes": [
      0.7490601277632054,
      0.9763435167999681
    ],
    "electron_energy": [
      0.039672437905202806,
      -0.43766816779094975
    ],
    "excitation_energy": [
      0.48233739820602445,
      0.06177664231321842
    ],
    "phonon_energy": [
      0.11040884443078468,
      0.0025863858800339126
    ],
    "temperatures": [
      0.407624022447468,
      0.2514838339175895
    ],
    "forces": [
      -0.04997718376041238,
      -0.002443326283224266
    ],
    "escape": [
      0.016347983802403654,
      2.9731285340551853e-05
    ],
    "input": [
      0.019999999999999886,
      0.0
    ],
    "electron_to_phonon": [
      -0.025136797574475102,
      0.0007224913577100158
    ],
    "condensate_heat": [
      0.032473347285665775,
      0.0015239949076389769
    ],
    "transport": 0.059941594637336885,
    "total": -0.28500049957492835,
    "conserved": -0.28862278448718404,
    "minimum_electron": 3.8652682827433516e-14,
    "maximum_electron": 0.4911015904275672,
    "minimum_phonon": 4.578709085903454e-09
  }
}
{"event": "INTEGRATION_RECORD_SAVED", "status": "COMPLETED_NOT_YET_ADJUDICATED", "output": "/home/jdiaz/pysnspd/tmp/stage2_ssp_two_time_20260922/two_ssp_320.json", "elapsed_seconds": 387.5555954580195}
