{"event": "limited_ssp_progress", "macrostep": 1, "time": 0.003125, "steps": 640, "limited_event_evaluations": 0, "integrated_absolute_extent_defect": 0.0, "integrated_energy_weighted_flux_defect": 0.0, "minimum_event_factor": 1.0, "elapsed_seconds": 1.6027680807746947}
{"event": "limited_ssp_progress", "macrostep": 10, "time": 0.03125, "steps": 640, "limited_event_evaluations": 0, "integrated_absolute_extent_defect": 0.0, "integrated_energy_weighted_flux_defect": 0.0, "minimum_event_factor": 1.0, "elapsed_seconds": 12.448401391040534}
{"event": "limited_ssp_progress", "macrostep": 20, "time": 0.0625, "steps": 640, "limited_event_evaluations": 0, "integrated_absolute_extent_defect": 0.0, "integrated_energy_weighted_flux_defect": 0.0, "minimum_event_factor": 1.0, "elapsed_seconds": 24.559060716070235}
{"event": "limited_ssp_progress", "macrostep": 30, "time": 0.09375, "steps": 640, "limited_event_evaluations": 0, "integrated_absolute_extent_defect": 0.0, "integrated_energy_weighted_flux_defect": 0.0, "minimum_event_factor": 1.0, "elapsed_seconds": 36.66459486493841}
{"event": "limited_ssp_progress", "macrostep": 40, "time": 0.125, "steps": 640, "limited_event_evaluations": 0, "integrated_absolute_extent_defect": 0.0, "integrated_energy_weighted_flux_defect": 0.0, "minimum_event_factor": 1.0, "elapsed_seconds": 48.78691110573709}
{"event": "limited_ssp_progress", "macrostep": 50, "time": 0.15625, "steps": 640, "limited_event_evaluations": 0, "integrated_absolute_extent_defect": 0.0, "integrated_energy_weighted_flux_defect": 0.0, "minimum_event_factor": 1.0, "elapsed_seconds": 60.901360970921814}
{"event": "limited_ssp_progress", "macrostep": 60, "time": 0.1875, "steps": 640, "limited_event_evaluations": 0, "integrated_absolute_extent_defect": 0.0, "integrated_energy_weighted_flux_defect": 0.0, "minimum_event_factor": 1.0, "elapsed_seconds": 73.0279781180434}
{"event": "limited_ssp_progress", "macrostep": 70, "time": 0.21875, "steps": 640, "limited_event_evaluations": 0, "integrated_absolute_extent_defect": 0.0, "integrated_energy_weighted_flux_defect": 0.0, "minimum_event_factor": 1.0, "elapsed_seconds": 85.12669275095686}
{"event": "limited_ssp_progress", "macrostep": 80, "time": 0.25, "steps": 640, "limited_event_evaluations": 0, "integrated_absolute_extent_defect": 0.0, "integrated_energy_weighted_flux_defect": 0.0, "minimum_event_factor": 1.0, "elapsed_seconds": 97.16711687203497}
{"event": "limited_ssp_progress", "macrostep": 90, "time": 0.28125, "steps": 640, "limited_event_evaluations": 0, "integrated_absolute_extent_defect": 0.0, "integrated_energy_weighted_flux_defect": 0.0, "minimum_event_factor": 1.0, "elapsed_seconds": 109.20461634267122}
{"event": "limited_ssp_progress", "macrostep": 100, "time": 0.3125, "steps": 640, "limited_event_evaluations": 0, "integrated_absolute_extent_defect": 0.0, "integrated_energy_weighted_flux_defect": 0.0, "minimum_event_factor": 1.0, "elapsed_seconds": 121.28051914274693}
{"event": "limited_ssp_progress", "macrostep": 110, "time": 0.34375, "steps": 640, "limited_event_evaluations": 0, "integrated_absolute_extent_defect": 0.0, "integrated_energy_weighted_flux_defect": 0.0, "minimum_event_factor": 1.0, "elapsed_seconds": 133.37341646570712}
{"event": "limited_ssp_progress", "macrostep": 120, "time": 0.375, "steps": 640, "limited_event_evaluations": 0, "integrated_absolute_extent_defect": 0.0, "integrated_energy_weighted_flux_defect": 0.0, "minimum_event_factor": 1.0, "elapsed_seconds": 145.4546382026747}
{"event": "limited_ssp_progress", "macrostep": 130, "time": 0.40625, "steps": 640, "limited_event_evaluations": 0, "integrated_absolute_extent_defect": 0.0, "integrated_energy_weighted_flux_defect": 0.0, "minimum_event_factor": 1.0, "elapsed_seconds": 157.5546770147048}
{"event": "limited_ssp_progress", "macrostep": 140, "time": 0.4375, "steps": 640, "limited_event_evaluations": 0, "integrated_absolute_extent_defect": 0.0, "integrated_energy_weighted_flux_defect": 0.0, "minimum_event_factor": 1.0, "elapsed_seconds": 169.62551685702056}
{"event": "limited_ssp_progress", "macrostep": 150, "time": 0.46875, "steps": 640, "limited_event_evaluations": 0, "integrated_absolute_extent_defect": 0.0, "integrated_energy_weighted_flux_defect": 0.0, "minimum_event_factor": 1.0, "elapsed_seconds": 181.7182670920156}
{"event": "limited_ssp_progress", "macrostep": 160, "time": 0.5, "steps": 640, "limited_event_evaluations": 0, "integrated_absolute_extent_defect": 0.0, "integrated_energy_weighted_flux_defect": 0.0, "minimum_event_factor": 1.0, "elapsed_seconds": 193.82358957873657}
{"event": "limited_ssp_progress", "macrostep": 170, "time": 0.53125, "steps": 640, "limited_event_evaluations": 0, "integrated_absolute_extent_defect": 0.0, "integrated_energy_weighted_flux_defect": 0.0, "minimum_event_factor": 1.0, "elapsed_seconds": 205.92269470263273}
{"event": "limited_ssp_progress", "macrostep": 180, "time": 0.5625, "steps": 640, "limited_event_evaluations": 0, "integrated_absolute_extent_defect": 0.0, "integrated_energy_weighted_flux_defect": 0.0, "minimum_event_factor": 1.0, "elapsed_seconds": 217.95114815374836}
{"event": "limited_ssp_progress", "macrostep": 190, "time": 0.59375, "steps": 640, "limited_event_evaluations": 0, "integrated_absolute_extent_defect": 0.0, "integrated_energy_weighted_flux_defect": 0.0, "minimum_event_factor": 1.0, "elapsed_seconds": 230.00709912274033}
{"event": "limited_ssp_progress", "macrostep": 200, "time": 0.625, "steps": 640, "limited_event_evaluations": 0, "integrated_absolute_extent_defect": 0.0, "integrated_energy_weighted_flux_defect": 0.0, "minimum_event_factor": 1.0, "elapsed_seconds": 242.05270094564185}
{"event": "limited_ssp_progress", "macrostep": 210, "time": 0.65625, "steps": 640, "limited_event_evaluations": 0, "integrated_absolute_extent_defect": 0.0, "integrated_energy_weighted_flux_defect": 0.0, "minimum_event_factor": 1.0, "elapsed_seconds": 254.10328726191074}
{"event": "limited_ssp_progress", "macrostep": 220, "time": 0.6875, "steps": 640, "limited_event_evaluations": 0, "integrated_absolute_extent_defect": 0.0, "integrated_energy_weighted_flux_defect": 0.0, "minimum_event_factor": 1.0, "elapsed_seconds": 266.13302892586216}
{"event": "limited_ssp_progress", "macrostep": 230, "time": 0.71875, "steps": 640, "limited_event_evaluations": 0, "integrated_absolute_extent_defect": 0.0, "integrated_energy_weighted_flux_defect": 0.0, "minimum_event_factor": 1.0, "elapsed_seconds": 278.18853527866304}
{"event": "limited_ssp_progress", "macrostep": 240, "time": 0.75, "steps": 640, "limited_event_evaluations": 0, "integrated_absolute_extent_defect": 0.0, "integrated_energy_weighted_flux_defect": 0.0, "minimum_event_factor": 1.0, "elapsed_seconds": 290.26680695079267}
{"event": "limited_ssp_progress", "macrostep": 250, "time": 0.78125, "steps": 640, "limited_event_evaluations": 0, "integrated_absolute_extent_defect": 0.0, "integrated_energy_weighted_flux_defect": 0.0, "minimum_event_factor": 1.0, "elapsed_seconds": 302.32488505681977}
{"event": "limited_ssp_progress", "macrostep": 260, "time": 0.8125, "steps": 640, "limited_event_evaluations": 0, "integrated_absolute_extent_defect": 0.0, "integrated_energy_weighted_flux_defect": 0.0, "minimum_event_factor": 1.0, "elapsed_seconds": 314.369686126709}
{"event": "limited_ssp_progress", "macrostep": 270, "time": 0.84375, "steps": 640, "limited_event_evaluations": 0, "integrated_absolute_extent_defect": 0.0, "integrated_energy_weighted_flux_defect": 0.0, "minimum_event_factor": 1.0, "elapsed_seconds": 326.42501356685534}
{"event": "limited_ssp_progress", "macrostep": 280, "time": 0.875, "steps": 640, "limited_event_evaluations": 0, "integrated_absolute_extent_defect": 0.0, "integrated_energy_weighted_flux_defect": 0.0, "minimum_event_factor": 1.0, "elapsed_seconds": 338.4731137319468}
{"event": "limited_ssp_progress", "macrostep": 290, "time": 0.90625, "steps": 640, "limited_event_evaluations": 0, "integrated_absolute_extent_defect": 0.0, "integrated_energy_weighted_flux_defect": 0.0, "minimum_event_factor": 1.0, "elapsed_seconds": 350.53629247797653}
{"event": "limited_ssp_progress", "macrostep": 300, "time": 0.9375, "steps": 640, "limited_event_evaluations": 0, "integrated_absolute_extent_defect": 0.0, "integrated_energy_weighted_flux_defect": 0.0, "minimum_event_factor": 1.0, "elapsed_seconds": 362.60293985903263}
{"event": "limited_ssp_progress", "macrostep": 310, "time": 0.96875, "steps": 640, "limited_event_evaluations": 0, "integrated_absolute_extent_defect": 0.0, "integrated_energy_weighted_flux_defect": 0.0, "minimum_event_factor": 1.0, "elapsed_seconds": 374.6882455609739}
{"event": "limited_ssp_progress", "macrostep": 320, "time": 1.0, "steps": 640, "limited_event_evaluations": 0, "integrated_absolute_extent_defect": 0.0, "integrated_energy_weighted_flux_defect": 0.0, "minimum_event_factor": 1.0, "elapsed_seconds": 386.75510240206495}
{"event": "limited_ssp_progress", "macrostep": 330, "time": 1.03125, "steps": 640, "limited_event_evaluations": 0, "integrated_absolute_extent_defect": 0.0, "integrated_energy_weighted_flux_defect": 0.0, "minimum_event_factor": 1.0, "elapsed_seconds": 398.79278570599854}
{"event": "limited_ssp_progress", "macrostep": 340, "time": 1.0625, "steps": 640, "limited_event_evaluations": 0, "integrated_absolute_extent_defect": 0.0, "integrated_energy_weighted_flux_defect": 0.0, "minimum_event_factor": 1.0, "elapsed_seconds": 410.8383677988313}
{"event": "limited_ssp_progress", "macrostep": 350, "time": 1.09375, "steps": 640, "limited_event_evaluations": 0, "integrated_absolute_extent_defect": 0.0, "integrated_energy_weighted_flux_defect": 0.0, "minimum_event_factor": 1.0, "elapsed_seconds": 422.855726595968}
{"event": "limited_ssp_progress", "macrostep": 360, "time": 1.125, "steps": 640, "limited_event_evaluations": 0, "integrated_absolute_extent_defect": 0.0, "integrated_energy_weighted_flux_defect": 0.0, "minimum_event_factor": 1.0, "elapsed_seconds": 434.8761869627051}
{"event": "limited_ssp_progress", "macrostep": 370, "time": 1.15625, "steps": 640, "limited_event_evaluations": 0, "integrated_absolute_extent_defect": 0.0, "integrated_energy_weighted_flux_defect": 0.0, "minimum_event_factor": 1.0, "elapsed_seconds": 446.94384246179834}
{"event": "limited_ssp_progress", "macrostep": 380, "time": 1.1875, "steps": 640, "limited_event_evaluations": 0, "integrated_absolute_extent_defect": 0.0, "integrated_energy_weighted_flux_defect": 0.0, "minimum_event_factor": 1.0, "elapsed_seconds": 458.9944993709214}
{"event": "limited_ssp_progress", "macrostep": 390, "time": 1.21875, "steps": 640, "limited_event_evaluations": 0, "integrated_absolute_extent_defect": 0.0, "integrated_energy_weighted_flux_defect": 0.0, "minimum_event_factor": 1.0, "elapsed_seconds": 471.05551570886746}
{"event": "limited_ssp_progress", "macrostep": 400, "time": 1.25, "steps": 640, "limited_event_evaluations": 0, "integrated_absolute_extent_defect": 0.0, "integrated_energy_weighted_flux_defect": 0.0, "minimum_event_factor": 1.0, "elapsed_seconds": 483.10742164589465}
{"event": "limited_ssp_progress", "macrostep": 410, "time": 1.28125, "steps": 640, "limited_event_evaluations": 0, "integrated_absolute_extent_defect": 0.0, "integrated_energy_weighted_flux_defect": 0.0, "minimum_event_factor": 1.0, "elapsed_seconds": 495.1344798877835}
{"event": "limited_ssp_progress", "macrostep": 420, "time": 1.3125, "steps": 640, "limited_event_evaluations": 0, "integrated_absolute_extent_defect": 0.0, "integrated_energy_weighted_flux_defect": 0.0, "minimum_event_factor": 1.0, "elapsed_seconds": 507.17994509777054}
{"event": "limited_ssp_progress", "macrostep": 430, "time": 1.34375, "steps": 640, "limited_event_evaluations": 0, "integrated_absolute_extent_defect": 0.0, "integrated_energy_weighted_flux_defect": 0.0, "minimum_event_factor": 1.0, "elapsed_seconds": 519.1307989316992}
{"event": "limited_ssp_progress", "macrostep": 440, "time": 1.375, "steps": 640, "limited_event_evaluations": 0, "integrated_absolute_extent_defect": 0.0, "integrated_energy_weighted_flux_defect": 0.0, "minimum_event_factor": 1.0, "elapsed_seconds": 531.1624817517586}
{"event": "limited_ssp_progress", "macrostep": 450, "time": 1.40625, "steps": 640, "limited_event_evaluations": 0, "integrated_absolute_extent_defect": 0.0, "integrated_energy_weighted_flux_defect": 0.0, "minimum_event_factor": 1.0, "elapsed_seconds": 543.2059079706669}
{"event": "limited_ssp_progress", "macrostep": 460, "time": 1.4375, "steps": 640, "limited_event_evaluations": 0, "integrated_absolute_extent_defect": 0.0, "integrated_energy_weighted_flux_defect": 0.0, "minimum_event_factor": 1.0, "elapsed_seconds": 555.19826215785}
{"event": "limited_ssp_progress", "macrostep": 470, "time": 1.46875, "steps": 640, "limited_event_evaluations": 0, "integrated_absolute_extent_defect": 0.0, "integrated_energy_weighted_flux_defect": 0.0, "minimum_event_factor": 1.0, "elapsed_seconds": 567.2182851708494}
{"event": "limited_ssp_progress", "macrostep": 480, "time": 1.5, "steps": 640, "limited_event_evaluations": 0, "integrated_absolute_extent_defect": 0.0, "integrated_energy_weighted_flux_defect": 0.0, "minimum_event_factor": 1.0, "elapsed_seconds": 579.2431507026777}
{"event": "limited_ssp_progress", "macrostep": 490, "time": 1.53125, "steps": 640, "limited_event_evaluations": 0, "integrated_absolute_extent_defect": 0.0, "integrated_energy_weighted_flux_defect": 0.0, "minimum_event_factor": 1.0, "elapsed_seconds": 591.2806104379706}
{"event": "limited_ssp_progress", "macrostep": 500, "time": 1.5625, "steps": 640, "limited_event_evaluations": 0, "integrated_absolute_extent_defect": 0.0, "integrated_energy_weighted_flux_defect": 0.0, "minimum_event_factor": 1.0, "elapsed_seconds": 603.3100824169815}
{"event": "limited_ssp_progress", "macrostep": 510, "time": 1.59375, "steps": 640, "limited_event_evaluations": 0, "integrated_absolute_extent_defect": 0.0, "integrated_energy_weighted_flux_defect": 0.0, "minimum_event_factor": 1.0, "elapsed_seconds": 615.2898299377412}
{"event": "limited_ssp_progress", "macrostep": 520, "time": 1.625, "steps": 640, "limited_event_evaluations": 0, "integrated_absolute_extent_defect": 0.0, "integrated_energy_weighted_flux_defect": 0.0, "minimum_event_factor": 1.0, "elapsed_seconds": 627.3114796858281}
{"event": "limited_ssp_progress", "macrostep": 530, "time": 1.65625, "steps": 640, "limited_event_evaluations": 0, "integrated_absolute_extent_defect": 0.0, "integrated_energy_weighted_flux_defect": 0.0, "minimum_event_factor": 1.0, "elapsed_seconds": 639.3340530176647}
{"event": "limited_ssp_progress", "macrostep": 540, "time": 1.6875, "steps": 640, "limited_event_evaluations": 0, "integrated_absolute_extent_defect": 0.0, "integrated_energy_weighted_flux_defect": 0.0, "minimum_event_factor": 1.0, "elapsed_seconds": 651.3725244179368}
{"event": "limited_ssp_progress", "macrostep": 550, "time": 1.71875, "steps": 640, "limited_event_evaluations": 0, "integrated_absolute_extent_defect": 0.0, "integrated_energy_weighted_flux_defect": 0.0, "minimum_event_factor": 1.0, "elapsed_seconds": 663.3970333379693}
{"event": "limited_ssp_progress", "macrostep": 560, "time": 1.75, "steps": 640, "limited_event_evaluations": 0, "integrated_absolute_extent_defect": 0.0, "integrated_energy_weighted_flux_defect": 0.0, "minimum_event_factor": 1.0, "elapsed_seconds": 675.398637691047}
{"event": "limited_ssp_progress", "macrostep": 570, "time": 1.78125, "steps": 640, "limited_event_evaluations": 0, "integrated_absolute_extent_defect": 0.0, "integrated_energy_weighted_flux_defect": 0.0, "minimum_event_factor": 1.0, "elapsed_seconds": 687.3770798160695}
{"event": "limited_ssp_progress", "macrostep": 580, "time": 1.8125, "steps": 640, "limited_event_evaluations": 0, "integrated_absolute_extent_defect": 0.0, "integrated_energy_weighted_flux_defect": 0.0, "minimum_event_factor": 1.0, "elapsed_seconds": 699.3850214290433}
{"event": "limited_ssp_progress", "macrostep": 590, "time": 1.84375, "steps": 640, "limited_event_evaluations": 0, "integrated_absolute_extent_defect": 0.0, "integrated_energy_weighted_flux_defect": 0.0, "minimum_event_factor": 1.0, "elapsed_seconds": 711.296527331695}
{"event": "limited_ssp_progress", "macrostep": 600, "time": 1.875, "steps": 640, "limited_event_evaluations": 0, "integrated_absolute_extent_defect": 0.0, "integrated_energy_weighted_flux_defect": 0.0, "minimum_event_factor": 1.0, "elapsed_seconds": 723.2817497756332}
{"event": "limited_ssp_progress", "macrostep": 610, "time": 1.90625, "steps": 640, "limited_event_evaluations": 0, "integrated_absolute_extent_defect": 0.0, "integrated_energy_weighted_flux_defect": 0.0, "minimum_event_factor": 1.0, "elapsed_seconds": 735.2951694158837}
{"event": "limited_ssp_progress", "macrostep": 620, "time": 1.9375, "steps": 640, "limited_event_evaluations": 0, "integrated_absolute_extent_defect": 0.0, "integrated_energy_weighted_flux_defect": 0.0, "minimum_event_factor": 1.0, "elapsed_seconds": 747.3098614979535}
{"event": "limited_ssp_progress", "macrostep": 630, "time": 1.96875, "steps": 640, "limited_event_evaluations": 0, "integrated_absolute_extent_defect": 0.0, "integrated_energy_weighted_flux_defect": 0.0, "minimum_event_factor": 1.0, "elapsed_seconds": 759.3196180779487}
{"event": "limited_ssp_progress", "macrostep": 640, "time": 2.0, "steps": 640, "limited_event_evaluations": 0, "integrated_absolute_extent_defect": 0.0, "integrated_energy_weighted_flux_defect": 0.0, "minimum_event_factor": 1.0, "elapsed_seconds": 771.3070784988813}
{
  "status": "COMPLETED_NOT_YET_ADJUDICATED",
  "runtime_seconds": 774.9399691452272,
  "energy_ledger_scaled_max": 2.5312030249580175e-10,
  "instantaneous_residual_max": 1.6349768761081407e-14,
  "rhs_calls": 1932,
  "final": {
    "amplitudes": [
      0.7490601300475743,
      0.9763435167933744
    ],
    "electron_energy": [
      0.03967242926845327,
      -0.43766816956682236
    ],
    "excitation_energy": [
      0.48233739055808894,
      0.06177664053703756
    ],
    "phonon_energy": [
      0.11040885212475893,
      0.0025863857897906626
    ],
    "temperatures": [
      0.40762402030322176,
      0.25148383232941
    ],
    "forces": [
      -0.049977186031366916,
      -0.002443327501710925
    ],
    "escape": [
      0.01634798483767915,
      2.973127955596128e-05
    ],
    "input": [
      0.01999999999999903,
      0.0
    ],
    "electron_to_phonon": [
      -0.025136788845217712,
      0.0007224912616822929
    ],
    "condensate_heat": [
      0.032473346862038996,
      0.0015239948554285566
    ],
    "transport": 0.05994159283152198,
    "total": -0.2850005023838195,
    "conserved": -0.28862278626658344,
    "minimum_electron": 3.865309221125839e-14,
    "maximum_electron": 0.4911015905226209,
    "minimum_phonon": 4.60846620119788e-09
  }
}
{"event": "INTEGRATION_RECORD_SAVED", "status": "COMPLETED_NOT_YET_ADJUDICATED", "output": "/home/jdiaz/pysnspd/tmp/stage2_ssp_two_time_20260922/two_ssp_640.json", "elapsed_seconds": 774.976979830768}
