[RUNNING] Mixto: identidades instantáneas [--------------------] 0.0% completed=0/2 elapsed=0.0s ETA=unknown
[RUNNING] Mixto: identidades instantáneas [--------------------] 0.0% completed=0/2 elapsed=0.1s ETA=unknown task=m0_helix task_elapsed=0.0s task_ETA=unknown
[RUNNING] m0 / helix [--------------------] 0.0% completed=0/5 elapsed=0.0s ETA=unknown
[RUNNING] m0 / helix [--------------------] 0.0% completed=0/5 elapsed=0.0s ETA=unknown task=preparación térmica y D.36 en todas las cuadraturas task_elapsed=0.0s task_ETA=unknown
[RUNNING] m0 / helix [--------------------] 0.0% completed=0/5 elapsed=2.0s ETA=unknown task=preparación térmica y D.36 en todas las cuadraturas task_elapsed=2.0s task_ETA=unknown | cuadratura 4/55
[RUNNING] Mixto: identidades instantáneas [--------------------] 0.0% completed=0/2 elapsed=2.1s ETA=unknown task=m0_helix task_elapsed=2.0s task_ETA=unknown | lote en ejecución; detalle por cuadratura arriba
[RUNNING] m0 / helix [--------------------] 0.0% completed=0/5 elapsed=4.1s ETA=unknown task=preparación térmica y D.36 en todas las cuadraturas task_elapsed=4.1s task_ETA=unknown | cuadratura 21/55
[RUNNING] Mixto: identidades instantáneas [--------------------] 0.0% completed=0/2 elapsed=4.1s ETA=unknown task=m0_helix task_elapsed=4.1s task_ETA=unknown | lote en ejecución; detalle por cuadratura arriba
[RUNNING] m0 / helix [--------------------] 0.0% completed=0/5 elapsed=6.5s ETA=unknown task=preparación térmica y D.36 en todas las cuadraturas task_elapsed=6.5s task_ETA=unknown | cuadratura 51/55
[RUNNING] Mixto: identidades instantáneas [--------------------] 0.0% completed=0/2 elapsed=6.6s ETA=unknown task=m0_helix task_elapsed=6.5s task_ETA=unknown | lote en ejecución; detalle por cuadratura arriba
[RUNNING] m0 / helix [--------------------] 0.0% completed=0/5 elapsed=8.6s ETA=unknown task=preparación térmica y D.36 en todas las cuadraturas task_elapsed=8.6s task_ETA=unknown | cuadratura 55/55
[RUNNING] Mixto: identidades instantáneas [--------------------] 0.0% completed=0/2 elapsed=8.7s ETA=unknown task=m0_helix task_elapsed=8.6s task_ETA=unknown | lote en ejecución; detalle por cuadratura arriba
[RUNNING] m0 / helix [####----------------] 20.0% completed=1/5 elapsed=8.6s ETA=34.4s task=tres contrastes causales directos a campos y poblaciones idénticos task_elapsed=0.0s task_ETA=8.6s
[RUNNING] m0 / helix [####----------------] 20.0% completed=1/5 elapsed=8.6s ETA=34.4s task=tres contrastes causales directos a campos y poblaciones idénticos task_elapsed=0.0s task_ETA=8.6s | contraste causal directo: minimum_amplitude
[RUNNING] m0 / helix [####----------------] 20.0% completed=1/5 elapsed=9.6s ETA=33.4s task=tres contrastes causales directos a campos y poblaciones idénticos task_elapsed=1.0s task_ETA=7.6s | contraste causal directo: maximum_Gamma
[RUNNING] m0 / helix [####----------------] 20.0% completed=1/5 elapsed=10.6s ETA=32.4s task=tres contrastes causales directos a campos y poblaciones idénticos task_elapsed=2.0s task_ETA=6.6s | contraste causal directo: maximum_transverse_q
[RUNNING] m0 / helix [########------------] 40.0% completed=2/5 elapsed=11.6s ETA=17.3s task=espectros instantáneos y temperaturas equivalentes task_elapsed=0.0s task_ETA=5.8s
[RUNNING] Mixto: identidades instantáneas [--------------------] 0.0% completed=0/2 elapsed=11.6s ETA=unknown task=m0_helix task_elapsed=11.6s task_ETA=unknown | lote en ejecución; detalle por cuadratura arriba
[RUNNING] m0 / helix [############--------] 60.0% completed=3/5 elapsed=11.6s ETA=7.7s task=potencial, KWT y depósito conservativo del calor task_elapsed=0.0s task_ETA=3.9s
[RUNNING] m0 / helix [################----] 80.0% completed=4/5 elapsed=11.6s ETA=2.9s task=interfaz, Noether y balance instantáneo CM.9 task_elapsed=0.0s task_ETA=2.9s
[RUNNING] m0 / helix [###################-] 99.9% completed=5/5 elapsed=11.6s ETA=unknown | completed: interfaz, Noether y balance instantáneo CM.9
[SUCCESS] m0 / helix [####################] 100.0% completed=5/5 elapsed=11.6s ETA=0.0s
[RUNNING] Mixto: identidades instantáneas [##########----------] 50.0% completed=1/2 elapsed=11.6s ETA=11.6s task=m0_smooth_perturbation task_elapsed=0.0s task_ETA=11.6s
[RUNNING] m0 / smooth_perturbation [--------------------] 0.0% completed=0/21 elapsed=0.0s ETA=unknown
[RUNNING] m0 / smooth_perturbation [--------------------] 0.0% completed=0/21 elapsed=0.0s ETA=unknown task=preparación térmica y D.36 en todas las cuadraturas task_elapsed=0.0s task_ETA=unknown
[RUNNING] m0 / smooth_perturbation [--------------------] 0.0% completed=0/21 elapsed=2.0s ETA=unknown task=preparación térmica y D.36 en todas las cuadraturas task_elapsed=2.0s task_ETA=unknown | cuadratura 4/55
[RUNNING] Mixto: identidades instantáneas [##########----------] 50.0% completed=1/2 elapsed=13.7s ETA=9.5s task=m0_smooth_perturbation task_elapsed=2.1s task_ETA=9.5s | lote en ejecución; detalle por cuadratura arriba
[RUNNING] m0 / smooth_perturbation [--------------------] 0.0% completed=0/21 elapsed=4.5s ETA=unknown task=preparación térmica y D.36 en todas las cuadraturas task_elapsed=4.5s task_ETA=unknown | cuadratura 11/55
[RUNNING] Mixto: identidades instantáneas [##########----------] 50.0% completed=1/2 elapsed=16.1s ETA=7.1s task=m0_smooth_perturbation task_elapsed=4.5s task_ETA=7.1s | lote en ejecución; detalle por cuadratura arriba
[RUNNING] m0 / smooth_perturbation [--------------------] 0.0% completed=0/21 elapsed=7.0s ETA=unknown task=preparación térmica y D.36 en todas las cuadraturas task_elapsed=7.0s task_ETA=unknown | cuadratura 18/55
[RUNNING] Mixto: identidades instantáneas [##########----------] 50.0% completed=1/2 elapsed=18.6s ETA=4.6s task=m0_smooth_perturbation task_elapsed=7.0s task_ETA=4.6s | lote en ejecución; detalle por cuadratura arriba
[RUNNING] m0 / smooth_perturbation [--------------------] 0.0% completed=0/21 elapsed=9.0s ETA=unknown task=preparación térmica y D.36 en todas las cuadraturas task_elapsed=9.0s task_ETA=unknown | cuadratura 26/55
[RUNNING] Mixto: identidades instantáneas [##########----------] 50.0% completed=1/2 elapsed=20.7s ETA=2.6s task=m0_smooth_perturbation task_elapsed=9.0s task_ETA=2.6s | lote en ejecución; detalle por cuadratura arriba
[RUNNING] m0 / smooth_perturbation [--------------------] 0.0% completed=0/21 elapsed=11.5s ETA=unknown task=preparación térmica y D.36 en todas las cuadraturas task_elapsed=11.5s task_ETA=unknown | cuadratura 33/55
[RUNNING] Mixto: identidades instantáneas [##########----------] 50.0% completed=1/2 elapsed=23.2s ETA=0.1s task=m0_smooth_perturbation task_elapsed=11.5s task_ETA=0.1s | lote en ejecución; detalle por cuadratura arriba
[RUNNING] m0 / smooth_perturbation [--------------------] 0.0% completed=0/21 elapsed=13.6s ETA=unknown task=preparación térmica y D.36 en todas las cuadraturas task_elapsed=13.6s task_ETA=unknown | cuadratura 41/55
[RUNNING] Mixto: identidades instantáneas [##########----------] 50.0% completed=1/2 elapsed=25.2s ETA=unknown task=m0_smooth_perturbation task_elapsed=13.6s task_ETA=unknown | lote en ejecución; detalle por cuadratura arriba
[RUNNING] m0 / smooth_perturbation [--------------------] 0.0% completed=0/21 elapsed=16.0s ETA=unknown task=preparación térmica y D.36 en todas las cuadraturas task_elapsed=16.0s task_ETA=unknown | cuadratura 48/55
[RUNNING] Mixto: identidades instantáneas [##########----------] 50.0% completed=1/2 elapsed=27.6s ETA=unknown task=m0_smooth_perturbation task_elapsed=16.0s task_ETA=unknown | lote en ejecución; detalle por cuadratura arriba
[RUNNING] m0 / smooth_perturbation [--------------------] 0.0% completed=0/21 elapsed=18.1s ETA=unknown task=preparación térmica y D.36 en todas las cuadraturas task_elapsed=18.1s task_ETA=unknown | cuadratura 54/55
[RUNNING] Mixto: identidades instantáneas [##########----------] 50.0% completed=1/2 elapsed=29.7s ETA=unknown task=m0_smooth_perturbation task_elapsed=18.1s task_ETA=unknown | lote en ejecución; detalle por cuadratura arriba
[RUNNING] m0 / smooth_perturbation [--------------------] 4.8% completed=1/21 elapsed=18.6s ETA=6m11s task=tres contrastes causales directos a campos y poblaciones idénticos task_elapsed=0.0s task_ETA=18.6s
[RUNNING] m0 / smooth_perturbation [--------------------] 4.8% completed=1/21 elapsed=18.6s ETA=6m11s task=tres contrastes causales directos a campos y poblaciones idénticos task_elapsed=0.0s task_ETA=18.6s | contraste causal directo: minimum_amplitude
[RUNNING] m0 / smooth_perturbation [--------------------] 4.8% completed=1/21 elapsed=19.6s ETA=6m10s task=tres contrastes causales directos a campos y poblaciones idénticos task_elapsed=1.0s task_ETA=17.6s | contraste causal directo: maximum_Gamma
[RUNNING] m0 / smooth_perturbation [--------------------] 4.8% completed=1/21 elapsed=20.6s ETA=6m09s task=tres contrastes causales directos a campos y poblaciones idénticos task_elapsed=2.0s task_ETA=16.6s | contraste causal directo: maximum_transverse_q
[RUNNING] Mixto: identidades instantáneas [##########----------] 50.0% completed=1/2 elapsed=32.2s ETA=unknown task=m0_smooth_perturbation task_elapsed=20.6s task_ETA=unknown | lote en ejecución; detalle por cuadratura arriba
[RUNNING] m0 / smooth_perturbation [#-------------------] 9.5% completed=2/21 elapsed=21.6s ETA=3m24s task=espectros instantáneos y temperaturas equivalentes task_elapsed=0.0s task_ETA=10.8s
[RUNNING] m0 / smooth_perturbation [##------------------] 14.3% completed=3/21 elapsed=21.6s ETA=2m09s task=potencial, KWT y depósito conservativo del calor task_elapsed=0.0s task_ETA=7.2s
[RUNNING] m0 / smooth_perturbation [###-----------------] 19.0% completed=4/21 elapsed=21.6s ETA=1m31s task=interfaz, Noether y balance instantáneo CM.9 task_elapsed=0.0s task_ETA=5.4s
[RUNNING] m0 / smooth_perturbation [####----------------] 23.8% completed=5/21 elapsed=21.6s ETA=1m09s task=FD force: h=0.0005, desplazamiento -2 task_elapsed=0.0s task_ETA=4.3s
[RUNNING] m0 / smooth_perturbation [####----------------] 23.8% completed=5/21 elapsed=23.6s ETA=1m06s task=FD force: h=0.0005, desplazamiento -2 task_elapsed=2.0s task_ETA=2.3s | cuadratura 30/55
[RUNNING] Mixto: identidades instantáneas [##########----------] 50.0% completed=1/2 elapsed=35.3s ETA=unknown task=m0_smooth_perturbation task_elapsed=23.6s task_ETA=unknown | lote en ejecución; detalle por cuadratura arriba
[RUNNING] m0 / smooth_perturbation [#####---------------] 28.6% completed=6/21 elapsed=25.3s ETA=1m03s task=FD force: h=0.0005, desplazamiento -1 task_elapsed=0.0s task_ETA=4.2s
[RUNNING] m0 / smooth_perturbation [#####---------------] 28.6% completed=6/21 elapsed=27.3s ETA=1m01s task=FD force: h=0.0005, desplazamiento -1 task_elapsed=2.0s task_ETA=2.2s | cuadratura 30/55
[RUNNING] Mixto: identidades instantáneas [##########----------] 50.0% completed=1/2 elapsed=39.0s ETA=unknown task=m0_smooth_perturbation task_elapsed=27.3s task_ETA=unknown | lote en ejecución; detalle por cuadratura arriba
[RUNNING] m0 / smooth_perturbation [######--------------] 33.3% completed=7/21 elapsed=29.1s ETA=58.1s task=FD force: h=0.0005, desplazamiento +1 task_elapsed=0.0s task_ETA=4.2s
[RUNNING] m0 / smooth_perturbation [######--------------] 33.3% completed=7/21 elapsed=31.1s ETA=56.1s task=FD force: h=0.0005, desplazamiento +1 task_elapsed=2.0s task_ETA=2.1s | cuadratura 30/55
[RUNNING] Mixto: identidades instantáneas [##########----------] 50.0% completed=1/2 elapsed=42.7s ETA=unknown task=m0_smooth_perturbation task_elapsed=31.1s task_ETA=unknown | lote en ejecución; detalle por cuadratura arriba
[RUNNING] m0 / smooth_perturbation [#######-------------] 38.1% completed=8/21 elapsed=32.8s ETA=53.3s task=FD force: h=0.0005, desplazamiento +2 task_elapsed=0.0s task_ETA=4.1s
[RUNNING] m0 / smooth_perturbation [#######-------------] 38.1% completed=8/21 elapsed=34.9s ETA=51.3s task=FD force: h=0.0005, desplazamiento +2 task_elapsed=2.1s task_ETA=2.0s | cuadratura 30/55
[RUNNING] Mixto: identidades instantáneas [##########----------] 50.0% completed=1/2 elapsed=46.5s ETA=unknown task=m0_smooth_perturbation task_elapsed=34.9s task_ETA=unknown | lote en ejecución; detalle por cuadratura arriba
[RUNNING] m0 / smooth_perturbation [########------------] 42.9% completed=9/21 elapsed=36.6s ETA=48.7s task=FD force: h=0.00025, desplazamiento -2 task_elapsed=0.0s task_ETA=4.1s
[RUNNING] m0 / smooth_perturbation [#########-----------] 47.6% completed=10/21 elapsed=36.6s ETA=40.2s task=FD force: h=0.00025, desplazamiento -1 task_elapsed=0.0s task_ETA=3.7s
[RUNNING] m0 / smooth_perturbation [#########-----------] 47.6% completed=10/21 elapsed=38.6s ETA=38.2s task=FD force: h=0.00025, desplazamiento -1 task_elapsed=2.0s task_ETA=1.6s | cuadratura 30/55
[RUNNING] Mixto: identidades instantáneas [##########----------] 50.0% completed=1/2 elapsed=50.3s ETA=unknown task=m0_smooth_perturbation task_elapsed=38.6s task_ETA=unknown | lote en ejecución; detalle por cuadratura arriba
[RUNNING] m0 / smooth_perturbation [##########----------] 52.4% completed=11/21 elapsed=40.3s ETA=36.7s task=FD force: h=0.00025, desplazamiento +1 task_elapsed=0.0s task_ETA=3.7s
[RUNNING] m0 / smooth_perturbation [##########----------] 52.4% completed=11/21 elapsed=42.4s ETA=34.6s task=FD force: h=0.00025, desplazamiento +1 task_elapsed=2.1s task_ETA=1.6s | cuadratura 30/55
[RUNNING] Mixto: identidades instantáneas [##########----------] 50.0% completed=1/2 elapsed=54.0s ETA=unknown task=m0_smooth_perturbation task_elapsed=42.4s task_ETA=unknown | lote en ejecución; detalle por cuadratura arriba
[RUNNING] m0 / smooth_perturbation [###########---------] 57.1% completed=12/21 elapsed=44.1s ETA=33.1s task=FD force: h=0.00025, desplazamiento +2 task_elapsed=0.0s task_ETA=3.7s
[RUNNING] m0 / smooth_perturbation [############--------] 61.9% completed=13/21 elapsed=44.1s ETA=27.1s task=FD current: h=0.0005, desplazamiento -2 task_elapsed=0.0s task_ETA=3.4s
[RUNNING] m0 / smooth_perturbation [############--------] 61.9% completed=13/21 elapsed=46.1s ETA=25.1s task=FD current: h=0.0005, desplazamiento -2 task_elapsed=2.0s task_ETA=1.3s | cuadratura 30/55
[RUNNING] Mixto: identidades instantáneas [##########----------] 50.0% completed=1/2 elapsed=57.8s ETA=unknown task=m0_smooth_perturbation task_elapsed=46.1s task_ETA=unknown | lote en ejecución; detalle por cuadratura arriba
[RUNNING] m0 / smooth_perturbation [#############-------] 66.7% completed=14/21 elapsed=47.8s ETA=23.9s task=FD current: h=0.0005, desplazamiento -1 task_elapsed=0.0s task_ETA=3.4s
[RUNNING] m0 / smooth_perturbation [#############-------] 66.7% completed=14/21 elapsed=49.9s ETA=21.9s task=FD current: h=0.0005, desplazamiento -1 task_elapsed=2.0s task_ETA=1.4s | cuadratura 30/55
[RUNNING] Mixto: identidades instantáneas [##########----------] 50.0% completed=1/2 elapsed=1m01s ETA=unknown task=m0_smooth_perturbation task_elapsed=49.9s task_ETA=unknown | lote en ejecución; detalle por cuadratura arriba
[RUNNING] m0 / smooth_perturbation [##############------] 71.4% completed=15/21 elapsed=51.6s ETA=20.6s task=FD current: h=0.0005, desplazamiento +1 task_elapsed=0.0s task_ETA=3.4s
[RUNNING] m0 / smooth_perturbation [##############------] 71.4% completed=15/21 elapsed=53.7s ETA=18.6s task=FD current: h=0.0005, desplazamiento +1 task_elapsed=2.1s task_ETA=1.4s | cuadratura 30/55
[RUNNING] Mixto: identidades instantáneas [##########----------] 50.0% completed=1/2 elapsed=1m05s ETA=unknown task=m0_smooth_perturbation task_elapsed=53.7s task_ETA=unknown | lote en ejecución; detalle por cuadratura arriba
[RUNNING] m0 / smooth_perturbation [###############-----] 76.2% completed=16/21 elapsed=55.4s ETA=17.3s task=FD current: h=0.0005, desplazamiento +2 task_elapsed=0.0s task_ETA=3.5s
[RUNNING] m0 / smooth_perturbation [###############-----] 76.2% completed=16/21 elapsed=57.4s ETA=15.2s task=FD current: h=0.0005, desplazamiento +2 task_elapsed=2.1s task_ETA=1.4s | cuadratura 30/55
[RUNNING] Mixto: identidades instantáneas [##########----------] 50.0% completed=1/2 elapsed=1m09s ETA=unknown task=m0_smooth_perturbation task_elapsed=57.4s task_ETA=unknown | lote en ejecución; detalle por cuadratura arriba
[RUNNING] m0 / smooth_perturbation [################----] 81.0% completed=17/21 elapsed=59.1s ETA=13.9s task=FD current: h=0.00025, desplazamiento -2 task_elapsed=0.0s task_ETA=3.5s
[RUNNING] m0 / smooth_perturbation [#################---] 85.7% completed=18/21 elapsed=59.1s ETA=9.9s task=FD current: h=0.00025, desplazamiento -1 task_elapsed=0.0s task_ETA=3.3s
[RUNNING] m0 / smooth_perturbation [#################---] 85.7% completed=18/21 elapsed=1m01s ETA=7.8s task=FD current: h=0.00025, desplazamiento -1 task_elapsed=2.1s task_ETA=1.2s | cuadratura 30/55
[RUNNING] Mixto: identidades instantáneas [##########----------] 50.0% completed=1/2 elapsed=1m12s ETA=unknown task=m0_smooth_perturbation task_elapsed=1m01s task_ETA=unknown | lote en ejecución; detalle por cuadratura arriba
[RUNNING] m0 / smooth_perturbation [##################--] 90.5% completed=19/21 elapsed=1m02s ETA=6.6s task=FD current: h=0.00025, desplazamiento +1 task_elapsed=0.0s task_ETA=3.3s
[RUNNING] m0 / smooth_perturbation [##################--] 90.5% completed=19/21 elapsed=1m04s ETA=4.6s task=FD current: h=0.00025, desplazamiento +1 task_elapsed=2.1s task_ETA=1.3s | cuadratura 30/55
[RUNNING] Mixto: identidades instantáneas [##########----------] 50.0% completed=1/2 elapsed=1m16s ETA=unknown task=m0_smooth_perturbation task_elapsed=1m04s task_ETA=unknown | lote en ejecución; detalle por cuadratura arriba
[RUNNING] m0 / smooth_perturbation [###################-] 95.2% completed=20/21 elapsed=1m06s ETA=3.3s task=FD current: h=0.00025, desplazamiento +2 task_elapsed=0.0s task_ETA=3.3s
[RUNNING] m0 / smooth_perturbation [###################-] 99.9% completed=21/21 elapsed=1m06s ETA=unknown | completed: FD current: h=0.00025, desplazamiento +2
[SUCCESS] m0 / smooth_perturbation [####################] 100.0% completed=21/21 elapsed=1m06s ETA=0.0s
[RUNNING] Mixto: identidades instantáneas [###################-] 99.9% completed=2/2 elapsed=1m18s ETA=unknown | completed: m0_smooth_perturbation
[SUCCESS] Mixto: identidades instantáneas [####################] 100.0% completed=2/2 elapsed=1m18s ETA=0.0s
