{"event": "limited_ssp_progress", "macrostep": 1, "time": 0.00625, "steps": 320, "limited_event_evaluations": 0, "integrated_absolute_extent_defect": 0.0, "integrated_energy_weighted_flux_defect": 0.0, "minimum_event_factor": 1.0, "elapsed_seconds": 0.832363692112267}
{"event": "limited_ssp_progress", "macrostep": 10, "time": 0.0625, "steps": 320, "limited_event_evaluations": 0, "integrated_absolute_extent_defect": 0.0, "integrated_energy_weighted_flux_defect": 0.0, "minimum_event_factor": 1.0, "elapsed_seconds": 6.311196003109217}
{"event": "limited_ssp_progress", "macrostep": 20, "time": 0.125, "steps": 320, "limited_event_evaluations": 0, "integrated_absolute_extent_defect": 0.0, "integrated_energy_weighted_flux_defect": 0.0, "minimum_event_factor": 1.0, "elapsed_seconds": 12.369623676408082}
{"event": "limited_ssp_progress", "macrostep": 30, "time": 0.1875, "steps": 320, "limited_event_evaluations": 0, "integrated_absolute_extent_defect": 0.0, "integrated_energy_weighted_flux_defect": 0.0, "minimum_event_factor": 1.0, "elapsed_seconds": 18.40444821631536}
{"event": "limited_ssp_progress", "macrostep": 40, "time": 0.25, "steps": 320, "limited_event_evaluations": 0, "integrated_absolute_extent_defect": 0.0, "integrated_energy_weighted_flux_defect": 0.0, "minimum_event_factor": 1.0, "elapsed_seconds": 24.440192212350667}
{"event": "limited_ssp_progress", "macrostep": 50, "time": 0.3125, "steps": 320, "limited_event_evaluations": 0, "integrated_absolute_extent_defect": 0.0, "integrated_energy_weighted_flux_defect": 0.0, "minimum_event_factor": 1.0, "elapsed_seconds": 30.541567134205252}
{"event": "limited_ssp_progress", "macrostep": 60, "time": 0.375, "steps": 320, "limited_event_evaluations": 0, "integrated_absolute_extent_defect": 0.0, "integrated_energy_weighted_flux_defect": 0.0, "minimum_event_factor": 1.0, "elapsed_seconds": 36.62013881234452}
{"event": "limited_ssp_progress", "macrostep": 70, "time": 0.4375, "steps": 320, "limited_event_evaluations": 0, "integrated_absolute_extent_defect": 0.0, "integrated_energy_weighted_flux_defect": 0.0, "minimum_event_factor": 1.0, "elapsed_seconds": 42.71612162422389}
{"event": "limited_ssp_progress", "macrostep": 80, "time": 0.5, "steps": 320, "limited_event_evaluations": 0, "integrated_absolute_extent_defect": 0.0, "integrated_energy_weighted_flux_defect": 0.0, "minimum_event_factor": 1.0, "elapsed_seconds": 48.80702485330403}
{"event": "limited_ssp_progress", "macrostep": 90, "time": 0.5625, "steps": 320, "limited_event_evaluations": 0, "integrated_absolute_extent_defect": 0.0, "integrated_energy_weighted_flux_defect": 0.0, "minimum_event_factor": 1.0, "elapsed_seconds": 54.87580481637269}
{"event": "limited_ssp_progress", "macrostep": 100, "time": 0.625, "steps": 320, "limited_event_evaluations": 0, "integrated_absolute_extent_defect": 0.0, "integrated_energy_weighted_flux_defect": 0.0, "minimum_event_factor": 1.0, "elapsed_seconds": 60.94116108631715}
{"event": "limited_ssp_progress", "macrostep": 110, "time": 0.6875, "steps": 320, "limited_event_evaluations": 0, "integrated_absolute_extent_defect": 0.0, "integrated_energy_weighted_flux_defect": 0.0, "minimum_event_factor": 1.0, "elapsed_seconds": 66.93346556229517}
{"event": "limited_ssp_progress", "macrostep": 120, "time": 0.75, "steps": 320, "limited_event_evaluations": 0, "integrated_absolute_extent_defect": 0.0, "integrated_energy_weighted_flux_defect": 0.0, "minimum_event_factor": 1.0, "elapsed_seconds": 72.93910724343732}
{"event": "limited_ssp_progress", "macrostep": 130, "time": 0.8125, "steps": 320, "limited_event_evaluations": 0, "integrated_absolute_extent_defect": 0.0, "integrated_energy_weighted_flux_defect": 0.0, "minimum_event_factor": 1.0, "elapsed_seconds": 78.95257240300998}
{"event": "limited_ssp_progress", "macrostep": 140, "time": 0.875, "steps": 320, "limited_event_evaluations": 0, "integrated_absolute_extent_defect": 0.0, "integrated_energy_weighted_flux_defect": 0.0, "minimum_event_factor": 1.0, "elapsed_seconds": 85.01067129941657}
{"event": "limited_ssp_progress", "macrostep": 150, "time": 0.9375, "steps": 320, "limited_event_evaluations": 0, "integrated_absolute_extent_defect": 0.0, "integrated_energy_weighted_flux_defect": 0.0, "minimum_event_factor": 1.0, "elapsed_seconds": 91.07047980837524}
{"event": "limited_ssp_progress", "macrostep": 160, "time": 1.0, "steps": 320, "limited_event_evaluations": 0, "integrated_absolute_extent_defect": 0.0, "integrated_energy_weighted_flux_defect": 0.0, "minimum_event_factor": 1.0, "elapsed_seconds": 97.12094253441319}
{"event": "limited_ssp_progress", "macrostep": 170, "time": 1.0625, "steps": 320, "limited_event_evaluations": 0, "integrated_absolute_extent_defect": 0.0, "integrated_energy_weighted_flux_defect": 0.0, "minimum_event_factor": 1.0, "elapsed_seconds": 103.16737858718261}
{"event": "limited_ssp_progress", "macrostep": 180, "time": 1.125, "steps": 320, "limited_event_evaluations": 0, "integrated_absolute_extent_defect": 0.0, "integrated_energy_weighted_flux_defect": 0.0, "minimum_event_factor": 1.0, "elapsed_seconds": 109.23774800729007}
{"event": "limited_ssp_progress", "macrostep": 190, "time": 1.1875, "steps": 320, "limited_event_evaluations": 0, "integrated_absolute_extent_defect": 0.0, "integrated_energy_weighted_flux_defect": 0.0, "minimum_event_factor": 1.0, "elapsed_seconds": 115.30865025240928}
{"event": "limited_ssp_progress", "macrostep": 200, "time": 1.25, "steps": 320, "limited_event_evaluations": 0, "integrated_absolute_extent_defect": 0.0, "integrated_energy_weighted_flux_defect": 0.0, "minimum_event_factor": 1.0, "elapsed_seconds": 121.37681438401341}
{"event": "limited_ssp_progress", "macrostep": 210, "time": 1.3125, "steps": 320, "limited_event_evaluations": 0, "integrated_absolute_extent_defect": 0.0, "integrated_energy_weighted_flux_defect": 0.0, "minimum_event_factor": 1.0, "elapsed_seconds": 127.45807877928019}
{"event": "limited_ssp_progress", "macrostep": 220, "time": 1.375, "steps": 320, "limited_event_evaluations": 0, "integrated_absolute_extent_defect": 0.0, "integrated_energy_weighted_flux_defect": 0.0, "minimum_event_factor": 1.0, "elapsed_seconds": 133.50753418030217}
{"event": "limited_ssp_progress", "macrostep": 230, "time": 1.4375, "steps": 320, "limited_event_evaluations": 0, "integrated_absolute_extent_defect": 0.0, "integrated_energy_weighted_flux_defect": 0.0, "minimum_event_factor": 1.0, "elapsed_seconds": 139.5793463564478}
{"event": "limited_ssp_progress", "macrostep": 240, "time": 1.5, "steps": 320, "limited_event_evaluations": 0, "integrated_absolute_extent_defect": 0.0, "integrated_energy_weighted_flux_defect": 0.0, "minimum_event_factor": 1.0, "elapsed_seconds": 145.63388089928776}
{"event": "limited_ssp_progress", "macrostep": 250, "time": 1.5625, "steps": 320, "limited_event_evaluations": 0, "integrated_absolute_extent_defect": 0.0, "integrated_energy_weighted_flux_defect": 0.0, "minimum_event_factor": 1.0, "elapsed_seconds": 151.68787048803642}
{"event": "limited_ssp_progress", "macrostep": 260, "time": 1.625, "steps": 320, "limited_event_evaluations": 0, "integrated_absolute_extent_defect": 0.0, "integrated_energy_weighted_flux_defect": 0.0, "minimum_event_factor": 1.0, "elapsed_seconds": 157.71457875333726}
{"event": "limited_ssp_progress", "macrostep": 270, "time": 1.6875, "steps": 320, "limited_event_evaluations": 0, "integrated_absolute_extent_defect": 0.0, "integrated_energy_weighted_flux_defect": 0.0, "minimum_event_factor": 1.0, "elapsed_seconds": 163.76942013623193}
{"event": "limited_ssp_progress", "macrostep": 280, "time": 1.75, "steps": 320, "limited_event_evaluations": 0, "integrated_absolute_extent_defect": 0.0, "integrated_energy_weighted_flux_defect": 0.0, "minimum_event_factor": 1.0, "elapsed_seconds": 169.84680929640308}
{"event": "limited_ssp_progress", "macrostep": 290, "time": 1.8125, "steps": 320, "limited_event_evaluations": 0, "integrated_absolute_extent_defect": 0.0, "integrated_energy_weighted_flux_defect": 0.0, "minimum_event_factor": 1.0, "elapsed_seconds": 175.90318613313138}
{"event": "limited_ssp_progress", "macrostep": 300, "time": 1.875, "steps": 320, "limited_event_evaluations": 0, "integrated_absolute_extent_defect": 0.0, "integrated_energy_weighted_flux_defect": 0.0, "minimum_event_factor": 1.0, "elapsed_seconds": 181.971675993409}
{"event": "limited_ssp_progress", "macrostep": 310, "time": 1.9375, "steps": 320, "limited_event_evaluations": 0, "integrated_absolute_extent_defect": 0.0, "integrated_energy_weighted_flux_defect": 0.0, "minimum_event_factor": 1.0, "elapsed_seconds": 188.00572424335405}
{"event": "limited_ssp_progress", "macrostep": 320, "time": 2.0, "steps": 320, "limited_event_evaluations": 0, "integrated_absolute_extent_defect": 0.0, "integrated_energy_weighted_flux_defect": 0.0, "minimum_event_factor": 1.0, "elapsed_seconds": 194.09063444426283}
{
  "status": "COMPLETED_NOT_YET_ADJUDICATED",
  "runtime_seconds": 195.8362248488702,
  "energy_ledger_scaled_max": 6.741160463175078e-09,
  "instantaneous_residual_max": 1.6028844918025698e-15,
  "rhs_calls": 972,
  "final": {
    "amplitudes": [
      0.7593466965057549
    ],
    "electron_energy": [
      0.09110118601668682
    ],
    "excitation_energy": [
      0.5381430769056579
    ],
    "phonon_energy": [
      0.13241966427642218
    ],
    "temperatures": [
      0.42639818590242246
    ],
    "forces": [
      -0.01734928628432908
    ],
    "escape": [
      0.0
    ],
    "input": [
      0.0
    ],
    "electron_to_phonon": [
      -0.01947396153123934
    ],
    "condensate_heat": [
      0.028229368535369503
    ],
    "transport": 0.0,
    "total": 0.223520850293109,
    "conserved": 0.223520850293109,
    "minimum_electron": 2.6239527779705247e-12,
    "maximum_electron": 0.49025622551035797,
    "minimum_phonon": 0.00043163595291300256
  }
}
{"event": "INTEGRATION_RECORD_SAVED", "status": "COMPLETED_NOT_YET_ADJUDICATED", "output": "/home/jdiaz/pysnspd/tmp/stage2_ssp_time_20260922/one_ssp_320.json", "elapsed_seconds": 195.85115069011226}
