{"event": "limited_ssp_progress", "macrostep": 1, "time": 0.0125, "steps": 160, "limited_event_evaluations": 0, "integrated_absolute_extent_defect": 0.0, "integrated_energy_weighted_flux_defect": 0.0, "minimum_event_factor": 1.0, "elapsed_seconds": 0.8306018700823188}
{"event": "limited_ssp_progress", "macrostep": 10, "time": 0.125, "steps": 160, "limited_event_evaluations": 0, "integrated_absolute_extent_defect": 0.0, "integrated_energy_weighted_flux_defect": 0.0, "minimum_event_factor": 1.0, "elapsed_seconds": 6.26645932206884}
{"event": "limited_ssp_progress", "macrostep": 20, "time": 0.25, "steps": 160, "limited_event_evaluations": 0, "integrated_absolute_extent_defect": 0.0, "integrated_energy_weighted_flux_defect": 0.0, "minimum_event_factor": 1.0, "elapsed_seconds": 12.289966547861695}
{"event": "limited_ssp_progress", "macrostep": 30, "time": 0.375, "steps": 160, "limited_event_evaluations": 0, "integrated_absolute_extent_defect": 0.0, "integrated_energy_weighted_flux_defect": 0.0, "minimum_event_factor": 1.0, "elapsed_seconds": 18.331254316028208}
{"event": "limited_ssp_progress", "macrostep": 40, "time": 0.5, "steps": 160, "limited_event_evaluations": 0, "integrated_absolute_extent_defect": 0.0, "integrated_energy_weighted_flux_defect": 0.0, "minimum_event_factor": 1.0, "elapsed_seconds": 24.350070552900434}
{"event": "limited_ssp_progress", "macrostep": 50, "time": 0.625, "steps": 160, "limited_event_evaluations": 0, "integrated_absolute_extent_defect": 0.0, "integrated_energy_weighted_flux_defect": 0.0, "minimum_event_factor": 1.0, "elapsed_seconds": 30.403993383981287}
{"event": "limited_ssp_progress", "macrostep": 60, "time": 0.75, "steps": 160, "limited_event_evaluations": 0, "integrated_absolute_extent_defect": 0.0, "integrated_energy_weighted_flux_defect": 0.0, "minimum_event_factor": 1.0, "elapsed_seconds": 36.45111533626914}
{"event": "limited_ssp_progress", "macrostep": 70, "time": 0.875, "steps": 160, "limited_event_evaluations": 0, "integrated_absolute_extent_defect": 0.0, "integrated_energy_weighted_flux_defect": 0.0, "minimum_event_factor": 1.0, "elapsed_seconds": 42.496108036953956}
{"event": "limited_ssp_progress", "macrostep": 80, "time": 1.0, "steps": 160, "limited_event_evaluations": 0, "integrated_absolute_extent_defect": 0.0, "integrated_energy_weighted_flux_defect": 0.0, "minimum_event_factor": 1.0, "elapsed_seconds": 48.51935759326443}
{"event": "limited_ssp_progress", "macrostep": 90, "time": 1.125, "steps": 160, "limited_event_evaluations": 0, "integrated_absolute_extent_defect": 0.0, "integrated_energy_weighted_flux_defect": 0.0, "minimum_event_factor": 1.0, "elapsed_seconds": 54.53724545519799}
{"event": "limited_ssp_progress", "macrostep": 100, "time": 1.25, "steps": 160, "limited_event_evaluations": 0, "integrated_absolute_extent_defect": 0.0, "integrated_energy_weighted_flux_defect": 0.0, "minimum_event_factor": 1.0, "elapsed_seconds": 60.55946195824072}
{"event": "limited_ssp_progress", "macrostep": 110, "time": 1.375, "steps": 160, "limited_event_evaluations": 0, "integrated_absolute_extent_defect": 0.0, "integrated_energy_weighted_flux_defect": 0.0, "minimum_event_factor": 1.0, "elapsed_seconds": 66.54985877685249}
{"event": "limited_ssp_progress", "macrostep": 120, "time": 1.5, "steps": 160, "limited_event_evaluations": 0, "integrated_absolute_extent_defect": 0.0, "integrated_energy_weighted_flux_defect": 0.0, "minimum_event_factor": 1.0, "elapsed_seconds": 72.58976138522848}
{"event": "limited_ssp_progress", "macrostep": 130, "time": 1.625, "steps": 160, "limited_event_evaluations": 0, "integrated_absolute_extent_defect": 0.0, "integrated_energy_weighted_flux_defect": 0.0, "minimum_event_factor": 1.0, "elapsed_seconds": 78.61828041821718}
{"event": "limited_ssp_progress", "macrostep": 140, "time": 1.75, "steps": 160, "limited_event_evaluations": 0, "integrated_absolute_extent_defect": 0.0, "integrated_energy_weighted_flux_defect": 0.0, "minimum_event_factor": 1.0, "elapsed_seconds": 84.66494946414605}
{"event": "limited_ssp_progress", "macrostep": 150, "time": 1.875, "steps": 160, "limited_event_evaluations": 0, "integrated_absolute_extent_defect": 0.0, "integrated_energy_weighted_flux_defect": 0.0, "minimum_event_factor": 1.0, "elapsed_seconds": 90.71335157798603}
{"event": "limited_ssp_progress", "macrostep": 160, "time": 2.0, "steps": 160, "limited_event_evaluations": 0, "integrated_absolute_extent_defect": 0.0, "integrated_energy_weighted_flux_defect": 0.0, "minimum_event_factor": 1.0, "elapsed_seconds": 96.76690064696595}
{
  "status": "COMPLETED_NOT_YET_ADJUDICATED",
  "runtime_seconds": 98.43123968271539,
  "energy_ledger_scaled_max": 5.4376563585201154e-08,
  "instantaneous_residual_max": 1.6028844918025698e-15,
  "rhs_calls": 492,
  "final": {
    "amplitudes": [
      0.759346685158223
    ],
    "electron_energy": [
      0.09110122869916243
    ],
    "excitation_energy": [
      0.538143114843827
    ],
    "phonon_energy": [
      0.1324196692293497
    ],
    "temperatures": [
      0.42639819601923873
    ],
    "forces": [
      -0.017349270596541122
    ],
    "escape": [
      0.0
    ],
    "input": [
      0.0
    ],
    "electron_to_phonon": [
      -0.019473956578313287
    ],
    "condensate_heat": [
      0.02822939603045678
    ],
    "transport": 0.0,
    "total": 0.22352089792851212,
    "conserved": 0.22352089792851212,
    "minimum_electron": 2.6239018338180806e-12,
    "maximum_electron": 0.4902562264847769,
    "minimum_phonon": 0.00043291637851557846
  }
}
{"event": "INTEGRATION_RECORD_SAVED", "status": "COMPLETED_NOT_YET_ADJUDICATED", "output": "/home/jdiaz/pysnspd/tmp/stage2_ssp_time_20260922/one_ssp_160.json", "elapsed_seconds": 98.43897438794374}
