{"event": "BATCH_START", "utc": "2026-09-22T01:07:24.878394+00:00", "elapsed_seconds": 3.480585291981697e-05, "tasks": 23, "plan": "/home/jdiaz/pysnspd/docs/implementation/stage2/recovery_20260921/limited_acceptance_plan.json", "contract_sha256": "9b8eafc85d487b1b9a217ac5e391fa3c5d17a246f03f04f1ce3c064d4a3177a6"}
{"event": "TASK_START", "utc": "2026-09-22T01:07:24.890645+00:00", "elapsed_seconds": 0.012284821830689907, "index": 1, "total": 23, "task": "one_old_rk320", "phase": "reference_validation", "output": "/home/jdiaz/pysnspd/docs/implementation/stage2/recovery_20260921/audit_inputs/one_time_320.json", "command": null}
{"event": "REUSED_COMPLETE_TRAJECTORY", "utc": "2026-09-22T01:07:25.106897+00:00", "elapsed_seconds": 0.22854258492588997, "task": "one_old_rk320", "hashes": {"/home/jdiaz/pysnspd/docs/implementation/stage2/recovery_20260921/audit_inputs/one_time_320.json": "7297dea5a67b87d6251edd5d5ae2746579fb4c79e200ada687dc90794bad5cbb", "/home/jdiaz/pysnspd/docs/implementation/stage2/recovery_20260921/audit_inputs/one_time_320.npz": "2b2e06a15232f2b84a44c28697ecf337fdf253088914f56d926fb724bee945f0", "/home/jdiaz/pysnspd/docs/implementation/stage2/recovery_20260921/audit_inputs/one_time_320_initial.npz": "942ba53a24377c369dd9342cefd330f1a95219006f7a6f03bd1473dc997f9cf6"}}
{"event": "TASK_COMPLETE", "utc": "2026-09-22T01:07:25.107085+00:00", "elapsed_seconds": 0.22872155159711838, "task": "one_old_rk320"}
{"event": "TASK_START", "utc": "2026-09-22T01:07:25.120607+00:00", "elapsed_seconds": 0.24225025856867433, "index": 2, "total": 23, "task": "two_old_rk320", "phase": "reference_validation", "output": "/home/jdiaz/pysnspd/docs/implementation/stage2/recovery_20260921/audit_inputs/two_time_320.json", "command": null}
{"event": "REUSED_COMPLETE_TRAJECTORY", "utc": "2026-09-22T01:07:25.260502+00:00", "elapsed_seconds": 0.3821462388150394, "task": "two_old_rk320", "hashes": {"/home/jdiaz/pysnspd/docs/implementation/stage2/recovery_20260921/audit_inputs/two_time_320.json": "9907923466ed5d1bd593b0ed1607299f0afb551cb814ed3d00d108e5722a71a6", "/home/jdiaz/pysnspd/docs/implementation/stage2/recovery_20260921/audit_inputs/two_time_320.npz": "35f07d775ee2a7166852c026bea222010a6ec42b07dde338679f1584e2523cb4", "/home/jdiaz/pysnspd/docs/implementation/stage2/recovery_20260921/audit_inputs/two_time_320_initial.npz": "9f1ec9df1b66b134eb510b517c6a04d4ee0c2c7768b48aec67e0647e9d34b619"}}
{"event": "TASK_COMPLETE", "utc": "2026-09-22T01:07:25.260683+00:00", "elapsed_seconds": 0.38231946574524045, "task": "two_old_rk320"}
{"event": "TASK_START", "utc": "2026-09-22T01:07:25.273652+00:00", "elapsed_seconds": 0.3952900408767164, "index": 3, "total": 23, "task": "one_ssp_40", "phase": "temporal", "output": "/home/jdiaz/pysnspd/tmp/stage2_recovery_20260921_ssp/one_ssp_40.json", "command": ["/home/jdiaz/.conda/envs/snspd/bin/python", "-u", "/home/jdiaz/pysnspd/sandbox/stage2_cells/recovery_20260921/run_limited_coupled.py", "--case", "one", "--steps", "40", "--duration", "2.0", "--phonon-nodes", "1025", "--infrared", "0.005", "--face-order", "2", "--reaction-order", "2", "--reaction-layout", "resolved_panels", "--reaction-max-energy-panel", "0.125", "--reaction-outer-order", "2", "--reaction-max-panel", "0.5", "--electron-refinement", "1", "--reaction-method", "projected", "--escape", "inf", "--heating", "0.0", "--method", "rk4", "--scenario", "driven", "--rtol", "1e-09", "--output", "/home/jdiaz/pysnspd/tmp/stage2_recovery_20260921_ssp/one_ssp_40.json"]}
{"event": "limited_ssp_progress", "macrostep": 1, "time": 0.05, "steps": 40, "limited_event_evaluations": 0, "integrated_absolute_extent_defect": 0.0, "integrated_energy_weighted_flux_defect": 0.0, "minimum_event_factor": 1.0, "elapsed_seconds": 0.8216798058710992}
{"event": "limited_ssp_progress", "macrostep": 10, "time": 0.5, "steps": 40, "limited_event_evaluations": 0, "integrated_absolute_extent_defect": 0.0, "integrated_energy_weighted_flux_defect": 0.0, "minimum_event_factor": 1.0, "elapsed_seconds": 6.2669600821100175}
{"event": "limited_ssp_progress", "macrostep": 20, "time": 1.0, "steps": 40, "limited_event_evaluations": 0, "integrated_absolute_extent_defect": 0.0, "integrated_energy_weighted_flux_defect": 0.0, "minimum_event_factor": 1.0, "elapsed_seconds": 12.265859685838223}
{"event": "limited_ssp_progress", "macrostep": 30, "time": 1.5, "steps": 40, "limited_event_evaluations": 0, "integrated_absolute_extent_defect": 0.0, "integrated_energy_weighted_flux_defect": 0.0, "minimum_event_factor": 1.0, "elapsed_seconds": 18.25395636400208}
{"event": "limited_ssp_progress", "macrostep": 40, "time": 2.0, "steps": 40, "limited_event_evaluations": 0, "integrated_absolute_extent_defect": 0.0, "integrated_energy_weighted_flux_defect": 0.0, "minimum_event_factor": 1.0, "elapsed_seconds": 24.212128154933453}
{
  "status": "COMPLETED_NOT_YET_ADJUDICATED",
  "runtime_seconds": 25.795089866034687,
  "energy_ledger_scaled_max": 3.6522386154258513e-06,
  "instantaneous_residual_max": 1.6028844918025698e-15,
  "rhs_calls": 132,
  "final": {
    "amplitudes": [
      0.759346102747579
    ],
    "electron_energy": [
      0.09110428547330068
    ],
    "excitation_energy": [
      0.5381459281167879
    ],
    "phonon_energy": [
      0.13242021031726328
    ],
    "temperatures": [
      0.42639897961804574
    ],
    "forces": [
      -0.01734797678262645
    ],
    "escape": [
      0.0
    ],
    "input": [
      0.0
    ],
    "electron_to_phonon": [
      -0.019473415490400763
    ],
    "condensate_heat": [
      0.028231553913499845
    ],
    "transport": 0.0,
    "total": 0.22352449579056397,
    "conserved": 0.22352449579056397,
    "minimum_electron": 2.624971889659282e-12,
    "maximum_electron": 0.49025630865423975,
    "minimum_phonon": 0.00042719027782606113
  }
}
{"event": "INTEGRATION_RECORD_SAVED", "status": "COMPLETED_NOT_YET_ADJUDICATED", "output": "/home/jdiaz/pysnspd/tmp/stage2_recovery_20260921_ssp/one_ssp_40.json", "elapsed_seconds": 25.798427247907966}
{"event": "BATCH_STOPPED", "utc": "2026-09-22T01:07:51.304810+00:00", "elapsed_seconds": 26.42645364999771, "exception": "ValueError", "reason": "Completed trajectory fails invariant/physical-population gates", "policy": "No retry, fallback, clipping, overwrite or continuation after failure."}
Traceback (most recent call last):
  File "/home/jdiaz/pysnspd/sandbox/stage2_cells/recovery_20260921/run_limited_acceptance_batch.py", line 345, in <module>
    if __name__=='__main__':main()
  File "/home/jdiaz/pysnspd/sandbox/stage2_cells/recovery_20260921/run_limited_acceptance_batch.py", line 329, in main
    if task['kind']=='trajectory':hashes=validate_trajectory(output,task['parameters'],contracts)
  File "/home/jdiaz/pysnspd/sandbox/stage2_cells/recovery_20260921/run_limited_acceptance_batch.py", line 161, in validate_trajectory
    raise ValueError('Completed trajectory fails invariant/physical-population gates')
ValueError: Completed trajectory fails invariant/physical-population gates
