{"event": "limited_ssp_progress", "macrostep": 1, "time": 0.001, "steps": 2, "limited_event_evaluations": 0, "integrated_absolute_extent_defect": 0.0, "integrated_energy_weighted_flux_defect": 0.0, "minimum_event_factor": 1.0, "elapsed_seconds": 0.8435804909095168}
{"event": "limited_ssp_progress", "macrostep": 2, "time": 0.002, "steps": 2, "limited_event_evaluations": 0, "integrated_absolute_extent_defect": 0.0, "integrated_energy_weighted_flux_defect": 0.0, "minimum_event_factor": 1.0, "elapsed_seconds": 1.4503297270275652}
{
  "status": "COMPLETED_NOT_YET_ADJUDICATED",
  "runtime_seconds": 1.8871360230259597,
  "energy_ledger_scaled_max": 2.31342722756267e-13,
  "instantaneous_residual_max": 1.6028844918025698e-15,
  "rhs_calls": 10,
  "final": {
    "amplitudes": [
      0.6005581467817594
    ],
    "electron_energy": [
      0.07170279452016676
    ],
    "excitation_energy": [
      0.43594200540144923
    ],
    "phonon_energy": [
      0.15181804903201312
    ],
    "temperatures": [
      0.373574981042728
    ],
    "forces": [
      -0.3429928135806559
    ],
    "escape": [
      0.0
    ],
    "input": [
      0.0
    ],
    "electron_to_phonon": [
      -7.557677565129215e-05
    ],
    "condensate_heat": [
      0.00019177111562914388
    ],
    "transport": 0.0,
    "total": 0.22352084355217988,
    "conserved": 0.22352084355217988,
    "minimum_electron": 1.0066019369755011e-16,
    "maximum_electron": 0.4754196501768375,
    "minimum_phonon": 0.0016644243133468214
  }
}
{"event": "INTEGRATION_RECORD_SAVED", "status": "COMPLETED_NOT_YET_ADJUDICATED", "output": "tmp/stage2_guarded_entrypoint_smoke_20260922/one_guarded_two_steps.json", "elapsed_seconds": 1.8884522547014058}
