{"event": "START", "observer_sha256": "1cda23a77617e8030203fc3540329afdb4224782049456222caffc985b68bb7e", "arguments": ["--case", "one", "--steps", "80", "--duration", "2.0", "--phonon-nodes", "1025", "--infrared", "0.005", "--face-order", "2", "--reaction-order", "2", "--reaction-layout", "resolved_panels", "--reaction-max-energy-panel", "0.125", "--reaction-outer-order", "2", "--reaction-max-panel", "0.5", "--electron-refinement", "1", "--reaction-method", "projected", "--escape", "inf", "--heating", "0.0", "--method", "rk4", "--scenario", "driven", "--rtol", "1e-09", "--output", "/home/jdiaz/pysnspd/tmp/stage2_validation_20260922_015109/one_time_80.json"], "meaning": "t_rhs is a trial evaluation time, not a guaranteed accepted step"}
{"event": "RHS", "evaluations": 1, "elapsed_seconds": 0.22811958333477378, "t_rhs": 0.0, "amplitudes": [0.6], "minimum_electron": 4.274417143756049e-44, "maximum_electron": 0.47536960013142937, "minimum_phonon": 0.0016666666666740751}
{"event": "RHS", "evaluations": 100, "elapsed_seconds": 14.320020763203502, "t_rhs": 0.6125, "amplitudes": [0.703988690571766], "minimum_electron": 1.5025046678740468e-12, "maximum_electron": 0.48506311870275, "minimum_phonon": 0.001084628066653985}
{"event": "RHS", "evaluations": 200, "elapsed_seconds": 28.56056832196191, "t_rhs": 1.2375, "amplitudes": [0.7422281362056562], "minimum_electron": 2.8524587473908827e-12, "maximum_electron": 0.4887389737057558, "minimum_phonon": 0.000705889136204025}
{"event": "RHS", "evaluations": 300, "elapsed_seconds": 42.77128518698737, "t_rhs": 1.8625, "amplitudes": [0.757403205149495], "minimum_electron": 2.732779447760181e-12, "maximum_electron": 0.49009975267039313, "minimum_phonon": 0.0004693096555033864}
{
  "status": "COMPLETED_NOT_YET_ADJUDICATED",
  "runtime_seconds": 47.36292404169217,
  "energy_ledger_scaled_max": 3.632636386141641e-09,
  "instantaneous_residual_max": 1.6028844918025698e-15,
  "rhs_calls": 332,
  "final": {
    "amplitudes": [
      0.7593466929390613
    ],
    "electron_energy": [
      0.09110119327061011
    ],
    "excitation_energy": [
      0.538143082668377
    ],
    "phonon_energy": [
      0.1324196539139748
    ],
    "temperatures": [
      0.42639818720155337
    ],
    "forces": [
      -0.01734928819887832
    ],
    "escape": [
      0.0
    ],
    "input": [
      0.0
    ],
    "electron_to_phonon": [
      -0.0194739718936896
    ],
    "condensate_heat": [
      0.02822936586068951
    ],
    "transport": 0.0,
    "total": 0.22352084718458493,
    "conserved": 0.22352084718458493,
    "minimum_electron": 2.6239393146226568e-12,
    "maximum_electron": 0.49025622223833987,
    "minimum_phonon": 0.00042868590537668535
  }
}
{"event": "STOP", "elapsed_seconds": 47.36767146922648}
