{"event": "START", "observer_sha256": "1cda23a77617e8030203fc3540329afdb4224782049456222caffc985b68bb7e", "arguments": ["--case", "one", "--steps", "40", "--duration", "2.0", "--phonon-nodes", "1025", "--infrared", "0.005", "--face-order", "2", "--reaction-order", "2", "--reaction-layout", "resolved_panels", "--reaction-max-energy-panel", "0.125", "--reaction-outer-order", "2", "--reaction-max-panel", "0.5", "--electron-refinement", "1", "--reaction-method", "projected", "--escape", "inf", "--heating", "0.0", "--method", "rk4", "--scenario", "driven", "--rtol", "1e-09", "--output", "/home/jdiaz/pysnspd/tmp/stage2_validation_20260922_015109/one_time_40.json"], "meaning": "t_rhs is a trial evaluation time, not a guaranteed accepted step"}
{"event": "RHS", "evaluations": 1, "elapsed_seconds": 0.22717391094192863, "t_rhs": 0.0, "amplitudes": [0.6], "minimum_electron": 4.274417143756049e-44, "maximum_electron": 0.47536960013142937, "minimum_phonon": 0.0016666666666740751}
{"event": "RHS", "evaluations": 100, "elapsed_seconds": 14.10085085965693, "t_rhs": 1.225, "amplitudes": [0.7417527306227802], "minimum_electron": 2.8431239734388185e-12, "maximum_electron": 0.48869419956830584, "minimum_phonon": 0.0007144341213045169}
{
  "status": "COMPLETED_NOT_YET_ADJUDICATED",
  "runtime_seconds": 24.313747528009117,
  "energy_ledger_scaled_max": 6.030218338559656e-08,
  "instantaneous_residual_max": 1.6028844918025698e-15,
  "rhs_calls": 172,
  "final": {
    "amplitudes": [
      0.7593466803212935
    ],
    "electron_energy": [
      0.09110122991820302
    ],
    "excitation_energy": [
      0.5381431140405886
    ],
    "phonon_energy": [
      0.1324196739359289
    ],
    "temperatures": [
      0.4263981951505296
    ],
    "forces": [
      -0.01734930156366904
    ],
    "escape": [
      0.0
    ],
    "input": [
      0.0
    ],
    "electron_to_phonon": [
      -0.019473951871735506
    ],
    "condensate_heat": [
      0.02822939738834001
    ],
    "transport": 0.0,
    "total": 0.22352090385413192,
    "conserved": 0.22352090385413192,
    "minimum_electron": 2.62498683760006e-12,
    "maximum_electron": 0.4902562381605854,
    "minimum_phonon": 0.00043003955176456964
  }
}
{"event": "STOP", "elapsed_seconds": 24.317116029094905}
