{"event": "START", "observer_sha256": "1cda23a77617e8030203fc3540329afdb4224782049456222caffc985b68bb7e", "arguments": ["--case", "two", "--steps", "160", "--duration", "2.0", "--phonon-nodes", "1025", "--infrared", "0.005", "--face-order", "2", "--reaction-order", "2", "--reaction-layout", "resolved_panels", "--reaction-max-energy-panel", "0.125", "--reaction-outer-order", "2", "--reaction-max-panel", "0.5", "--electron-refinement", "2", "--reaction-method", "projected", "--escape", "15.0", "--heating", "0.01", "--method", "rk4", "--scenario", "driven", "--rtol", "1e-09", "--output", "/home/jdiaz/pysnspd/tmp/stage2_validation_20260922_015109/two_electron_2.json"], "meaning": "t_rhs is a trial evaluation time, not a guaranteed accepted step"}
{"event": "RHS", "evaluations": 1, "elapsed_seconds": 1.343775040935725, "t_rhs": 0.0, "amplitudes": [0.55, 0.95], "minimum_electron": 3.103501669641575e-44, "maximum_electron": 0.49610016787999517, "minimum_phonon": 3.3382377953650095e-15}
{"event": "RHS", "evaluations": 100, "elapsed_seconds": 118.72301873518154, "t_rhs": 0.30625, "amplitudes": [0.611036029311947, 0.9568998206995787], "minimum_electron": 6.7345374547994e-16, "maximum_electron": 0.4960988735483849, "minimum_phonon": 6.948139578358742e-11}
{"event": "RHS", "evaluations": 200, "elapsed_seconds": 236.94913379009813, "t_rhs": 0.61875, "amplitudes": [0.6554848167526028, 0.9634033066581765], "minimum_electron": 4.538286666683563e-15, "maximum_electron": 0.49601305483920727, "minimum_phonon": 4.904004068408402e-10}
{"event": "RHS", "evaluations": 300, "elapsed_seconds": 354.9261896908283, "t_rhs": 0.93125, "amplitudes": [0.6877627627306578, 0.9686190482690283], "minimum_electron": 1.0363156663055115e-14, "maximum_electron": 0.49590028956833165, "minimum_phonon": 1.4187781122984169e-09}
{"event": "RHS", "evaluations": 400, "elapsed_seconds": 472.812408846803, "t_rhs": 1.2437500000000001, "amplitudes": [0.7117242119858139, 0.9724222289576814], "minimum_electron": 1.515741106590964e-14, "maximum_electron": 0.4957859752241313, "minimum_phonon": 3.054613748464784e-09}
{"event": "RHS", "evaluations": 500, "elapsed_seconds": 590.588107552845, "t_rhs": 1.5562500000000001, "amplitudes": [0.7299156929773007, 0.9748778659757421], "minimum_electron": 1.756790510934704e-14, "maximum_electron": 0.49568009399388824, "minimum_phonon": 5.2390104352402315e-09}
{"event": "RHS", "evaluations": 600, "elapsed_seconds": 708.2809370867908, "t_rhs": 1.8687500000000001, "amplitudes": [0.7440432427925621, 0.9761323607661706], "minimum_electron": 1.781333510164518e-14, "maximum_electron": 0.4955854954276319, "minimum_phonon": 8.33289246949697e-09}
{
  "status": "COMPLETED_NOT_YET_ADJUDICATED",
  "runtime_seconds": 769.7674727397971,
  "energy_ledger_scaled_max": 4.1490533231325344e-11,
  "instantaneous_residual_max": 1.578858571660291e-14,
  "rhs_calls": 652,
  "final": {
    "amplitudes": [
      0.7490584595063149,
      0.9763435954034196
    ],
    "electron_energy": [
      0.039683059132266885,
      -0.43766798939033985
    ],
    "excitation_energy": [
      0.48234729730792036,
      0.06177682438844506
    ],
    "phonon_energy": [
      0.11039877698349024,
      0.0025863021827849113
    ],
    "temperatures": [
      0.40762696820664546,
      0.25148400798589304
    ],
    "forces": [
      -0.049974604487109664,
      -0.0024433801549353443
    ],
    "escape": [
      0.016347338061414567,
      2.97266249793609e-05
    ],
    "input": [
      0.020000000000000014,
      0.0
    ],
    "electron_to_phonon": [
      -0.02514751076275963,
      0.0007224030000998218
    ],
    "condensate_heat": [
      0.03247301978908412,
      0.0015240010270871841
    ],
    "transport": 0.0599416847566188,
    "total": -0.2849998510917978,
    "conserved": -0.2886227864054039,
    "minimum_electron": 1.7459215026870443e-14,
    "maximum_electron": 0.4955492183995295,
    "minimum_phonon": 1.0012308318421052e-08
  }
}
{"event": "STOP", "elapsed_seconds": 769.7773224608973}
