Traceback (most recent call last):
  File "/home/jdiaz/pysnspd/sandbox/stage2_cells/closure_prep_20260922/isolated_checks.py", line 301, in <module>
    main()
  File "/home/jdiaz/pysnspd/sandbox/stage2_cells/closure_prep_20260922/isolated_checks.py", line 297, in main
    run()
  File "/home/jdiaz/pysnspd/sandbox/stage2_cells/closure_prep_20260922/isolated_checks.py", line 258, in run
    record, _ = save_case(name, system, initial, .02, 20)
  File "/home/jdiaz/pysnspd/sandbox/stage2_cells/closure_prep_20260922/isolated_checks.py", line 209, in save_case
    write_new(OUT/f'isolated_{name}.json', record)
  File "/home/jdiaz/pysnspd/sandbox/stage2_cells/closure_prep_20260922/isolated_checks.py", line 45, in write_new
    json.dump(value, f, indent=2, allow_nan=False)
  File "/home/jdiaz/.conda/envs/snspd/lib/python3.10/json/__init__.py", line 179, in dump
    for chunk in iterable:
  File "/home/jdiaz/.conda/envs/snspd/lib/python3.10/json/encoder.py", line 431, in _iterencode
    yield from _iterencode_dict(o, _current_indent_level)
  File "/home/jdiaz/.conda/envs/snspd/lib/python3.10/json/encoder.py", line 405, in _iterencode_dict
    yield from chunks
  File "/home/jdiaz/.conda/envs/snspd/lib/python3.10/json/encoder.py", line 405, in _iterencode_dict
    yield from chunks
  File "/home/jdiaz/.conda/envs/snspd/lib/python3.10/json/encoder.py", line 438, in _iterencode
    o = _default(o)
  File "/home/jdiaz/.conda/envs/snspd/lib/python3.10/json/encoder.py", line 179, in default
    raise TypeError(f'Object of type {o.__class__.__name__} '
TypeError: Object of type bool is not JSON serializable
