{"event": "limited_ssp_progress", "macrostep": 1, "time": 0.05, "steps": 40, "limited_event_evaluations": 0, "integrated_absolute_extent_defect": 0.0, "integrated_energy_weighted_flux_defect": 0.0, "minimum_event_factor": 1.0, "elapsed_seconds": 0.8216798058710992}
{"event": "limited_ssp_progress", "macrostep": 10, "time": 0.5, "steps": 40, "limited_event_evaluations": 0, "integrated_absolute_extent_defect": 0.0, "integrated_energy_weighted_flux_defect": 0.0, "minimum_event_factor": 1.0, "elapsed_seconds": 6.2669600821100175}
{"event": "limited_ssp_progress", "macrostep": 20, "time": 1.0, "steps": 40, "limited_event_evaluations": 0, "integrated_absolute_extent_defect": 0.0, "integrated_energy_weighted_flux_defect": 0.0, "minimum_event_factor": 1.0, "elapsed_seconds": 12.265859685838223}
{"event": "limited_ssp_progress", "macrostep": 30, "time": 1.5, "steps": 40, "limited_event_evaluations": 0, "integrated_absolute_extent_defect": 0.0, "integrated_energy_weighted_flux_defect": 0.0, "minimum_event_factor": 1.0, "elapsed_seconds": 18.25395636400208}
{"event": "limited_ssp_progress", "macrostep": 40, "time": 2.0, "steps": 40, "limited_event_evaluations": 0, "integrated_absolute_extent_defect": 0.0, "integrated_energy_weighted_flux_defect": 0.0, "minimum_event_factor": 1.0, "elapsed_seconds": 24.212128154933453}
{
  "status": "COMPLETED_NOT_YET_ADJUDICATED",
  "runtime_seconds": 25.795089866034687,
  "energy_ledger_scaled_max": 3.6522386154258513e-06,
  "instantaneous_residual_max": 1.6028844918025698e-15,
  "rhs_calls": 132,
  "final": {
    "amplitudes": [
      0.759346102747579
    ],
    "electron_energy": [
      0.09110428547330068
    ],
    "excitation_energy": [
      0.5381459281167879
    ],
    "phonon_energy": [
      0.13242021031726328
    ],
    "temperatures": [
      0.42639897961804574
    ],
    "forces": [
      -0.01734797678262645
    ],
    "escape": [
      0.0
    ],
    "input": [
      0.0
    ],
    "electron_to_phonon": [
      -0.019473415490400763
    ],
    "condensate_heat": [
      0.028231553913499845
    ],
    "transport": 0.0,
    "total": 0.22352449579056397,
    "conserved": 0.22352449579056397,
    "minimum_electron": 2.624971889659282e-12,
    "maximum_electron": 0.49025630865423975,
    "minimum_phonon": 0.00042719027782606113
  }
}
{"event": "INTEGRATION_RECORD_SAVED", "status": "COMPLETED_NOT_YET_ADJUDICATED", "output": "/home/jdiaz/pysnspd/tmp/stage2_recovery_20260921_ssp/one_ssp_40.json", "elapsed_seconds": 25.798427247907966}
